4ï¿½ï¿½}ï¿½ï¿½ï¿½ï¿½ESP-ROM:esp32s3-20210327
Build:Mar 27 2021
rst:0x1 (POWERON),boot:0x8 (SPI_FAST_FLASH_BOOT)
SPIWP:0xee
mode:DIO, clock div:1
load:0x3fce3810,len:0x178c
load:0x403c9700,len:0x4
load:0x403c9704,len:0xcb8
load:0x403cc700,len:0x2d84
entry 0x403c9914
[0;32mI (27) boot: ESP-IDF v5.3-dev-422-ga7fbf452fa-dirty 2nd stage bootloader[0m
[0;32mI (27) boot: compile time Dec  2 2023 23:22:37[0m
[0;32mI (28) boot: Multicore bootloader[0m
[0;32mI (32) boot: chip revision: v0.1[0m
[0;32mI (36) boot.esp32s3: Boot SPI Speed : 80MHz[0m
[0;32mI (41) boot.esp32s3: SPI Mode       : DIO[0m
[0;32mI (45) boot.esp32s3: SPI Flash Size : 8MB[0m
[0;32mI (50) boot: Enabling RNG early entropy source...[0m
[0;32mI (55) boot: Partition Table:[0m
[0;32mI (59) boot: ## Label            Usage          Type ST Offset   Length[0m
[0;32mI (66) boot:  0 nvs              WiFi data        01 02 00009000 00006000[0m
[0;32mI (74) boot:  1 phy_init         RF data          01 01 0000f000 00001000[0m
[0;32mI (81) boot:  2 factory          factory app      00 00 00010000 00100000[0m
[0;32mI (89) boot: End of partition table[0m
[0;32mI (93) esp_image: segment 0: paddr=00010020 vaddr=3c090020 size=233ach (144300) map[0m
[0;32mI (127) esp_image: segment 1: paddr=000333d4 vaddr=3fc97d00 size=04634h ( 17972) load[0m
[0;32mI (131) esp_image: segment 2: paddr=00037a10 vaddr=40374000 size=08608h ( 34312) load[0m
[0;32mI (141) esp_image: segment 3: paddr=00040020 vaddr=42000020 size=83224h (537124) map[0m
[0;32mI (238) esp_image: segment 4: paddr=000c324c vaddr=4037c608 size=0b63ch ( 46652) load[0m
[0;32mI (256) boot: Loaded app from partition at offset 0x10000[0m
[0;32mI (257) boot: Disabling RNG early entropy source...[0m
[0;32mI (268) cpu_start: Multicore app[0m
[0;32mI (278) cpu_start: Pro cpu start user code[0m
[0;32mI (278) cpu_start: cpu freq: 160000000 Hz[0m
[0;32mI (278) cpu_start: Application information:[0m
[0;32mI (281) cpu_start: Project name:     http_request[0m
[0;32mI (286) cpu_start: App version:      v5.3-dev-422-ga7fbf452fa-dirty[0m
[0;32mI (293) cpu_start: Compile time:     Dec  2 2023 23:52:05[0m
[0;32mI (299) cpu_start: ELF file SHA256:  155a29827...[0m
[0;32mI (304) cpu_start: ESP-IDF:          v5.3-dev-422-ga7fbf452fa-dirty[0m
[0;32mI (311) cpu_start: Min chip rev:     v0.0[0m
[0;32mI (316) cpu_start: Max chip rev:     v0.99 [0m
[0;32mI (321) cpu_start: Chip rev:         v0.1[0m
[0;32mI (326) heap_init: Initializing. RAM available for dynamic allocation:[0m
[0;32mI (333) heap_init: At 3FCA02B8 len 00049458 (293 KiB): RAM[0m
[0;32mI (339) heap_init: At 3FCE9710 len 00005724 (21 KiB): RAM[0m
[0;32mI (345) heap_init: At 3FCF0000 len 00008000 (32 KiB): DRAM[0m
[0;32mI (351) heap_init: At 600FE010 len 00001FD8 (7 KiB): RTCRAM[0m
[0;32mI (359) spi_flash: detected chip: gd[0m
[0;32mI (362) spi_flash: flash io: dio[0m
[0;32mI (366) sleep: Configure to isolate all GPIO pins in sleep state[0m
[0;32mI (373) sleep: Enable automatic switching of GPIO sleep configuration[0m
[0;32mI (380) main_task: Started on CPU0[0m
[0;32mI (390) main_task: Calling app_main()[0m
[0;32mI (410) example_connect: Start example_connect.[0m
[0;32mI (410) pp: pp rom version: e7ae62f[0m
[0;32mI (420) net80211: net80211 rom version: e7ae62f[0m
I (430) wifi:wifi driver task: 3fcaa0d0, prio:23, stack:6656, core=0
I (430) wifi:wifi firmware version: 639ccf2
I (430) wifi:wifi certification version: v7.0
I (430) wifi:config NVS flash: enabled
I (440) wifi:config nano formating: disabled
I (440) wifi:Init data frame dynamic rx buffer num: 32
I (440) wifi:Init static rx mgmt buffer num: 5
I (450) wifi:Init management short buffer num: 32
I (450) wifi:Init dynamic tx buffer num: 32
I (460) wifi:Init static tx FG buffer num: 2
I (460) wifi:Init static rx buffer size: 1600
I (470) wifi:Init static rx buffer num: 10
I (470) wifi:Init dynamic rx buffer num: 32
[0;32mI (470) wifi_init: rx ba win: 6[0m
[0;32mI (480) wifi_init: tcpip mbox: 32[0m
[0;32mI (480) wifi_init: udp mbox: 6[0m
[0;32mI (480) wifi_init: tcp mbox: 6[0m
[0;32mI (490) wifi_init: tcp tx win: 5760[0m
[0;32mI (490) wifi_init: tcp rx win: 5760[0m
[0;32mI (500) wifi_init: tcp mss: 1440[0m
[0;32mI (500) wifi_init: WiFi IRAM OP enabled[0m
[0;32mI (500) wifi_init: WiFi RX IRAM OP enabled[0m
[0;32mI (510) phy_init: phy_version 620,ec7ec30,Sep  5 2023,13:49:13[0m
I (560) wifi:mode : sta (34:85:18:a6:72:3c)
I (560) wifi:enable tsf
[0;32mI (560) example_connect: Connecting to Corgi_A53...[0m
[0;32mI (560) example_connect: Waiting for IP(s)[0m
I (2970) wifi:new:<1,0>, old:<1,0>, ap:<255,255>, sta:<1,0>, prof:1
I (3470) wifi:state: init -> auth (b0)
I (3500) wifi:state: auth -> assoc (0)
I (3510) wifi:state: assoc -> run (10)
I (3530) wifi:connected with Corgi_A53, aid = 4, channel 1, BW20, bssid = 9e:b5:60:ba:ba:94
I (3530) wifi:security: WPA2-PSK, phy: bgn, rssi: -34
I (3530) wifi:pm start, type: 1

I (3540) wifi:dp: 1, bi: 102400, li: 3, scale listen interval from 307200 us to 307200 us
I (3550) wifi:set rx beacon pti, rx_bcn_pti: 0, bcn_timeout: 25000, mt_pti: 0, mt_time: 10000
I (3550) wifi:<ba-add>idx:0 (ifx:0, 9e:b5:60:ba:ba:94), tid:0, ssn:0, winSize:64
I (3600) wifi:dp: 2, bi: 102400, li: 4, scale listen interval from 307200 us to 409600 us
I (3600) wifi:AP's beacon interval = 102400 us, DTIM period = 2
[0;32mI (4560) esp_netif_handlers: example_netif_sta ip: 192.168.37.37, mask: 255.255.255.0, gw: 192.168.37.124[0m
[0;32mI (4560) example_connect: Got IPv4 event: Interface "example_netif_sta" address: 192.168.37.37[0m
[0;32mI (5410) example_connect: Got IPv6 event: Interface "example_netif_sta" address: fe80:0000:0000:0000:3685:18ff:fea6:723c, type: ESP_IP6_ADDR_IS_LINK_LOCAL[0m
[0;32mI (5410) example_common: Connected to example_netif_sta[0m
[0;32mI (5420) example_common: - IPv4 address: 192.168.37.37,[0m
[0;32mI (5420) example_common: - IPv6 address: fe80:0000:0000:0000:3685:18ff:fea6:723c, type: ESP_IP6_ADDR_IS_LINK_LOCAL[0m
[0;32mI (5430) main_task: Returned from app_main()[0m
[0;32mI (5430) example: DNS lookup succeeded. IP=192.168.37.197[0m
[0;32mI (5440) example: ... allocated socket[0m
addr=192.168.37.197, len=28
[0;31mE (23700) example: ... socket connect failed errno=113[0m
[0;32mI (27700) example: DNS lookup succeeded. IP=192.168.37.197[0m
[0;32mI (27700) example: ... allocated socket[0m
addr=192.168.37.197, len=28
[0;31mE (46200) example: ... socket connect failed errno=113[0m
[0;32mI (50200) example: DNS lookup succeeded. IP=192.168.37.197[0m
[0;32mI (50200) example: ... allocated socket[0m
addr=192.168.37.197, len=28
[0;31mE (68700) example: ... socket connect failed errno=113[0m
[0;32mI (72700) example: DNS lookup succeeded. IP=192.168.37.197[0m
[0;32mI (72700) example: ... allocated socket[0m
