[0;32mI (2ï¿½ESP-ROM:esp32s3-20210327
Build:Mar 27 2021
rst:0x1 (POWERON),boot:0x8 (SPI_FAST_FLASH_BOOT)
SPIWP:0xee
mode:DIO, clock div:1
load:0x3fce3810,len:0x178c
load:0x403c9700,len:0x4
load:0x403c9704,len:0xcb8
load:0x403cc700,len:0x2d84
entry 0x403c9914
[0;32mI (27) boot: ESP-IDF v5.3-dev-422-ga7fbf452fa-dirty 2nd stage bootloader[0m
[0;32mI (27) boot: compile time Dec  2 2023 23:08:02[0m
[0;32mI (28) boot: Multicore bootloader[0m
[0;32mI (32) boot: chip revision: v0.1[0m
[0;32mI (36) boot.esp32s3: Boot SPI Speed : 80MHz[0m
[0;32mI (41) boot.esp32s3: SPI Mode       : DIO[0m
[0;32mI (45) boot.esp32s3: SPI Flash Size : 2MB[0m
[0;32mI (50) boot: Enabling RNG early entropy source...[0m
[0;32mI (55) boot: Partition Table:[0m
[0;32mI (59) boot: ## Label            Usage          Type ST Offset   Length[0m
[0;32mI (66) boot:  0 nvs              WiFi data        01 02 00009000 00006000[0m
[0;32mI (74) boot:  1 phy_init         RF data          01 01 0000f000 00001000[0m
[0;32mI (81) boot:  2 factory          factory app      00 00 00010000 00100000[0m
[0;32mI (89) boot: End of partition table[0m
[0;32mI (93) esp_image: segment 0: paddr=00010020 vaddr=3c090020 size=2338ch (144268) map[0m
[0;32mI (127) esp_image: segment 1: paddr=000333b4 vaddr=3fc97d00 size=04634h ( 17972) load[0m
[0;32mI (131) esp_image: segment 2: paddr=000379f0 vaddr=40374000 size=08628h ( 34344) load[0m
[0;32mI (141) esp_image: segment 3: paddr=00040020 vaddr=42000020 size=83210h (537104) map[0m
[0;32mI (238) esp_image: segment 4: paddr=000c3238 vaddr=4037c628 size=0b61ch ( 46620) load[0m
[0;32mI (256) boot: Loaded app from partition at offset 0x10000[0m
[0;32mI (257) boot: Disabling RNG early entropy source...[0m
[0;32mI (268) cpu_start: Multicore app[0m
[0;32mI (278) cpu_start: Pro cpu start user code[0m
[0;32mI (278) cpu_start: cpu freq: 160000000 Hz[0m
[0;32mI (278) cpu_start: Application information:[0m
[0;32mI (281) cpu_start: Project name:     http_request[0m
[0;32mI (286) cpu_start: App version:      v5.3-dev-422-ga7fbf452fa-dirty[0m
[0;32mI (293) cpu_start: Compile time:     Dec  2 2023 23:07:44[0m
[0;32mI (299) cpu_start: ELF file SHA256:  78ee6cff6...[0m
[0;32mI (304) cpu_start: ESP-IDF:          v5.3-dev-422-ga7fbf452fa-dirty[0m
[0;32mI (311) cpu_start: Min chip rev:     v0.0[0m
[0;32mI (316) cpu_start: Max chip rev:     v0.99 [0m
[0;32mI (321) cpu_start: Chip rev:         v0.1[0m
[0;32mI (326) heap_init: Initializing. RAM available for dynamic allocation:[0m
[0;32mI (333) heap_init: At 3FCA02B8 len 00049458 (293 KiB): RAM[0m
[0;32mI (339) heap_init: At 3FCE9710 len 00005724 (21 KiB): RAM[0m
[0;32mI (345) heap_init: At 3FCF0000 len 00008000 (32 KiB): DRAM[0m
[0;32mI (351) heap_init: At 600FE010 len 00001FD8 (7 KiB): RTCRAM[0m
[0;32mI (358) spi_flash: detected chip: gd[0m
[0;32mI (362) spi_flash: flash io: dio[0m
[0;33mW (366) spi_flash: Detected size(8192k) larger than the size in the binary image header(2048k). Using the size in the binary image header.[0m
[0;32mI (379) sleep: Configure to isolate all GPIO pins in sleep state[0m
[0;32mI (386) sleep: Enable automatic switching of GPIO sleep configuration[0m
[0;32mI (393) main_task: Started on CPU0[0m
[0;32mI (403) main_task: Calling app_main()[0m
[0;32mI (423) example_connect: Start example_connect.[0m
[0;32mI (423) pp: pp rom version: e7ae62f[0m
[0;32mI (433) net80211: net80211 rom version: e7ae62f[0m
I (443) wifi:wifi driver task: 3fcaa0d0, prio:23, stack:6656, core=0
I (443) wifi:wifi firmware version: 639ccf2
I (443) wifi:wifi certification version: v7.0
I (443) wifi:config NVS flash: enabled
I (453) wifi:config nano formating: disabled
I (453) wifi:Init data frame dynamic rx buffer num: 32
I (453) wifi:Init static rx mgmt buffer num: 5
I (463) wifi:Init management short buffer num: 32
I (463) wifi:Init dynamic tx buffer num: 32
I (473) wifi:Init static tx FG buffer num: 2
I (473) wifi:Init static rx buffer size: 1600
I (483) wifi:Init static rx buffer num: 10
I (483) wifi:Init dynamic rx buffer num: 32
[0;32mI (483) wifi_init: rx ba win: 6[0m
[0;32mI (493) wifi_init: tcpip mbox: 32[0m
[0;32mI (493) wifi_init: udp mbox: 6[0m
[0;32mI (493) wifi_init: tcp mbox: 6[0m
[0;32mI (503) wifi_init: tcp tx win: 5760[0m
[0;32mI (503) wifi_init: tcp rx win: 5760[0m
[0;32mI (513) wifi_init: tcp mss: 1440[0m
[0;32mI (513) wifi_init: WiFi IRAM OP enabled[0m
[0;32mI (513) wifi_init: WiFi RX IRAM OP enabled[0m
[0;32mI (523) phy_init: phy_version 620,ec7ec30,Sep  5 2023,13:49:13[0m
I (573) wifi:mode : sta (34:85:18:a6:72:3c)
I (573) wifi:enable tsf
[0;32mI (573) example_connect: Connecting to 513handsome_man...[0m
[0;32mI (573) example_connect: Waiting for IP(s)[0m
I (2983) wifi:new:<3,1>, old:<1,0>, ap:<255,255>, sta:<3,1>, prof:1
I (3483) wifi:state: init -> auth (b0)
I (3493) wifi:state: auth -> assoc (0)
I (3493) wifi:state: assoc -> run (10)
I (3503) wifi:<ba-add>idx:0 (ifx:0, 40:b0:76:c5:4d:48), tid:0, ssn:0, winSize:64
I (3513) wifi:connected with 513handsome_man, aid = 1, channel 3, 40U, bssid = 40:b0:76:c5:4d:48
I (3513) wifi:security: WPA2-PSK, phy: bgn, rssi: -52
I (3513) wifi:pm start, type: 1

I (3513) wifi:dp: 1, bi: 102400, li: 3, scale listen interval from 307200 us to 307200 us
I (3523) wifi:set rx beacon pti, rx_bcn_pti: 0, bcn_timeout: 25000, mt_pti: 0, mt_time: 10000
I (3563) wifi:AP's beacon interval = 102400 us, DTIM period = 3
[0;32mI (4533) esp_netif_handlers: example_netif_sta ip: 192.168.50.121, mask: 255.255.255.0, gw: 192.168.50.1[0m
[0;32mI (4533) example_connect: Got IPv4 event: Interface "example_netif_sta" address: 192.168.50.121[0m
[0;32mI (5423) example_connect: Got IPv6 event: Interface "example_netif_sta" address: fe80:0000:0000:0000:3685:18ff:fea6:723c, type: ESP_IP6_ADDR_IS_LINK_LOCAL[0m
[0;32mI (5423) example_common: Connected to example_netif_sta[0m
[0;32mI (5433) example_common: - IPv4 address: 192.168.50.121,[0m
[0;32mI (5433) example_common: - IPv6 address: fe80:0000:0000:0000:3685:18ff:fea6:723c, type: ESP_IP6_ADDR_IS_LINK_LOCAL[0m
[0;32mI (5443) example: DNS lookup succeeded. IP=192.168.50.120[0m
[0;32mI (5453) example: ... allocated socket[0m
[0;32mI (5463) main_task: Returned from app_main()[0m
[0;31mE (23703) example: ... socket connect failed errno=113[0m
