ets Jun  8 2016 00:22:57

rst:0x1 (POWERON_RESET),boot:0x13 (SPI_FAST_FLASH_BOOT)
configsip: 0, SPIWP:0xee
clk_drv:0x00,q_drv:0x00,d_drv:0x00,cs0_drv:0x00,hd_drv:0x00,wp_drv:0x00
mode:DIO, clock div:1
load:0x3fff0030,len:7140
load:0x40078000,len:15512
load:0x40080400,len:4
load:0x40080404,len:3904
entry 0x40080640
[0;32mI (29) boot: ESP-IDF v5.3-dev-422-ga7fbf452fa-dirty 2nd stage bootloader[0m
[0;32mI (29) boot: compile time Dec 19 2023 22:47:32[0m
[0;32mI (31) boot: Multicore bootloader[0m
[0;32mI (35) boot: chip revision: v1.0[0m
[0;32mI (39) boot.esp32: SPI Speed      : 80MHz[0m
[0;32mI (43) boot.esp32: SPI Mode       : DIO[0m
[0;32mI (48) boot.esp32: SPI Flash Size : 4MB[0m
[0;32mI (52) boot: Enabling RNG early entropy source...[0m
[0;32mI (58) boot: Partition Table:[0m
[0;32mI (61) boot: ## Label            Usage          Type ST Offset   Length[0m
[0;32mI (69) boot:  0 nvs              WiFi data        01 02 00009000 00006000[0m
[0;32mI (76) boot:  1 phy_init         RF data          01 01 0000f000 00001000[0m
[0;32mI (84) boot:  2 factory          factory app      00 00 00010000 00100000[0m
[0;32mI (91) boot: End of partition table[0m
[0;32mI (95) esp_image: segment 0: paddr=00010020 vaddr=3f400020 size=19each (106156) map[0m
[0;32mI (134) esp_image: segment 1: paddr=00029ed4 vaddr=3ffb0000 size=032fch ( 13052) load[0m
[0;32mI (138) esp_image: segment 2: paddr=0002d1d8 vaddr=40080000 size=02e40h ( 11840) load[0m
[0;32mI (144) esp_image: segment 3: paddr=00030020 vaddr=400d0020 size=3c9dch (248284) map[0m
[0;32mI (218) esp_image: segment 4: paddr=0006ca04 vaddr=40082e40 size=15a3ch ( 88636) load[0m
[0;32mI (260) boot: Loaded app from partition at offset 0x10000[0m
[0;32mI (260) boot: Disabling RNG early entropy source...[0m
[0;32mI (272) cpu_start: Multicore app[0m
[0;32mI (272) quad_psram: This chip is ESP32-D0WD[0m
[0;32mI (273) esp_psram: Found 8MB PSRAM device[0m
[0;32mI (274) esp_psram: Speed: 40MHz[0m
[0;32mI (278) esp_psram: PSRAM initialized, cache is in low/high (2-core) mode.[0m
[0;33mW (285) esp_psram: Virtual address not enough for PSRAM, map as much as we can. 4MB is mapped[0m
D (294) cpu_start: Pro cpu up[0m
D (297) cpu_start: Starting app cpu, entry point is 0x40081534[0m
D (0) cpu_start: App cpu up[0m
[0;32mI (1205) esp_psram: SPI SRAM memory test OK[0m
D (1213) clk: RTC_SLOW_CLK calibration value: 3293312[0m
[0;32mI (1218) cpu_start: Pro cpu start user code[0m
[0;32mI (1218) cpu_start: cpu freq: 160000000 Hz[0m
[0;32mI (1218) cpu_start: Application information:[0m
[0;32mI (1223) cpu_start: Project name:     esp32_cam_sd_jpg[0m
[0;32mI (1229) cpu_start: App version:      f78be4c-dirty[0m
[0;32mI (1235) cpu_start: Compile time:     Dec 19 2023 22:47:18[0m
[0;32mI (1241) cpu_start: ELF file SHA256:  a24fc6215...[0m
[0;32mI (1246) cpu_start: ESP-IDF:          v5.3-dev-422-ga7fbf452fa-dirty[0m
[0;32mI (1253) cpu_start: Min chip rev:     v0.0[0m
[0;32mI (1258) cpu_start: Max chip rev:     v3.99 [0m
[0;32mI (1263) cpu_start: Chip rev:         v1.0[0m
D (1268) memory_layout: Checking 10 reserved memory ranges:[0m
D (1273) memory_layout: Reserved memory range 0x3f800000 - 0x3fc00000[0m
D (1280) memory_layout: Reserved memory range 0x3ff82000 - 0x3ff82000[0m
D (1286) memory_layout: Reserved memory range 0x3ffae000 - 0x3ffae6e0[0m
D (1293) memory_layout: Reserved memory range 0x3ffb0000 - 0x3ffb3dc8[0m
D (1299) memory_layout: Reserved memory range 0x3ffe0000 - 0x3ffe0440[0m
D (1306) memory_layout: Reserved memory range 0x3ffe3f20 - 0x3ffe4350[0m
D (1312) memory_layout: Reserved memory range 0x40070000 - 0x40078000[0m
D (1319) memory_layout: Reserved memory range 0x40078000 - 0x40080000[0m
D (1325) memory_layout: Reserved memory range 0x40080000 - 0x4009887c[0m
D (1332) memory_layout: Reserved memory range 0x50001fe8 - 0x50002000[0m
D (1338) memory_layout: Building list of available memory regions:[0m
D (1345) memory_layout: Available memory region 0x3ffae6e0 - 0x3ffb0000[0m
D (1351) memory_layout: Available memory region 0x3ffb3dc8 - 0x3ffb8000[0m
D (1358) memory_layout: Available memory region 0x3ffb8000 - 0x3ffc0000[0m
D (1365) memory_layout: Available memory region 0x3ffc0000 - 0x3ffc2000[0m
D (1371) memory_layout: Available memory region 0x3ffc2000 - 0x3ffc4000[0m
D (1378) memory_layout: Available memory region 0x3ffc4000 - 0x3ffc6000[0m
D (1385) memory_layout: Available memory region 0x3ffc6000 - 0x3ffc8000[0m
D (1392) memory_layout: Available memory region 0x3ffc8000 - 0x3ffca000[0m
D (1398) memory_layout: Available memory region 0x3ffca000 - 0x3ffcc000[0m
D (1405) memory_layout: Available memory region 0x3ffcc000 - 0x3ffce000[0m
D (1412) memory_layout: Available memory region 0x3ffce000 - 0x3ffd0000[0m
D (1418) memory_layout: Available memory region 0x3ffd0000 - 0x3ffd2000[0m
D (1425) memory_layout: Available memory region 0x3ffd2000 - 0x3ffd4000[0m
D (1432) memory_layout: Available memory region 0x3ffd4000 - 0x3ffd6000[0m
D (1438) memory_layout: Available memory region 0x3ffd6000 - 0x3ffd8000[0m
D (1445) memory_layout: Available memory region 0x3ffd8000 - 0x3ffda000[0m
D (1452) memory_layout: Available memory region 0x3ffda000 - 0x3ffdc000[0m
D (1458) memory_layout: Available memory region 0x3ffdc000 - 0x3ffde000[0m
D (1465) memory_layout: Available memory region 0x3ffde000 - 0x3ffe0000[0m
D (1472) memory_layout: Available memory region 0x3ffe0440 - 0x3ffe3f20[0m
D (1478) memory_layout: Available memory region 0x3ffe4350 - 0x3ffe8000[0m
D (1485) memory_layout: Available memory region 0x3ffe8000 - 0x3fff0000[0m
D (1492) memory_layout: Available memory region 0x3fff0000 - 0x3fff8000[0m
D (1498) memory_layout: Available memory region 0x3fff8000 - 0x3fffc000[0m
D (1505) memory_layout: Available memory region 0x3fffc000 - 0x40000000[0m
D (1512) memory_layout: Available memory region 0x4009887c - 0x4009a000[0m
D (1519) memory_layout: Available memory region 0x4009a000 - 0x4009c000[0m
D (1525) memory_layout: Available memory region 0x4009c000 - 0x4009e000[0m
D (1532) memory_layout: Available memory region 0x4009e000 - 0x400a0000[0m
[0;32mI (1539) heap_init: Initializing. RAM available for dynamic allocation:[0m
D (1546) heap_init: New heap initialised at 0x3ffae6e0[0m
[0;32mI (1551) heap_init: At 3FFAE6E0 len 00001920 (6 KiB): DRAM[0m
D (1557) heap_init: New heap initialised at 0x3ffb3dc8[0m
[0;32mI (1562) heap_init: At 3FFB3DC8 len 0002C238 (176 KiB): DRAM[0m
[0;32mI (1569) heap_init: At 3FFE0440 len 00003AE0 (14 KiB): D/IRAM[0m
[0;32mI (1575) heap_init: At 3FFE4350 len 0001BCB0 (111 KiB): D/IRAM[0m
D (1582) heap_init: New heap initialised at 0x4009887c[0m
[0;32mI (1587) heap_init: At 4009887C len 00007784 (29 KiB): IRAM[0m
[0;32mI (1594) esp_psram: Adding pool of 4096K of PSRAM memory to heap allocator[0m
D (1601) intr_alloc: Connected src 46 to int 2 (cpu 0)[0m
D (1607) spi_flash: trying chip: issi[0m
D (1610) spi_flash: trying chip: gd[0m
D (1613) spi_flash: trying chip: mxic[0m
D (1617) spi_flash: trying chip: winbond[0m
D (1621) spi_flash: trying chip: generic[0m
[0;32mI (1625) spi_flash: detected chip: generic[0m
[0;32mI (1630) spi_flash: flash io: dio[0m
D (1634) cpu_start: calling init function: 0x400facac[0m
D (1639) cpu_start: calling init function: 0x400fa720[0m
D (1644) cpu_start: calling init function: 0x400f6b78[0m
[0;33mW (1649) i2c: This driver is an old driver, please migrate your application code to adapt `driver/i2c_master.h`[0m
D (1660) cpu_start: calling init function: 0x400eec24[0m
D (1665) cpu_start: calling init function: 0x4008d1c8[0m
D (1670) cpu_start: calling init function: 0x400d2dbc[0m
D (1675) stack_chk: Intialize random stack guard[0m
D (1680) cpu_start: calling init function: 0x400d2580[0m
D (1685) cpu_start: calling init function: 0x400d6a34 on core: 0[0m
D (1691) intr_alloc: Connected src 17 to int 3 (cpu 0)[0m
D (1696) cpu_start: calling init function: 0x4010ac1c on core: 0[0m
D (1703) intr_alloc: Connected src 24 to int 9 (cpu 0)[0m
D (1708) app_start: Starting scheduler on CPU0[0m
[0;D (1712) intr_alloc: Connected src 25 to int 2 (cpu 1)[0m
D (1712) app_start: Starting scheduler on CPU1[0m
32mI (1712) main_task: Started on CPU0[0m
D (1732) heap_init: New heap initialised at 0x3ffe0440[0m
D (1732) heap_init: New heap initialised at 0x3ffe4350[0m
[0;32mI (1732) esp_psram: Reserving pool of 32K of internal memory for DMA/internal allocations[0m
D (1742) esp_psram: Allocating block of size 32768 bytes[0m
D (1742) intr_alloc: Connected src 16 to int 12 (cpu 0)[0m
[0;32mI (1752) main_task: Calling app_main()[0m
[0;32mI (1752) SD_Karte_SPEICHERN: Mounting SD card...[0m
D (1762) sdmmc_periph: peripheral version 5342270a, hardware config 03c44c83[0m
D (1772) intr_alloc: Connected src 37 to int 13 (cpu 0)[0m
[0;32mI (1772) gpio: GPIO[13]| InputEn: 0| OutputEn: 1| OpenDrain: 0| Pullup: 0| Pulldown: 0| Intr:0 [0m
D (1782) sdmmc_periph: slot=1 host_div=10 card_div=20 freq=400kHz (max 400kHz)[0m
D (1792) sdmmc_periph: slot=1 width=1[0m
D (1792) sdmmc_req: process_command_response: error 0x107  (status=00000100)[0m
D (1822) sdmmc_req: process_command_response: error 0x107  (status=00000100)[0m
D (1822) sdmmc_sd: CMD8 timeout; not an SD v2.00 card[0m
D (1822) sdmmc_req: process_command_response: error 0x107  (status=00000100)[0m
D (1822) sdmmc_io: sdmmc_init_io: io_send_op_cond (1) returned 0x107; not IO card[0m
D (1832) sdmmc_req: process_command_response: error 0x107  (status=00000100)[0m
D (1842) sdmmc_req: process_command_response: error 0x107  (status=00000100)[0m
D (1852) sdmmc_req: process_command_response: error 0x107  (status=00000100)[0m
D (1852) sdmmc_cmd: sdmmc_send_cmd_send_op_cond: sdmmc_send_app_cmd err=0x107[0m
D (1862) sdmmc_common: send_op_cond timeout, trying MMC[0m
D (1872) sdmmc_req: process_command_response: error 0x107  (status=00000100)[0m
D (1872) sdmmc_req: process_command_response: error 0x107  (status=00000100)[0m
D (1882) sdmmc_req: process_command_response: error 0x107  (status=00000100)[0m
D (1892) sdmmc_cmd: sdmmc_send_cmd_send_op_cond: sdmmc_send_app_cmd err=0x107[0m
[0;31mE (1892) sdmmc_common: sdmmc_init_ocr: send_op_cond (1) returned 0x107[0m
D (1902) sdmmc_init: sdmmc_card_init: sdmmc_init_ocr returned 0x107[0m
[0;31mE (1912) vfs_fat_sdmmc: sdmmc_card_init failed (0x107).[0m
[0;32mI (1912) SD_Karte_SPEICHERN: INit sdcard success
[0m
[0;32mI (1922) gpio: GPIO[25]| InputEn: 1| OutputEn: 0| OpenDrain: 0| Pullup: 1| Pulldown: 0| Intr:2 [0m
D (1932) intr_alloc: Connected src 22 to int 13 (cpu 0)[0m
[0;32mI (1932) cam_hal: cam init ok[0m
D (1942) camera: Enabling XCLK output[0m
D (1942) ledc: Using clock source 4 (in slow mode), divisor: 0x200[0m
D (1952) ledc: In slow speed mode, global clk set: 4[0m
D (1952) ledc: LEDC_PWM CHANNEL 0|GPIO 00|Duty 0001|Time 0[0m
D (1962) camera: Initializing SCCB[0m
[0;32mI (1962) sccb: pin_sda 26 pin_scl 27[0m
[0;32mI (1972) sccb: sccb_i2c_port=1[0m
D (1972) intr_alloc: Connected src 50 to int 17 (cpu 0)[0m
D (1972) camera: Resetting camera by power down line[0m
[0;32mI (1982) gpio: GPIO[32]| InputEn: 0| OutputEn: 1| OpenDrain: 0| Pullup: 0| Pulldown: 0| Intr:0 [0m
D (2012) camera: Searching for camera address[0m
[0;32mI (2022) camera: Detected camera at address=0x30[0m
[0;32mI (2022) camera: Detected OV2640 camera[0m
D (2022) ov2640: OV2640 Attached[0m
[0;32mI (2022) camera: Camera PID=0x26 VER=0x42 MIDL=0x7f MIDH=0xa2[0m
D (2022) camera: Doing SW reset of sensor[0m
[0;32mI (2122) esp32 ll_cam: node_size: 3072, nodes_per_line: 1, lines_per_node: 4, dma_half_buffer_min:  3072, dma_half_buffer: 12288,lines_per_half_buffer: 16, dma_buffer_size: 24576, image_size: 18432[0m
[0;32mI (2132) cam_hal: buffer_size: 24576, half_buffer_size: 12288, node_buffer_size: 3072, node_cnt: 8, total_cnt: 1[0m
[0;32mI (2142) cam_hal: Allocating 9216 Byte frame buffer in PSRAM[0m
D (2142) intr_alloc: Connected src 32 to int 18 (cpu 0)[0m
[0;32mI (2152) cam_hal: cam config ok[0m
D (2152) camera: Setting frame size to 96x96[0m
[0;32mI (2162) ov2640: Set PLL: clk_2x: 0, clk_div: 3, pclk_auto: 1, pclk_div: 8[0m
[0;32mI (2242) SD_Karte_SPEICHERN: INit camera success, Taking picture...
[0m
 111  105   96   99   98   99   99   98   92   90   90   94   93   89   87   90   88   93   88   89   96   89   87   91   89   94   87   90   90   87   90   88   83   93   93   88   96   93   97   94  100   95  102  111  114  110  114  120  125  130  137  141  152  158  169  182  190  203  213  224  234  245  249  249  240  244  255  255  254  251  242  233  222  207  192  172  141  152  165  182  176  160  178  188  193  182  167  190  185  180  176  187  181  173  183  178 
 111  113  106   96  103   99   98  100   98   94   95   97   92   94   96   93   80   97   91   90   91   87   90   90   69   95   84   94   94   82   88   61   85   97   95   96   94   95   95  100  108  101  102  107  114  114  121  123  127  136  141  148  155  166  174  184  196  209  220  230  242  252  255  252  245  247  255  255  255  253  245  236  221  204  187  176  124  170  161  158  142  160  151  162  164  157  158  171  166  175  175  169  168  172  172  165 
 113  109  108  105  104  103   98   98   99   99   94   96   87   94   95   92   92   90   89   91   92   95   90   92   92   91   90   91   82   96   90   87   94   92   94   95   96   94   99   97   99  103  103  109  113  115  123  125  131  138  144  151  159  168  177  188  199  213  225  236  247  254  255  255  255  253  255  255  255  253  245  234  220  206  188  168  125  171  177  170  173  175  173  170  177  181  184  176  187  184  183  177  177  176  176  179 
 111  112  107  103  102  103  101   98   97  100   97   95   81   92   97   78   93   84   96   97   97   91   93   92   91   81   93   84   95  100   86   92   93   96   92   97   95   99  104  101  105  105  108  109  113  118  122  126  135  139  148  154  163  173  182  194  206  218  230  241  249  255  255  255  255  255  255  255  255  251  245  233  217  200  185  166  123  168  171  220  214  172  199  212  206  207  208  192  206  214  224  216  207  185  193  193 
 114  110  108  111  107  101  102  110  104  102   98   98   99   97   95   94   99   96   92   97   94   94   95   92   88   89   95   85   92   92  103   94   92   96   97   97   97   99  100  101  107  101  105  113  115  120  122  129  133  144  148  154  164  174  184  196  206  220  233  243  253  255  255  255  255  255  255  255  255  249  239  230  215  198  182  164  125  158  157  183  173  175  171  191  189  186  186  189  193  196  191  190  192  191  185  178 
 116  111  112  106  109  110  109   87  106  103   99  101  102   99   98   97   99   97   93   94   95   92   96   94   85   95   98   92   89   91   88   91   91   93   94   90   99   94  101  100  100  107  104  116  115  121  126  132  136  144  149  156  167  178  186  200  211  226  234  244  253  255  255  255  255  255  255  255  254  249  238  223  212  194  178  159  127  162  173  175  181  180  187  181  187  193  184  196  193  198  191  191  186  195  185  178 
 117  116  112  101  110  108  105  107  103  100   98  101  101  105   99   97   97   94   96   92   97   96   93   96   94   76   74   87   85   94   95   92   93   83   95   95  100   95   96  103   97  107  109  113  120  124  124  131  139  138  151  158  167  179  190  202  215  226  235  246  254  255  255  255  251  255  255  255  251  243  231  214  202  185  172  159  131  154  170  192  204  184  201  206  209  212  210  203  200  218  221  221  204  195  194  199 
 116  117  115  112  113  111  107  107  106  107  104  105  103  102  106  103   99   96  118   96   98   95   97   90   96   97   73  100   88   92   91   93   98   89   92   95   98  100  103  101  103  108  110  117  118  123  125  132  139  144  153  161  169  182  192  204  216  228  238  246  254  255  255  255  254  254  255  254  245  237  225  212  196  180  170  157  141  141  160  192  200  179  194  201  202  202  197  200  204  203  198  201  202  194  194  188 
 122  118  116  115  113  109  109  107  106  105  106  106  105  104  100   98   98   98   93   94   98   95   97   95   97   94   96   97   92   94   94   94   95   92   94   95   96  101  100  104  106  106  108  116  115  124  124  133  142  148  155  160  168  182  194  204  217  232  237  245  251  255  255  255  255  252  251  248  239  231  217  205  189  175  169  152  145  130  168  167  171  187  187  187  186  185  200  200  198  195  199  191  196  193  189  186 
 121  120  118  113  117  113  112  111  108  107  108   89  104  101  101  103   99  101   95   97   99   98   97  100   99  102   97   94   92   97   96   96   98   95   97   95   99   99  103  102  107  109  111  113  117  122  128  133  141  147  155  162  171  182  192  204  218  227  235  243  249  253  253  254  252  250  246  239  232  220  210  196  183  168  158  147  142  124  172  171  179  183  187  192  193  193  196  198  197  197  197  193  192  189  187  182 
 124  121  120  118  115  116  110  109  110  106  107  107  105  106  103  106  103  104  104   93  100   95   94   97   98   97   98   93   94   95   96   96   95   95   96  101   97   98  107  102   99  109  109  119  118  123  126  133  141  148  153  162  171  182  193  203  215  224  232  236  243  245  246  246  245  243  239  231  220  210  200  189  175  167  154  144  139  122  176  176  182  186  191  192  195  198  199  202  199  199  195  195  193  189  186  182 
 123  123  120  116  115  117  113  112  109  110  109  109  110  106  107  106  101   90  103  104  101   99  105  102   96   90   98   66   95   96   97   99   95   95   99   96   98   99   99  106   98  108  108  111  119  122  128  132  140  149  152  160  169  180  193  201  209  224  225  231  237  240  237  237  237  234  230  221  213  203  191  181  169  162  152  141  137  114  175  162  171  188  191  194  182  189  197  203  195  185  201  199  194  191  187  183 
 124  116  120  119  115  116  114  113  112  111  109  113  109  110  108  109  105  109  105  104  102  101  101  102   97  100   76   99   97   99   92   96   98   97   93   96  100  102  102  104  105  110  110  111  115  125  128  132  135  148  151  159  168  178  186  194  205  217  219  223  227  231  229  227  228  224  218  210  206  191  183  170  163  155  148  137  130  106  189  195  200  229  196  196  226  242  231  207  220  215  220  203  213  201  194  181 
 125  124  117  124  117  118  115  111  112  112  105  123  108  110  114  112  111  109  104   93  103  102  103  102   99   98   98   98   98   94   98  100   96   97   99  107  100  103  100  103  103  107  114  114  116  122  126  131  140  144  149  157  165  174  182  191  197  203  209  214  217  219  219  216  214  213  205  201  193  185  173  166  159  150  139  134  128  116  178  178  182  187  191  194  197  198  199  200  200  198  197  195  191  187  183  178 
 127  124  123  120  115  112  116  113  114  115  111  109  111  108  105  112  114  112  102  111  110  105  105  102  100  102   98   95   99  101  100   97   96   97  104  101   96   97  103  104  108  111  110  112  117  120  126  131  138  141  149  153  161  168  179  183  191  197  200  202  206  207  207  208  204  199  193  188  179  174  166  160  151  144  136  128  126  106  183  178  183  188  192  195  197  198  200  200  200  197  195  191  190  183  180  175 
 125  123  122  119  119  116  117  115  113  114  112  115  117  117  116  118  117  118  116  112  113  110  107  103   99  106   98  101  100   93   92   98   98   94  102  102   95  101  102  100  105  107  107  114  116  119  124  127  135  139  147  153  158  165  170  177  185  187  193  195  194  194  196  193  193  189  184  179  175  165  160  153  145  140  132  121  120  100  181  176  182  188  191  194  195  196  198  199  198  195  192  190  188  182  178  174 
 125  126  124  120  120  117  120  117  114  115  117  117  119  121  121  121  122  120  119  119  118  112  110  109  105   98   97  100  102   98   99   97   99  102  100   95  101  100  103  103  104  104  109  112  113  119  122  124  132  139  140  150  155  160  167  170  177  181  185  186  187  186  181  183  182  180  175  168  163  158  150  145  140  133  128  121  119   94  183  180  184  189  193  197  199  199  200  201  196  194  193  189  186  182  178  173 
 128  127  124  124  121  120  120  119  116  118  115  116  118  122  124  120  131  230  226  178  110  118  116  107  110  105  105  102  100   96   99   98   99   99  100   99   98   98  100  103  101  101  108  112  110  116  120  124  131  135  136  145  150  156  160  165  170  172  175  178  179  178  178  177  173  170  164  160  155  152  145  140  133  131  127  118  114   88  161  170  182  185  187  191  192  191  192  191  191  191  190  186  179  177  172  170 
 132  128  125  125  126  123  120  121  118  121  122  121  121  125  135  137  255  255  255  255  248  109  124  114  107  101   99  106  102  103  100   97   97   99  100   98   95   91  100  100  100  103  107  106  111  113  117  121  128  130  137  139  146  149  156  160  162  167  169  169  171  171  169  169  167  162  160  155  149  145  142  132  130  125  122  116  113   90  164  171  177  179  182  186  189  190  190  188  187  187  183  181  175  173  168  164 
 133  128  129  127  125  124  121  123  125  123  121  123  126  128  137  225  255  255  255  255  252  202  127  119  115  111  106  106  100  101   99   98   99   98   98   97   99  100   98   99   97  104  107  108  107  110  115  120  125  129  132  138  143  145  153  154  158  160  163  165  165  164  163  162  159  155  155  149  145  141  137  130  125  123  118  114  111   94  150  177  183  184  188  188  190  189  188  189  187  187  184  181  173  170  165  162 
 134  129  130  127  125  127  125  120  121  120  125  125  127  132  137  240  252  254  255  255  243  228  111  120  114  117  109  102  102   98  101   96  102   94   96   96   98   99   98   97   96  100  102  104  107  106  113  119  138  126  129  132  139  142  146  150  155  158  161  161  160  159  158  157  154  152  145  144  138  135  130  127  123  119  114  110  107   94  138  171  183  180  187  184  191  185  188  185  192  181  185  174  167  169  166  163 
 137  133  133  130  129  128  127  128  125  125  126  129  128  133  141  236  247  252  252  248  229  224  110  125  114  114  109  103  105   98  100  100   98   93   95   90   93   96   95   93   96  101  100  108   96  102  112  112  119  121  127  130  137  141  144  147  152  158  159  158  156  156  154  153  151  148  139  138  133  131  127  124  118  114  110  107  106  101  134  185  194  179  183  180  182  182  183  193  190  191  186  183  176  167  176  184 
 141  138  134  134  132  130  129  125  128  126  127  127  130  135  143  245  246  247  243  236  227  224  118  130  115  115  110  114  106   96  100  100   86  100   93   93   93   91   93   99   93   94   97  101  103  100  115  110  113  119  124  127  133  138  144  148  150  155  157  158  154  154  151  150  147  144  140  136  130  127  126  119  113  113  110  104  104  102  122  168  171  170  180  182  177  179  179  177  176  175  170  165  159  158  155  150 
 143  144  142  138  139  135  135  133  132  131  128  130  133  137  146  246  243  248  243  239  230  224  147  129  121  117  115  108  105  106   97   96   97   94   94   89   92   93   82   93   94   96   97   98   99  103  103  109  124  117  119  125  130  138  143  146  150  154  157  156  155  154  152  148  144  142  138  133  128  123  119  113  112  107  102   98  101   91  120  170  169  199  174  171  198  189  167  159  177  169  171  164  150  157  145  157 
 151  150  149  150  148  142  139  136  134  132  133  133  135  138  150  247  241  249  246  241  236  230  193  123  122  117  114  110   90  103  104   97   97   97   97   91   86   83   94   90   91   93   94   95   98   96  103  103  109  114  115  125  128  139  143  146  153  155  157  157  156  156  151  146  144  139  136  130  123  122  119  115  110  108  104  101   97   94  114  189  166  190  181  185  207  196  187  164  185  186  171  171  176  177  173  167 
 157  158  136  189  238  166  112  145  139  137  133  135  134  136  150  246  241  249  247  244  239  234  220  122  122  119  113  112  107  106  104   95   89   94  104   93   86   93   86   86   88   92   92   93   97  101  101  104  109  112  117  123  127  136  143  149  155  158  160  160  158  156  151  147  141  137  131  128  121  121  115  114  109  103  103   86   95   92  106  185  239  232  235  195  195  220  227  212  167  191  197  206  204  138  172  176 
 164  133  255  255  255  255  255  141  145  139  136  136  139  140  149  236  239  243  243  239  236  234  231  123  120  116  113  109  101  112   90   96   90   94   96   91   93   90   80   94   91   93   93   92   95  101   98  100  103  109  111  119  126  136  144  151  159  164  164  165  161  157  153  147  143  132  130  127  121  117  111  111  104  100   98  103   92   89   90  159  154  163  177  163  161  166  161  146  140  169  142  143  130  143  146  151 
 170  203  255  255  255  255  235  183  150  144  141  138  141  143  149  228  231  234  235  234  232  228  228  118  118  112  113  107  105  111   99   99  101   99   97   96   94   87  107   97   88   87   90   96   97   91   96  102  103  104  108  115  126  133  145  151  161  167  168  169  163  159  154  143  142  135  130  124  119  114  110  109  104  101   90   92   84   84   82  136  166  165  175  177  188  140  188  159  160  161  157  172  162  157  147  177 
 174  231  237  242  248  247  222  194  151  147  143  139  142  145  151  229  227  227  231  230  229  224  220  128  120  114  109  110  103  101  100   96   98   96   92   97   95   90   92   88   90   86   91   92   91   92   97   99  102  104  109  113  120  130  145  155  163  168  171  171  165  159  152  149  141  134  129  122  116  110  108  106  101   97   95   95   88   89   92  136  189  209  207  175  199  219  169  206  225  230  212  169  164  175  194  166 
 177  212  226  229  229  228  223  208  139  143  146  145  143  146  156  244  247  248  246  252  238  233  234  118  123  111  112  107  103   98   97   94   95   95   90   87   95   94   95   94   90   92   82   92   94   92   94   95   98  101  108  111  119  127  141  150  164  169  172  171  168  159  152  149  140  133  126  121  116  112  106   98   99   96   95   88   85   83   90  166  130  158  146  169  141  151  154  144  143  121  126  136  145  138  114  115 
 180  224  223  220  216  213  209  217  125  133  144  145  144  146  155  245  253  255  255  253  249  242  245  112  121  116  109  106  104  104   99   98   95   98   93   92   95   94   93   89   90  101   86   92   84   87   90   92  100   99  101  107  118  126  139  145  160  167  171  168  166  161  152  146  138  131  124  118  113  111  104  100  103   90   96   87   84   89   77  191  164  168  172  180  170  173  177  181  177  155  151  162  151  175  128  127 
 183  236  225  219  212  211  214  224  120  127  148  146  147  147  148  248  255  255  255  255  252  244  249  115  122  116  110  103  107   94   98   99   95   98   90   97   95   94   86   89   89   87   91   91   83   91   87   91   94   91   99  103  105  117  133  144  155  161  165  163  161  157  151  143  137  129  119  116  110  104  104   97   97   93   91   93   80   85   76  169  160  159  152  165  162  155  156  150  151  148  146  141  142  132  129  127 
 183  237  226  226  223  221  217  222  106  131  143  146  146  148  142  250  255  255  255  254  250  243  251  116  120  118  112  103  105  104   97   97   98   96   95   94   90   90   86   86   87   88   88   84   86   88   87   89   89   91   95   97  103  116  124  136  150  155  158  159  156  152  147  141  133  127  122  115  113  103  100   97   93   92   89   85   80   84   75  160  150  153  156  154  155  151  152  150  146  145  145  138  132  128  124  122 
 183  236  229  230  227  226  221  211   98  125  143  146  149  150  155  253  255  255  254  251  249  243  249  124  125  119  109  108  106  102   99   97   94   98   93   83   88   89   83   90   87   83   83   78   77   88   83   89   90   84   93   95   98  109  118  128  133  147  152  151  150  146  141  137  129  121  117  113  104  103   98   92   92   89   86   84   77   82   81  157  158  161  161  157  159  156  153  154  148  145  141  134  131  128  123  120 
 180  229  228  228  224  222  217  206  102  131  145  148  150  153  149  254  255  253  249  248  247  241  250  107  123  119  113  111  104  100  103  101   93   96   93   95   87   88   86   89   91   81   83   83   86   81   80   81   84   80   87   90   98  104  110  122  126  134  141  143  142  139  137  129  126  116  108  110  104  103   96   92   92   88   85   84   80   81   70  224  189  197  196  174  176  199  198  210  217  194  196  151  173  170  129  171 
 176  221  221  224  222  218  211  197  101  133  142  147  151  155  151  255  255  249  246  247  243  240  240  109  119  121  115  109  105  100   92  100   99   96   90  102   84   91   82   81   84   84   81   80   80   80   79   82   79   76   79   86   91  100  107  113  117  126  132  135  135  134  127  123  119  116  103  105  104   97   90   90   89   89  103   88   75   82   75  142  154  159  141  149  147  137  129  125  150  136  115  116  119  122  133  120 
 174  203  217  217  218  220  216  203  110  132  144  147  150  153  167  254  253  247  243  245  244  239  241  133  124  121  115  109  106  110   90   97  107   95   84   87   84   87   84   79   82   85   78   78   78   78   76   79   78   80   78   84   82   94   90  104  112  120  120  124  127  126  123  119  114  111  102  103   97   94   93   90   87   82   91   79   74   76   70  206  176  175  211  211  195  175  211  188  164  194  197  175  155  170  168  183 
 171  188  228  233  236  234  224  209  140  131  151  149  151  157  192  251  247  245  241  244  247  243  240  132  122  112  114  110  108  100  102  100   94   95   87   86   85   86   79   73   70   73   89   77   78   75   74   81   79   73   68   82   91   90   95  101  106  112  115  118  117  119  118  117  109  107  106   95   97   83   95   88   89   84   82   82   74   78   79  124  164  162  163  159  159  156  151  146  148  145  140  141  131  124  121  123 
 167  173  231  237  239  239  223  214  168  134  144  148  151  157  232  245  246  245  241  238  240  242  242  119  127  121  116  113  108  103   99   94   96   96   87   88   84   85   86   86   76   77   78   76   71   68   77   73   70   73   79   68   82   87   86   92   98  102  111  110  112  111  110  116  105  101  101   94   90   88   83   95   89   80   78   80   77   79   68  118  156  157  133  134  140  149  134  127  131  143  113  120  104  105   94   86 
 160  169  230  235  233  233  224  210  178  136  143  150  153  150  242  253  255  255  255  250  241  238  242  126  125  122  117  114  110  104  102   94   97   94   86   83   84   83   72   77   86   78   78   75   71   60   72   73   73   73   76   75   81   86   83   93   93   93  111  106  105  104  107  104  102  111   99   91   93   87   90   90   77   75   80   77   75   70   71  135  162  145  228  214  175  198  195  191  185  174  173  138  159  195  190  163 
 159  159  230  232  230  228  224  211  216  136  144  152  154  156  249  252  255  255  255  255  254  245  231  121  125  122  118  117  113  108  102  101  101  101   88   92   85   78   82   82   78   60   74   83   69   69   67   73   70   74   76   75   75   77   81   82   87   90   98  106   87  102   99   98   96   93   94   91   88   85   81   81   86   80   81   78   72   79   80   91  151  149  160  156  153  153  149  147  139  142  139  133  129  123  121  112 
 160  151  228  231  228  222  219  213  211  139  146  154  155  145  251  253  255  255  254  254  252  243  246  119  129  125  120  118  114  111  109  106  104   99   89   92   96   85  100   80   78   73   74   60   71   76   67   71   57   68   66   75   71   72   76   82   84   89   94   94   94   99   99   95   93   91   87   90   87   85   83   84   79   82   80   77   73   81   72   93  152  145  141  139  152  148  147  141  138  132  120  115  118  118  116  106 
 159  149  228  230  227  219  215  214  214  135  143  153  156  150  254  255  255  255  251  255  255  250  251  117  130  123  122  118  119  116  115  116  113  104   95   96   91   89   78   77   74   77   71   73   69   67   82   64   57   70   73   69   69   69   74   79   77   83   88   91   94   94   90   87   87   90   82   90   82   83   84   84   81   79   81   75   75   66   77  100  147  147  157  161  152  148  147  146  135  149  131  130  128  115  124  131 
 161  145  229  230  226  218  214  212  199  139  147  158  161  146  250  255  255  255  255  255  255  249  246  128  130  130  128  127  125  130  128  122  122  111  110  104   97   95   96   85   74   76   75   76   75   71   75   74   67   69   66   62   72   71   71   75   75   82   85   89   90   89   88   87   89   88   80   88   79   77   78   77   77   76   72   73   76   72   73   69  146  131  170  180  175  178  161  169  149  159  156  155  138  120  114  108 
 160  145  229  229  225  213  207  211  198  159  148  160  164  165  253  255  255  255  255  253  254  246  237  125  132  133  135  137  125  141  213  223  143   85  132  111  109  100   98   89   83   77   74   72   71   69   70   69   72   64   65   68   67   67   67   72   75   64   80   84   81   86   77   83   91   79   79   81   74   77   77   78   76   77   72   77   73   70   69   57  155  138  146  155  153  142  126  135  131  131  134  123  121  111  105  102 
 164  153  228  230  227  227  224  227  203  182  144  161  165  190  254  255  255  253  252  250  250  242  205  138  129  139  144  125  246  255  255  255  255  253  145  118  115  106  104   92   96   81   77   72   71   69   65   68   79   63   65   64   68   68   66   70   71   73   76   79   82   81   80   80   73   81   87   75   78   75   77   76   78   78   77   74   75   64   72   60  139  138  143  150  149  141  136  138  137  131  133  124  124  116  119  122 
 164  148  228  232  237  238  227  239  234  204  144  161  168  211  253  254  253  252  250  249  244  237  163  141  142  144  147  226  255  255  255  255  255  255  255  151  123  114  107   92   81   81   80   74   74   70   70   67   71   67   66   68   64   67   68   71   69   72   73   72   79   80   82   76   77   77   84   76   79   77   76   75   66   73   79   77   77   56   72   35  136  138  137  122  130  137  128  129  106  118  119  110  122  119  144  109 
 162  148  235  247  255  255  255  255  254  214  134  167  169  230  251  251  247  245  241  238  237  227  143  141  142  149  141  255  255  255  255  255  255  255  255  252  135  124  113  104   89   88   80   74   73   66   70   64   61   62   62   66   67   69   62   67   70   80   74   69   67   74   75   79   78   76   77   78   79   80   78   76   73   78   74   72   70   70   71   26  162  125  177  166  167  186  145  161  102  134  141  122  136  129  122   91 
 160  161  246  249  255  255  255  255  255  230  145  162  168  236  249  244  241  236  233  232  231  234  136  144  147  151  254  255  255  255  255  255  255  255  255  255  249  130  117  111  100   92   82   83   75   71   69   72   70   64   62   64   65   66   64   66   66   72   72   72   75   78   64   77   76   76   74   75   76   67   69   75   72   71   79   73   70   68   66   44  146  137  130  139  150  123  126  137  130  120  115  117  116  110  102  117 
 157  163  223  250  255  255  255  255  255  243  173  157  168  244  246  237  234  229  226  226  224  222  139  145  152  194  255  255  255  255  255  255  255  255  255  255  255  158  124  119  102   95   80   85   76   74   71   71   65   66   62   66   66   67   67   69   67   71   71   72   72   75   75   78   76   73   74   76   75   71   77   75   73   69   72   73   71   70   66   47  128  118  121  106  110  112  112  103  108  101  102   99  111   96  102  100 
 153  159  208  248  255  255  255  255  255  249  196  159  164  252  244  235  227  222  219  219  218  217  150  148  130  253  255  251  255  255  255  255  255  255  255  255  255  221  124  120  111   92   88   84   79   76   73   70   69   69   81   67   65   67   68   72   67   68   72   74   74   72   78   75   74   71   76   74   72   64   72   72   71   71   73   74   70   68   74   36  146  140  145  150  132  127  137  131  154  126  128  126  113  120  118  109 
 152  158  170  248  254  255  255  255  255  255  219  164  169  254  254  251  242  231  224  230  227  195  154  155  159  255  255  247  245  255  255  255  255  255  255  255  255  235  123  124  109   97   93   96   78   76   71   74   69   67   70   69   67   67   67   64   76   72   74   73   71   72   74   72   72   75   74   73   73   72   73   76   74   69   72   74   67   66   65   40  115  125  124  130  131  126  128  141  122  122  116  118  112  107  101  116 
 149  154  144  249  248  255  255  255  255  255  214  184  150  255  255  252  245  240  235  230  233  175  159  156  255  255  255  240  222  255  255  255  255  255  255  255  255  250  130  127  110  104   96   86   74   79   76   77   71   71   70   66   69   69   69   66   68   75   71   75   71   73   75   71   65   73   72   74   74   73   71   72   74   73   73   72   83   69   63   53  124  123  103  121  119  123  123  118  118  112  112  102  102   88   73   95 
 152  151  151  249  245  255  255  255  255  255  255  255  255  255  255  255  255  255  255  255  255  168  164  198  255  255  250  232  222  249  255  255  255  255  255  255  255  252  132  126  116  108   97   96   87   81   78   78   68   73   68   70   69   65   67   68   69   72   70   72   74   73   73   62   78   73   78   74   74   74   71   68   72   72   70   72   69   67   64   68  147  134  211  218  147  199  222  215  207  207  204  226  105  187  164  119 
 152  154  153  241  247  252  255  255  255  255  255  255  255  255  255  255  255  255  255  255  255  254  162  250  253  250  239  228  223  245  255  255  255  255  255  255  255  237  137  128  120  108  100   92   92   80   69   82   70   75   75   74   74   71   68   75   59   75   75   70   74   72   70   73   73   74   71   65   71   66   75   70   71   75   68   69   69   66   65   57   98  117  124  129  125  121  119  121  117  115  112  104  106   99   86   98 
 152  154  155  212  251  255  255  255  255  255  255  255  255  255  255  255  255  255  255  255  255  255  255  241  234  237  231  220  217  233  255  255  255  255  255  255  255  222  141  134  126  114  110  103   97   90   85   82   83   77   75   73   71   73   73   69   72   68   70   70   70   70   70   73   70   70   79   75   71   72   67   70   69   72   71   69   66   64   61   58  118  120  120  121  116  107  106  106  111  110  106   98  102   90   83   71 
 141  153  160  172  252  255  255  255  255  255  255  255  255  255  255  255  255  255  255  255  255  255  255  255  248  225  219  214  211  222  255  255  255  255  255  255  255  203  147  137  132  121  110  108  108   95   92   85   76   83   76   78   74   73   70   72   70   73   72   80   69   70   74   74   70   71   69   70   68   72   70   68   69   69   67   69   69   60   63   59   97  120  158  195  179  142  172  173  138  139  201  200  113  144  142  156 
 167  164  165  155  255  255  255  255  255  255  255  255  255  255  255  255  255  255  255  255  255  255  255  255  255  252  224  203  207  213  255  255  255  255  255  255  252  167  154  144  135  128  122  110  106   99   95   87   82   91   84   81   75   75   74   73   75   72   75   74   70   71   74   71   68   72   73   73   73   74   72   71   68   66   64   66   64   57   56   56   78  110  107  103  103   96   98   93   93   83   80   75   88   78   59   87 
 255  136  171  151  255  255  255  255  255  255  255  255  255  255  255  255  255  255  255  255  255  255  255  252  248  247  240  226  207  203  241  255  255  255  255  255  248  134  128  147  146  139  129  124  117  111  104   99   92   89   85   81   79   78   77   78   71   75   72   71   77   74   74   76   72   72   73   69   69   67   67   70   61   66   66   62   66   58   55   55   56  104  109  118  110  105  119  108   94   96  106   87   92   87   85   85 
 255  249  170  239  255  255  255  255  255  255  255  255  255  255  255  255  255  255  255  255  255  255  251  243  240  239  230  220  214  210  210  230  255  255  255  255  255  255  255  211  151  131  143  139  119  115  107  106   85   99   87   83   89   82   79   74   72   74   76   77   79   76   71   68   75   64   69   67   67   68   65   62   66   64   59   64   65   59   50   51   34  101   98  103  104  109   90   99   93   86   84   85   72   76   83   74 
 255  255  255  255  255  255  255  255  255  255  255  255  255  255  255  255  255  255  255  255  255  255  254  244  233  232  229  219  209  208  209  251  255  255  255  255  255  255  255  255  255  255  253  235  144  104  123  113  104  110  107   95   87   84   79   77   79   82   64   74   72   74   74   68   71   74   68   68   64   67   68   63   64   62   58   63   58   56   52   53   55   62   78   69   77   69   71   64   58   66   62   62   60   62   56   59 
 255  255  255  255  255  255  255  255  255  255  255  255  255  255  255  255  255  255  255  255  255  255  253  248  230  226  226  221  210  209  209  255  255  255  255  255  255  255  255  255  255  255  255  255  255  249  137  124  116  105   98   96   90   81   84   77   74   77   78   73   72   72   67   71   69   70   67   68   62   66   63   66   63   66   58   60   59   54   49   47   47   71   75   71   63   63   59   60   59   61   59   59   57   54   54   50 
 255  255  255  255  255  255  255  255  255  255  255  255  255  255  255  255  255  255  255  255  251  253  244  237  231  219  215  217  214  204  251  245  255  255  255  255  255  255  255  255  255  255  255  255  255  255  249  111  128  110  104   97   89   84   85   84   80   80   76   74   74   76   72   70   69   69   69   63   66   66   64   64   60   59   67   57   56   51   48   46   51   79   87   85   83   85   82   91   93   85   90   86   86   80   81   71 
 255  255  255  255  255  255  255  255  255  255  255  255  255  255  255  255  255  255  255  255  252  241  237  224  218  218  212  210  217  231  253  243  242  243  253  255  255  255  255  255  255  255  255  255  255  255  255  245  125  114  105  103   94   92   85   87   81   78   77   75   73   73   71   69   68   67   66   62   64   61   59   60   60   56   62   55   55   51   46   46   44   71   66   72   73   76   74   71   67   69   70   70   68   67   61   62 
 255  255  255  255  255  255  255  255  255  255  255  255  255  255  255  255  255  255  255  255  246  238  232  238  243  254  255  246  236  248  255  230  231  223  220  235  239  245  254  255  255  255  255  255  255  255  255  241  136  127  113  107  105   97   93   87   83   83   78   75   72   69   68   65   71   64   61   61   61   61   57   59   52   54   56   52   40   46   41   39   53   87   81   72   74   74   77   30   73   73   73   73   78   63   61   67 
 255  255  255  255  255  255  255  255  255  255  255  255  255  255  255  255  255  255  255  254  240  233  233  252  255  254  247  252  250  254  255  221  232  237  224  223  227  235  248  255  255  255  255  255  255  255  255  217  139  128  117  113  102   99   93   91   86   84   77   76   74   70   69   65   67   64   64   64   63   57   57   54   59   51   52   54   52   48   42   40   36   74   70   76   69   70   72   70   72   69   67   67   63   60   62   60 
 255  255  255  255  255  255  255  255  255  255  255  255  255  255  255  255  255  255  255  250  238  233  240  249  241  246  255  250  255  255  255  255  228  234  253  254  255  255  255  250  255  255  255  255  255  255  254  218  126  126  115  112  100   98   95   90   89   82   79   79   70   70   69   64   64   64   64   65   60   57   56   51   51   50   51   51   49   46   40   38   34   84   70   71   72   74   74   71   70   73   70   67   63   62   60   59 
 255  255  255  255  255  255  255  255  255  255  255  255  255  255  255  255  255  255  254  241  239  255  255  252  248  242  255  255  255  255  255  255  248  207  212  225  238  242  243  240  239  241  241  242  240  225  206  203  127  124  115  110  107  103   98   91   86   87   79   78   72   68   62   65   60   59   59   55   55   56   57   50   54   53   48   48   47   43   39   29   36   65   67   64   70   72   66   75   71   67   68   62   61   58   55   57 
 255  255  255  255  255  255  255  255  255  255  255  255  255  255  255  255  255  255  254  247  248  255  255  255  252  248  255  255  255  255  255  255  255  250  195  198  198  204  212  215  211  216  215  209  207  197  175  168  131  122  114  111  104   99   96   94   89   86   74   71   71   59   62   64   58   57   62   59   55   54   53   50   47   49   49   48   44   42   35   39   30   34   39   38   39   28   39   38   22   19   22   33   24   24   18   17 
 255  255  255  255  255  255  253  255  255  255  255  255  255  255  255  255  255  255  255  248  252  255  255  255  255  255  255  255  255  255  255  255  255  255  253  183  192  190  188  190  190  189  190  191  181  174  165  140  124  118  114  108   98  104   93   93   87   80   64   73   69   71   59   49   61   56   58   58   47   52   54   53   50   48   47   44   44   39   36   35   33   29   36   33   33   33   31   29   30   27   27   31   30   26   27   26 
 255  255  255  255  255  255  255  255  255  255  255  255  255  255  255  255  255  255  255  249  250  252  255  255  255  255  255  255  255  255  255  255  255  255  255  255  193  182  175  175  171  175  172  170  167  159  150  122  121  114  108  107   99   98   91   92   84   71   76   73   70   65   59   60   56   52   57   55   53   53   48   49   39   39   49   46   42   34   35   32   31   34   33   32   32   32   33   32   27   28   22   26   26   27   25   24 
 250  255  255  255  255  255  255  255  255  255  255  255  255  255  255  255  255  255  254  246  249  254  255  255  255  255  255  255  255  255  255  255  255  255  255  254  222  193  175  171  166  163  163  165  157  152  142  118  114  110  107  103   99   98   97   86   86   78   75   73   71   58   60   56   50   56   53   51   49   48   50   46   45   41   41   41   42   39   32   27   26   33   32   28   30   28   24   29   26   26   26   24   24   25   24   24 
 255  255  255  255  255  255  255  255  255  255  255  255  255  255  255  255  255  255  253  247  245  251  255  255  255  255  255  255  255  255  255  255  255  255  255  255  230  202  181  177  168  168  162  157  150  144  125  116  112  107  103  102  101   98   96   87   83   78   76   69   65   61   60   54   55   51   49   52   48   47   47   44   44   45   40   43   39   41   30   31   28   31   31   30   25   29   28   26   30   28   27   24   25   22   21   24 
 252  255  255  255  255  255  255  255  255  255  255  255  255  255  255  255  255  255  251  246  244  252  255  255  255  255  255  255  255  255  255  255  255  253  251  255  233  212  187  180  173  163  155  150  144  136  105  110  109  101  100   99   96   92   86   79   79   78   69   68   63   62   59   56   54   52   50   46   46   47   44   43   41   40   40   37   36   35   29   26   25   29   30   30   29   30   28   29   26   29   25   24   23   22   23   22 
 246  255  255  255  255  255  255  255  255  255  255  255  255  255  255  255  255  254  248  246  247  251  255  255  255  255  255  255  255  255  255  255  255  250  241  249  238  214  193  181  171  161  153  148  143  138  109  105  103   95   94   93   91   90   84   83   82   71   71   67   61   59   57   49   53   55   48   48   45   45   42   41   40   42   43   37   37   37   30   27   26   31   29   27   29   27   26   27   29   25   26   23   23   20   18   21 
 234  253  255  255  255  255  255  255  255  255  255  255  255  255  255  255  255  253  250  248  249  252  255  255  255  255  255  255  255  255  255  255  250  251  237  233  235  217  197  183  169  160  153  145  135  142  107  103  100   97   89   89   86   86   82   77   78   72   69   69   63   61   56   54   56   51   44   46   45   43   44   42   41   41   41   37   34   36   32   27   26   27   29   17   28   24   28   26   26   22   22   23   24   15   17   17 
 232  243  255  255  255  255  255  255  255  255  255  255  255  255  255  255  255  253  252  250  249  253  255  255  255  255  255  255  255  255  255  255  243  245  236  221  217  215  196  182  170  161  153  141  132  123  104  100   93   97   94   84   80   84   82   77   75   70   68   63   59   61   55   52   48   44   45   43   43   43   41   39   40   35   34   36   34   30   28   27   23   27   28   34   28   28   26   27   25   24   23   24   21   19   21   17 
 217  234  253  255  255  255  255  255  255  255  255  255  255  255  255  255  255  251  255  254  249  255  255  255  255  255  255  255  255  253  255  250  242  232  231  210  213  203  192  178  165  157  147  137  132  103   98   97   90   92   90   88   79   77   76   73   69   65   62   63   56   59   55   52   50   47   43   46   44   41   45   38   38   36   34   32   34   35   29   25   23   28   28   27   27   26   25   20   26   26   26   22   23   17   17   19 
 208  234  244  255  255  255  255  255  255  255  255  255  255  255  255  255  253  254  255  255  250  255  255  255  255  255  255  255  255  246  242  242  239  225  224  215  202  198  185  171  159  150  140  132  114  103   96   95   93   87   82   72   73   75   77   74   68   66   64   63   61   59   50   49   48   48   46   42   39   38   41   38   39   36   35   37   35   33   26   24   26   24   30   23   28   24   26   23   25   26   24   19   21   19   15   17 
 215  225  236  242  255  255  255  255  255  255  255  255  255  255  255  255  249  252  253  253  246  255  255  255  255  255  254  255  251  243  237  231  228  223  212  212  196  191  175  167  156  145  138  123   99   91   93   86   89   85   76   78   70   73   63   68   67   66   64   65   60   57   45   54   44   45   45   44   44   46   37   40   38   33   36   36   34   34   29   28   26   33   31   26   23   28   23   24   23   28   21   24   21   17   18   19 
 204  213  221  236  250  255  255  255  255  255  255  255  255  255  253  249  245  249  251  255  250  253  254  255  255  254  247  244  247  241  235  222  218  216  208  202  196  181  171  157  145  131  123  102   92   88   89   84   84   77   76   72   62   70   71   69   67   55   61   55   57   54   49   48   43   45   42   34   37   39   35   37   38   30   33   34   31   33   28   22   25   27   33   31   31   28   27   24   28   25   22   25   22   20   15   19 
 163  200  212  232  239  247  253  255  255  255  255  255  255  255  250  246  241  247  248  255  247  249  251  252  251  245  241  236  237  232  229  220  205  203  201  190  182  173  162  152  137  126  103  106   94   87   85   75   79   74   72   69   62   68   61   62   63   67   59   57   55   56   50   53   43   36   40   41   42   52   35   59   51   33   36   32   29   31   27   20   22   25   26   24   30   43   48   64   55   36   19   14   19   18   16   19 
 130  199  203  216  232  239  246  252  255  255  255  255  255  254  250  244  237  243  251  252  246  245  248  247  245  241  238  232  226  223  217  215  212  194  189  183  168  161  151  136  124  111   91   86   86   82   79   77   76   75   66   71   64   66   65   62   61   59   57   55   49   52   52   50   44   43   41   37   40   49   58   48   51   37   30   30   29   28   25   22   21   24   20   20   19   18   22   14   14   14   37   45   51   71   58   24 
 113  217  195  208  217  231  237  246  255  255  255  254  252  252  250  242  239  241  246  244  239  238  241  242  241  237  233  233  220  216  212  206  204  197  181  172  166  155  145  132  123  101   88   86   81   78   75   69   70   69   75   64   65   62   61   57   59   56   56   53   56   51   49   47   45   41   39   37   40   59   41   62   39   35   33   32   29   29   25   21   22   20   24   26   21   18   20   26   18   19   18   21   18   23   18   26 
 114  162  190  195  207  217  230  239  246  248  248  249  250  251  246  237  238  236  240  238  231  228  235  235  234  233  229  225  216  208  208  203  191  187  181  169  157  150  140  127   99   89   82   84   77   77   74   75   67   64   59   64   62   60   59   56   57   57   53   52   51   48   46   44   43   39   38   39   32   45   41   19   28   35   32   31   31   27   31   22   19   16   18   23   20   18   17   19   20   19   19   18   18   19   17   19 
  90  117  178  185  198  209  223  231  240  242  244  245  247  249  243  238  236  231  233  231  227  222  230  230  226  224  226  218  215  203  200  197  187  177  171  165  154  138  128  113   86   78   80   78   75   72   69   66   67   63   60   59   58   58   56   53   52   54   47   49   49   48   44   43   45   46   43   38   35   36   36   34   22   32   30   30   31   26   25   22   18   21   19   21   19   18   18   17   19   18   20   20   16   16   16   15 
  92   95  174  179  193  203  216  223  228  233  238  240  241  242  236  238  233  230  230  227  223  219  222  228  221  219  217  213  208  203  190  189  184  172  162  155  147  141  120   75   85   80   78   71   70   71   67   65   62   60   61   37   54   56   50   51   50   51   38   54   42   41   40   42   40   39   32   35   35   33   34   32   34   30   30   29   27   26   29    7   16   22   22   20   18   20   18   18   17   16   17   14   16   16   14   15 
  86   97  145  177  187  193  204  211  222  224  232  234  237  237  234  236  231  226  226  223  218  216  215  222  221  215  211  207  204  194  188  177  178  171  157  147  138  122  101   85   78   76   74   73   69   66   63   60   62   58   58   52   49   53   47   49   45   45   45   40   45   46   40   41   41   37   37   34   32   32   31   32   32   31   29   28   26   25   26   18   23   20   20   21   17   19   19   18   19   15   14   15   14   17   15   16 
  91   87   87  179  176  184  194  205  210  213  218  223  228  230  234  233  227  221  219  215  216  215  208  215  217  212  206  199  197  188  183  179  164  159  155  146  129  124   88   80   76   64   73   63   67   64   63   57   56   56   52   54   50   48   43   46   46   44   43   44   31   39   41   39   43   38   35   37   33   33   31   33   31   30   28   28   27   26   23   23   18   20   21   19   17   17   17   20   15   19   17   15   15   17   16   15 
  73   95   83  151  171  180  185  190  200  206  210  215  223  227  229  226  216  212  210  210  211  212  207  201  206  205  200  193  183  184  174  167  165  152  148  142  127  110   83   75   71   73   68   67   62   61   55   55   52   53   52   49   44   48   55   43   45   40   41   42   40   46   40   36   38   33   33   34   33   33   32   31   32   29   29   28   29   27   23   20   18   20   21   21   19   18   16   18   21   21   17   19   14   15   17   13 
  62   73   83   85  155  168  177  182  190  197  202  212  216  219  219  217  211  203  200  199  200  202  204  195  190  192  188  189  179  160  165  162  154  143  140  128  119   81   78   73   66   67   65   61   61   58   55   57   50   53   38   47   45   45   41   46   42   39   39   41   39   39   39   35   37   32   33   31   32   33   29   28   31   19   30   27   26   25   24   22   22   18   25   24   28   20   18   25   20   20   18   19   18   17   18   15 
  64   82   74   78  152  159  165  172  186  191  200  208  213  214  213  210  203  195  192  192  192  194  196  197  184  180  174  169  177  163  157  152  152  142  134  122   98   84   75   70   66   61   64   54   60   55   55   53   56   50   49   44   44   41   43   45   41   37   38   37   36   37   39   30   33   31   31   29   27   21   27   28   30   39   22   35   61   62   61   41   41   46   29   21   21   23   21   20   21   16   18   21   19   19   19   14 
  63   64   74   75  101  157  156  167  177  186  195  202  204  205  206  203  196  192  190  186  184  179  175  175  181  174  173  164  156  151  153  149  141  132  127  123   76   68   67   71   63   64   58   58   56   53   53   51   46   39   41   41   39   38   28   34   37   37   37   32   36   36   31   23   28   18   46   40   60   65   64   63   56   40   25   27   24   31   28   29   28   25   25   25   23   21   23   24   25   20   19   22   21   20   19   17 
  62   65   67   72   85  134  148  160  171  183  188  195  197  197  197  194  192  194  193  192  189  186  181  178  168  164  164  159  157  152  144  139  136  132  125  127   75   75   66   60   63   62   56   52   45   51   48   43   44   37   37   35   35   34   37   35   37   34   39   43   41   43   39   35   17   21   28   35   33   31   29   29   28   30   29   27   30   28   26   24   24   26   25   25   27   27   23   22   26   25   21   23   23   20   22   21 
  64   62   54   58   77   63  140  153  165  174  180  180  184  189  187  187  187  188  188  189  185  185  186  181  172  164  155  151  147  143  147  144  139  144  138  139   70   65   65   58   54   47   52   45   48   48   45   47   46   43   56   35   49   40   38   36   43   28   36   30   32   32   29   29   32   32   31   31   31   29   28   30   29   29   24   26   27   29   28   26   24   27   27   29   27   28   28   27   24   22   24   22   22   22   25   23 
  55   60   58   60   66   84   95  149  159  163  173  174  175  175  175  175  172  170  166  154  155  169  188  195  190  186  181  166  152  136  133  129  133  137  140  152   61   66   65   63   54   57   44   40   42   41   40   22   40   35   36   34   36   34   34   33   30   32   30   30   30   30   27   27   29   25   29   27   29   28   30   28   29   26   28   30   25   27   27   25   24   26   27   31   29   39   25   28   25   23   22   25   24   21   23   21 
[0;31mE (6382) SD_Karte_SPEICHERN: Could not open file =([0m
[0;32mI (6382) main_task: Returned from app_main()[0m
ets Jun  8 2016 00:22:57

rst:0x1 (POWERON_RESET),boot:0x12 (SPI_FAST_FLASH_BOOT)
configsip: 0, SPIWP:0xee
clk_drv:0x00,q_drv:0x00,d_drv:0x00,cs0_drv:0x00,hd_drv:0x00,wp_drv:0x00
mode:DIO, clock div:1
load:0x3fff0030,len:7140
load:0x40078000,len:15512
load:0x40080400,len:4
load:0x40080404,len:3904
entry 0x40080640
[0;32mI (29) boot: ESP-IDF v5.3-dev-422-ga7fbf452fa-dirty 2nd stage bootloader[0m
[0;32mI (29) boot: compile time Dec 19 2023 22:47:32[0m
[0;32mI (31) boot: Multicore bootloader[0m
[0;32mI (35) boot: chip revision: v1.0[0m
[0;32mI (39) boot.esp32: SPI Speed      : 80MHz[0m
[0;32mI (43) boot.esp32: SPI Mode       : DIO[0m
[0;32mI (48) boot.esp32: SPI Flash Size : 4MB[0m
[0;32mI (52) boot: Enabling RNG early entropy source...[0m
[0;32mI (58) boot: Partition Table:[0m
[0;32mI (61) boot: ## Label            Usage          Type ST Offset   Length[0m
[0;32mI (69) boot:  0 nvs              WiFi data        01 02 00009000 00006000[0m
[0;32mI (76) boot:  1 phy_init         RF data          01 01 0000f000 00001000[0m
[0;32mI (84) boot:  2 factory          factory app      00 00 00010000 00100000[0m
[0;32mI (91) boot: End of partition table[0m
[0;32mI (95) esp_image: segment 0: paddr=00010020 vaddr=3f400020 size=19each (106156) map[0m
[0;32mI (134) esp_image: segment 1: paddr=00029ed4 vaddr=3ffb0000 size=032fch ( 13052) load[0m
[0;32mI (138) esp_image: segment 2: paddr=0002d1d8 vaddr=40080000 size=02e40h ( 11840) load[0m
[0;32mI (144) esp_image: segment 3: paddr=00030020 vaddr=400d0020 size=3c9dch (248284) map[0m
[0;32mI (218) esp_image: segment 4: paddr=0006ca04 vaddr=40082e40 size=15a3ch ( 88636) load[0m
[0;32mI (260) boot: Loaded app from partition at offset 0x10000[0m
[0;32mI (260) boot: Disabling RNG early entropy source...[0m
[0;32mI (271) cpu_start: Multicore app[0m
[0;32mI (272) quad_psram: This chip is ESP32-D0WD[0m
[0;32mI (273) esp_psram: Found 8MB PSRAM device[0m
[0;32mI (274) esp_psram: Speed: 40MHz[0m
[0;32mI (278) esp_psram: PSRAM initialized, cache is in low/high (2-core) mode.[0m
[0;33mW (285) esp_psram: Virtual address not enough for PSRAM, map as much as we can. 4MB is mapped[0m
D (294) cpu_start: Pro cpu up[0m
D (297) cpu_start: Starting app cpu, entry point is 0x40081534[0m
D (0) cpu_start: App cpu up[0m
[0;32mI (1205) esp_psram: SPI SRAM memory test OK[0m
D (1212) clk: RTC_SLOW_CLK calibration value: 3299750[0m
[0;32mI (1218) cpu_start: Pro cpu start user code[0m
[0;32mI (1218) cpu_start: cpu freq: 160000000 Hz[0m
[0;32mI (1218) cpu_start: Application information:[0m
[0;32mI (1223) cpu_start: Project name:     esp32_cam_sd_jpg[0m
[0;32mI (1229) cpu_start: App version:      f78be4c-dirty[0m
[0;32mI (1235) cpu_start: Compile time:     Dec 19 2023 22:47:18[0m
[0;32mI (1241) cpu_start: ELF file SHA256:  a24fc6215...[0m
[0;32mI (1246) cpu_start: ESP-IDF:          v5.3-dev-422-ga7fbf452fa-dirty[0m
[0;32mI (1253) cpu_start: Min chip rev:     v0.0[0m
[0;32mI (1258) cpu_start: Max chip rev:     v3.99 [0m
[0;32mI (1263) cpu_start: Chip rev:         v1.0[0m
D (1268) memory_layout: Checking 10 reserved memory ranges:[0m
D (1273) memory_layout: Reserved memory range 0x3f800000 - 0x3fc00000[0m
D (1280) memory_layout: Reserved memory range 0x3ff82000 - 0x3ff82000[0m
D (1286) memory_layout: Reserved memory range 0x3ffae000 - 0x3ffae6e0[0m
D (1293) memory_layout: Reserved memory range 0x3ffb0000 - 0x3ffb3dc8[0m
D (1299) memory_layout: Reserved memory range 0x3ffe0000 - 0x3ffe0440[0m
D (1306) memory_layout: Reserved memory range 0x3ffe3f20 - 0x3ffe4350[0m
D (1312) memory_layout: Reserved memory range 0x40070000 - 0x40078000[0m
D (1319) memory_layout: Reserved memory range 0x40078000 - 0x40080000[0m
D (1325) memory_layout: Reserved memory range 0x40080000 - 0x4009887c[0m
D (1332) memory_layout: Reserved memory range 0x50001fe8 - 0x50002000[0m
D (1338) memory_layout: Building list of available memory regions:[0m
D (1345) memory_layout: Available memory region 0x3ffae6e0 - 0x3ffb0000[0m
D (1351) memory_layout: Available memory region 0x3ffb3dc8 - 0x3ffb8000[0m
D (1358) memory_layout: Available memory region 0x3ffb8000 - 0x3ffc0000[0m
D (1365) memory_layout: Available memory region 0x3ffc0000 - 0x3ffc2000[0m
D (1371) memory_layout: Available memory region 0x3ffc2000 - 0x3ffc4000[0m
D (1378) memory_layout: Available memory region 0x3ffc4000 - 0x3ffc6000[0m
D (1385) memory_layout: Available memory region 0x3ffc6000 - 0x3ffc8000[0m
D (1391) memory_layout: Available memory region 0x3ffc8000 - 0x3ffca000[0m
D (1398) memory_layout: Available memory region 0x3ffca000 - 0x3ffcc000[0m
D (1405) memory_layout: Available memory region 0x3ffcc000 - 0x3ffce000[0m
D (1412) memory_layout: Available memory region 0x3ffce000 - 0x3ffd0000[0m
D (1418) memory_layout: Available memory region 0x3ffd0000 - 0x3ffd2000[0m
D (1425) memory_layout: Available memory region 0x3ffd2000 - 0x3ffd4000[0m
D (1432) memory_layout: Available memory region 0x3ffd4000 - 0x3ffd6000[0m
D (1438) memory_layout: Available memory region 0x3ffd6000 - 0x3ffd8000[0m
D (1445) memory_layout: Available memory region 0x3ffd8000 - 0x3ffda000[0m
D (1452) memory_layout: Available memory region 0x3ffda000 - 0x3ffdc000[0m
D (1458) memory_layout: Available memory region 0x3ffdc000 - 0x3ffde000[0m
D (1465) memory_layout: Available memory region 0x3ffde000 - 0x3ffe0000[0m
D (1472) memory_layout: Available memory region 0x3ffe0440 - 0x3ffe3f20[0m
D (1478) memory_layout: Available memory region 0x3ffe4350 - 0x3ffe8000[0m
D (1485) memory_layout: Available memory region 0x3ffe8000 - 0x3fff0000[0m
D (1492) memory_layout: Available memory region 0x3fff0000 - 0x3fff8000[0m
D (1498) memory_layout: Available memory region 0x3fff8000 - 0x3fffc000[0m
D (1505) memory_layout: Available memory region 0x3fffc000 - 0x40000000[0m
D (1512) memory_layout: Available memory region 0x4009887c - 0x4009a000[0m
D (1518) memory_layout: Available memory region 0x4009a000 - 0x4009c000[0m
D (1525) memory_layout: Available memory region 0x4009c000 - 0x4009e000[0m
D (1532) memory_layout: Available memory region 0x4009e000 - 0x400a0000[0m
[0;32mI (1539) heap_init: Initializing. RAM available for dynamic allocation:[0m
D (1546) heap_init: New heap initialised at 0x3ffae6e0[0m
[0;32mI (1551) heap_init: At 3FFAE6E0 len 00001920 (6 KiB): DRAM[0m
D (1557) heap_init: New heap initialised at 0x3ffb3dc8[0m
[0;32mI (1562) heap_init: At 3FFB3DC8 len 0002C238 (176 KiB): DRAM[0m
[0;32mI (1569) heap_init: At 3FFE0440 len 00003AE0 (14 KiB): D/IRAM[0m
[0;32mI (1575) heap_init: At 3FFE4350 len 0001BCB0 (111 KiB): D/IRAM[0m
D (1582) heap_init: New heap initialised at 0x4009887c[0m
[0;32mI (1587) heap_init: At 4009887C len 00007784 (29 KiB): IRAM[0m
[0;32mI (1594) esp_psram: Adding pool of 4096K of PSRAM memory to heap allocator[0m
D (1601) intr_alloc: Connected src 46 to int 2 (cpu 0)[0m
D (1607) spi_flash: trying chip: issi[0m
D (1610) spi_flash: trying chip: gd[0m
D (1613) spi_flash: trying chip: mxic[0m
D (1617) spi_flash: trying chip: winbond[0m
D (1621) spi_flash: trying chip: generic[0m
[0;32mI (1625) spi_flash: detected chip: generic[0m
[0;32mI (1630) spi_flash: flash io: dio[0m
D (1634) cpu_start: calling init function: 0x400facac[0m
D (1639) cpu_start: calling init function: 0x400fa720[0m
D (1644) cpu_start: calling init function: 0x400f6b78[0m
[0;33mW (1649) i2c: This driver is an old driver, please migrate your application code to adapt `driver/i2c_master.h`[0m
D (1660) cpu_start: calling init function: 0x400eec24[0m
D (1665) cpu_start: calling init function: 0x4008d1c8[0m
D (1670) cpu_start: calling init function: 0x400d2dbc[0m
D (1675) stack_chk: Intialize random stack guard[0m
D (1680) cpu_start: calling init function: 0x400d2580[0m
D (1685) cpu_start: calling init function: 0x400d6a34 on core: 0[0m
D (1691) intr_alloc: Connected src 17 to int 3 (cpu 0)[0m
D (1696) cpu_start: calling init function: 0x4010ac1c on core: 0[0m
D (1703) intr_alloc: Connected src 24 to int 9 (cpu 0)[0m
D (1708) app_start: Starting scheduler on CPU0[0m
[0;D (1712) intr_alloc: Connected src 25 to int 2 (cpu 1)[0m
D (1712) app_start: Starting scheduler on CPU1[0m
32mI (1712) main_task: Started on CPU0[0m
D (1732) heap_init: New heap initialised at 0x3ffe0440[0m
D (1732) heap_init: New heap initialised at 0x3ffe4350[0m
[0;32mI (1732) esp_psram: Reserving pool of 32K of internal memory for DMA/internal allocations[0m
D (1742) esp_psram: Allocating block of size 32768 bytes[0m
D (1742) intr_alloc: Connected src 16 to int 12 (cpu 0)[0m
[0;32mI (1752) main_task: Calling app_main()[0m
[0;32mI (1752) SD_Karte_SPEICHERN: Mounting SD card...[0m
D (1762) sdmmc_periph: peripheral version 5342270a, hardware config 03c44c83[0m
D (1772) intr_alloc: Connected src 37 to int 13 (cpu 0)[0m
[0;32mI (1772) gpio: GPIO[13]| InputEn: 0| OutputEn: 1| OpenDrain: 0| Pullup: 0| Pulldown: 0| Intr:0 [0m
D (1782) sdmmc_periph: slot=1 host_div=10 card_div=20 freq=400kHz (max 400kHz)[0m
D (1792) sdmmc_periph: slot=1 width=1[0m
D (1792) sdmmc_req: process_command_response: error 0x107  (status=00000100)[0m
D (1822) sdmmc_sd: SDHC/SDXC card[0m
D (1822) sdmmc_req: process_command_response: error 0x107  (status=00000100)[0m
D (1822) sdmmc_io: sdmmc_init_io: io_send_op_cond (1) returned 0x107; not IO card[0m
D (1932) sdmmc_common: host_ocr=0x40ff8000 card_ocr=0xc0ff8000[0m
D (1932) sdmmc_common: sdmmc_card_init: host_ocr=40ff8000, card_ocr=c0ff8000[0m
D (1932) sdmmc_init: sdmmc_card_init: card type is SD[0m
D (1942) sdmmc_common: sdmmc_init_host_bus_width: using 4-bit bus[0m
D (1942) sdmmc_periph: slot=1 width=4[0m
D (1942) sdmmc_periph: slot=1 host_div=8 card_div=0 freq=20000kHz (max 20000kHz)[0m
D (1952) vfs_fat_sdmmc: using pdrv=0[0m
[0;32mI (1962) SD_Karte_SPEICHERN: INit sdcard success
[0m
[0;32mI (1962) gpio: GPIO[25]| InputEn: 1| OutputEn: 0| OpenDrain: 0| Pullup: 1| Pulldown: 0| Intr:2 [0m
D (1972) intr_alloc: Connected src 22 to int 17 (cpu 0)[0m
[0;32mI (1972) cam_hal: cam init ok[0m
D (1982) camera: Enabling XCLK output[0m
D (1982) ledc: Using clock source 4 (in slow mode), divisor: 0x200[0m
D (1992) ledc: In slow speed mode, global clk set: 4[0m
D (1992) ledc: LEDC_PWM CHANNEL 0|GPIO 00|Duty 0001|Time 0[0m
D (2002) camera: Initializing SCCB[0m
[0;32mI (2002) sccb: pin_sda 26 pin_scl 27[0m
[0;32mI (2012) sccb: sccb_i2c_port=1[0m
D (2012) intr_alloc: Connected src 50 to int 18 (cpu 0)[0m
D (2012) camera: Resetting camera by power down line[0m
[0;32mI (2022) gpio: GPIO[32]| InputEn: 0| OutputEn: 1| OpenDrain: 0| Pullup: 0| Pulldown: 0| Intr:0 [0m
D (2052) camera: Searching for camera address[0m
[0;32mI (2062) camera: Detected camera at address=0x30[0m
[0;32mI (2062) camera: Detected OV2640 camera[0m
D (2062) ov2640: OV2640 Attached[0m
[0;32mI (2062) camera: Camera PID=0x26 VER=0x42 MIDL=0x7f MIDH=0xa2[0m
D (2062) camera: Doing SW reset of sensor[0m
[0;32mI (2162) esp32 ll_cam: node_size: 3072, nodes_per_line: 1, lines_per_node: 4, dma_half_buffer_min:  3072, dma_half_buffer: 12288,lines_per_half_buffer: 16, dma_buffer_size: 24576, image_size: 18432[0m
[0;32mI (2172) cam_hal: buffer_size: 24576, half_buffer_size: 12288, node_buffer_size: 3072, node_cnt: 8, total_cnt: 1[0m
[0;32mI (2182) cam_hal: Allocating 9216 Byte frame buffer in PSRAM[0m
D (2182) intr_alloc: Connected src 32 to int 19 (cpu 0)[0m
[0;32mI (2192) cam_hal: cam config ok[0m
D (2192) camera: Setting frame size to 96x96[0m
[0;32mI (2202) ov2640: Set PLL: clk_2x: 0, clk_div: 3, pclk_auto: 1, pclk_div: 8[0m
[0;32mI (2282) SD_Karte_SPEICHERN: INit camera success, Taking picture...
[0m
 115  114  110  109  108  103  105   96   97   96   93   90   89   88   83   80   76   79   72   75   73   69   71   67   66   68   67   72   69   79  133  166  171  175  174  167  149   82   60   57   55   56   50   50   45   53   46   47   44   42   47   46   49   49   51   49   48   52   54   55   58   58   64   66   68   74   78   81   85   91   94   98  102  104  103  104  108  107  106  106  103  102   95   91   88   82   75   69   72   63   62   58   55   52   48   53 
 113  111  108  106  107  104  101   99  100   95   95   93   89   87   84   86   81   78   80   71   75   72   69   69   71   69   68   72   76   82  157  172  174  175  170  160  156   69   59   55   53   51   50   49   48   48   46   47   48   43   44   46   45   48   47   49   52   54   54   51   56   57   61   63   68   73   76   79   85   89   93   96   99  100  102  102  103  104  103  101   96   93   91   90   83   77   72   71   68   59   59   55   54   50   49   35 
 111  109  107  106  104  103  103  100   98   97   95   92   92   89   86   85   84   83   78   76   77   76   74   73   69   67   72   73   77   69  157  171  174  170  164  155  149   72   60   60   55   51   52   49   48   49   48   47   43   45   46   47   47   47   48   48   49   51   51   54   56   60   60   63   69   71   73   78   83   85   90   91   95   94   98   98  100  100   95   94   88   86   85   80   77   71   69   65   62   60   56   54   52   48   47   36 
 109  107  105  105  103  102  102   99  100   96   94   94   91   89   89   88   86   82   81   78   80   75   74   75   73   72   70   75   79   72  180  172  174  168  161  151  146   79   65   61   57   51   53   52   50   47   47   44   46   45   43   45   46   45   47   47   44   47   50   54   56   57   59   63   68   71   71   73   82   81   85   88   91   89   93   94   92   93   93   89   87   81   80   77   74   69   66   61   59   57   55   50   49   48   46   47 
 106  105  105  107  101  101   99   98  102   98   96   96   95   94   91   93   79   90   83   84   81   80   78   75   72   74   74   76   82   69  174  172  175  169  162  155  157   98   67   57   58   55   51   49   48   47   45   45   47   46   44   45   44   45   45   45   45   49   49   52   54   57   60   65   65   69   72   76   79   81   86   88   88   90   89   89   88   89   86   82   81   77   75   75   71   66   63   58   57   55   52   50   49   46   44   45 
 107  106  103  105  105  104  100   97  102  101   98   99  100   97   97   97   99   98   94   87   86   84   81   79   78   78   77   76   83   76  168  173  175  171  167  160  155  118   60   61   57   56   51   48   48   46   46   44   43   44   43   44   44   44   47   45   46   47   49   51   52   56   59   62   65   70   71   77   81   81   83   86   89   87   87   86   83   84   82   78   75   72   70   70   65   64   60   58   56   52   51   49   47   47   44   41 
 108  108  106  105  105  105  105  105  104  105  101  103  103  103  104  109  106  182  186  136   81   87   82   82   79   81   80   81   84   76  170  174  175  172  167  162  155  116   65   58   58   53   52   48   47   45   47   45   42   43   42   43   42   43   44   44   47   47   48   50   54   55   60   62   64   70   73   78   79   83   84   85   88   86   84   85   85   80   81   77   74   72   68   63   62   58   58   57   53   52   49   46   47   44   45   40 
 108  108  111  108  109  110  109  109  107  108  107  109  108  106  113  121  209  196  195  197  182   81   86   85   82   82   80   77   86   81  174  168  170  169  164  159  154  122   68   62   56   53   51   50   47   47   48   42   41   42   42   42   42   43   43   44   44   48   50   51   53   57   59   62   67   73   76   81   82   87   88   87   90   88   87   87   85   83   82   77   73   69   66   64   60   57   55   55   51   50   46   44   45   41   41   37 
 113  108  110  114  111  112  111  112  111  111  111  112  111  112  118  193  192  195  194  190  176  104   95   91   88   88   87   85   89   83  170  164  164  162  158  158  150  113   64   60   56   54   52   49   46   45   42   43   43   40   42   42   42   43   43   43   43   47   50   51   53   56   58   66   67   72   75   81   83   90   90   91   93   90   89   88   84   82   78   76   73   67   65   61   59   55   54   50   49   46   47   46   42   41   41   31 
 115  115  117  115  117  117  116  115  116  116  115  114  116  117  123  198  189  191  188  179  169  109   98   92   86   90   89   85   92   86  178  169  163  160  157  156  145  102   66   60   57   54   50   48   45   44   43   44   47   41   39   40   41   42   43   41   43   46   47   47   51   56   60   64   71   72   82   86   91   92   96   98   96   94   94   90   88   82   78   76   70   66   62   60   55   53   51   49   47   45   43   47   40   38   40   35 
 122  123  123  122  124  123  121  122  122  121  121  120  120  121  124  199  191  191  186  178  168  125   96   97   94   91   92   91   94   94  181  180  178  172  167  159  150   88   65   60   57   55   53   50   47   45   45   41   43   42   42   42   41   41   43   41   42   45   46   50   52   55   59   63   75   79   85   92   96   99  101  102  101   98   97   94   92   83   76   76   70   67   63   56   56   53   51   49   47   46   43   45   41   40   38   41 
 124  127  128  126  128  128  127  127  127  125  126  126  126  126  122  202  194  195  192  185  174  124   91  100   97   92   93   93  100  111  187  184  182  177  174  166  160   96   66   59   56   53   52   49   47   46   45   43   44   43   43   42   40   40   40   41   40   42   45   49   50   54   59   66   72   86   87   96  100  104  106  109  109  106  101   99   94   88   83   75   69   66   61   58   56   53   51   48   44   45   42   41   41   39   38   41 
 129  132  131  133  132  133  133  135  135  132  131  130  131  132  127  193  199  201  198  191  182  134   96  101   99   98   97   96  104  146  186  186  184  179  176  169  165   82   64   54   56   53   51   48   46   45   44   41   41   40   39   41   40   40   41   43   42   42   47   46   49   54   59   69   73   84   95  102  109  112  114  115  114  113  107  102   95   89   83   73   67   61   58   55   53   51   50   46   43   43   42   41   39   38   36   39 
 135  137  137  139  140  141  140  141  140  140  137  137  136  138  136  190  203  202  199  196  187  151   91  106  103  102  100   99  108  180  187  187  184  179  173  169  165   85   61   59   55   56   53   50   47   46   45   44   43   40   41   40   40   40   40   41   39   46   46   48   50   55   59   63   73   85   97  105  113  116  118  118  118  115  110  105   97   90   82   72   68   62   59   54   52   51   49   45   43   42   40   40   36   36   35   44 
 140  141  142  144  145  145  145  145  145  144  144  143  140  141  140  187  201  200  197  194  181  152   93  109  107  103  104  101   98  190  189  187  182  179  173  167  165   87   63   60   56   54   52   50   48   45   45   44   42   43   41   40   41   39   40   41   43   44   44   48   49   56   59   64   73   85   96  107  114  119  120  122  119  116  112  105   98   92   85   72   64   61   57   55   52   48   45   45   42   42   39   40   39   35   37   32 
 140  142  144  147  147  147  148  147  148  147  147  146  145  145  148  183  192  196  195  192  177  155   90  109  107  105  105  105   97  204  189  186  181  176  173  168  164   86   65   61   58   55   55   50   49   49   48   46   43   42   40   41   41   41   40   39   42   43   44   47   48   53   57   64   72   82   98  107  115  120  120  121  120  115  112  104   97   89   83   72   64   61   55   51   49   45   43   45   40   41   40   40   38   36   37   27 
 143  144  145  147  148  150  149  149  149  148  147  148  147  148  152  185  201  204  203  199  182  169   92  108  110  108  108  108  107  196  188  184  178  174  172  165  164   73   66   61   57   56   51   51   48   48   46   47   45   42   40   42   43   42   40   41   43   41   43   45   46   50   54   62   73   80   94  105  113  117  118  119  118  114  110  101   94   86   74   70   63   58   54   49   47   47   43   41   39   38   38   37   35   35   37   27 
 142  144  146  147  147  148  147  149  148  149  149  149  147  148  151  198  204  208  205  200  185  168   94  103  112  110  110  112  122  187  189  183  177  175  171  165  163   58   65   62   59   56   56   53   48   45   47   47   46   43   41   40   44   43   42   42   40   40   40   44   44   50   55   58   68   77   87  100  110  115  117  118  116  112  106   97   88   81   71   66   62   55   51   48   42   44   42   41   39   38   38   39   36   35   35   21 
 138  142  144  145  145  146  147  147  148  149  149  147  147  147  151  212  204  207  206  201  186  177   82  103  112  111  111  117  166  188  185  181  177  174  174  168  164   70   68   62   60   57   54   53   50   46   46   46   44   41   42   44   41   41   42   37   40   42   40   43   45   48   49   55   63   69   84   95  103  109  110  110  110  104   97   88   82   76   69   62   59   50   50   50   46   41   42   40   39   37   37   35   36   35   37   12 
 134  134  140  141  142  144  145  145  146  147  146  147  146  147  149  209  204  206  204  200  189  182   91  103  112  113  112  110  199  188  182  179  175  174  174  170  167   67   68   61   59   55   55   54   51   47   48   47   45   42   42   40   41   42   40   39   40   39   40   44   42   46   51   55   60   67   82   88   95  101  103  103  100   97   92   84   76   71   65   62   57   50   50   46   41   42   41   38   36   37   36   37   36   35   35   15 
 131  132  135  136  137  138  139  141  142  142  142  142  142  144  148  215  205  206  204  200  192  177   94  102  112  114  115  109  204  194  193  190  187  176  170  167  174   61   64   62   62   56   56   53   51   48   47   45   44   44   42   40   39   41   40   39   40   39   40   37   43   43   48   51   58   65   71   79   84   90   94   95   94   88   85   79   73   66   61   57   53   50   48   44   42   39   40   37   37   39   37   36   35   34   35   33 
 127  130  132  133  133  135  134  136  136  137  137  138  137  139  145  212  204  206  203  199  193  179  107  103  115  116  117  113  202  195  195  196  188  181  171  165  175   69   66   62   62   58   56   53   50   50   47   48   45   45   42   40   39   40   38   39   37   39   41   39   41   42   45   47   54   57   61   72   77   80   79   82   79   81   77   73   68   63   57   53   51   49   47   45   41   40   38   37   37   36   39   35   35   34   36   38 
 126  107  134  136  128  129  129  131  131  130  131  133  133  136  141  217  203  208  205  199  195  179  139  103  112  116  120  138  202  194  195  194  189  185  178  168  169   66   65   64   62   58   57   55   52   49   48   47   46   44   44   42   39   40   36   37   38   38   41   39   40   40   43   46   51   53   59   62   65   71   74   73   72   71   68   68   63   59   55   52   48   46   44   42   40   40   38   37   38   36   37   36   32   31   33   36 
 103  232  201  200  201  136  128  126  126  127  127  128  129  132  133  217  205  208  207  201  198  184  159  103  113  118  120  156  197  197  194  190  185  186  180  168  152   74   66   66   63   60   57   54   53   50   50   47   47   43   42   40   39   39   39   38   38   38   37   37   39   40   43   44   48   51   54   59   63   64   66   67   65   66   64   62   57   55   52   48   46   43   42   39   38   38   37   36   36   36   36   35   33   31   34   35 
 128  198  200  201  196  170  123  122  123  124  124  126  126  129  132  217  207  208  205  200  197  190  171  104  108  117  122  184  197  198  196  190  190  187  183  174  136   80   69   66   64   62   58   56   53   50   50   50   49   46   44   43   40   39   39   38   35   34   36   36   36   40   40   41   45   47   50   55   54   60   62   61   61   59   57   57   54   52   50   47   42   42   40   41   35   37   36   35   35   32   33   34   30   32   33   29 
 146  197  200  198  193  183   99  108  119  121  120  122  125  126  134  212  208  209  212  207  206  193  177  105  111  120  122  204  197  197  194  191  191  189  185  172   91   78   70   66   64   61   58   56   55   51   49   51   50   48   46   45   41   39   40   37   34   34   35   37   36   37   39   40   43   43   47   51   53   55   52   55   56   54   54   54   53   50   47   46   40   41   39   38   38   36   35   36   32   33   33   32   33   32   33    4 
 134  195  202  201  198  189  181  105  112  118  118  120  122  126  122  205  204  213  213  211  211  209  181  101  111  122  111  208  199  196  193  189  186  184  180  175   79   76   70   68   65   63   60   60   54   52   50   52   49   49   46   45   40   40   38   36   36   36   38   36   37   37   37   40   40   42   43   47   48   51   50   50   50   53   51   50   49   47   43   44   40   39   39   37   37   35   36   34   34   34   32   33   31   31   32   29 
 103  199  199  206  205  199  219  107  106  116  117  117  121  127  125  205  208  218  218  218  214  212  195  128  112  123  115  201  198  195  191  188  185  183  179  179   73   79   70   68   67   64   63   63   60   58   53   53   49   49   44   46   43   39   39   40   37   36   34   35   36   34   35   34   38   35   41   42   46   46   43   47   48   47   46   46   45   47   40   42   40   37   39   36   36   34   34   32   35   33   32   32   32   31   32   36 
 113  176  192  203  205  202  194  148   99  113  115  118  122  126  130  197  204  214  216  215  212  211  201  146  115  124  129  195  197  192  189  187  184  183  178  169   79   72   76   73   71   68   67   62   62   60   58   56   53   50   47   47   46   42   38   36   36   38   35   35   32   34   36   36   36   38   39   40   41   42   45   45   46   44   43   43   45   44   39   40   40   37   39   36   35   34   33   33   35   36   32   33   32   31   29   25 
 103  151  182  200  204  204  198  188   76  105  117  119  120  125  131  180  201  212  214  214  211  211  206  156  118  124  165  198  196  190  186  183  180  179  175  140   81   81   76   74   71   72   69   72   68   69   68   62   58   56   50   49   43   41   40   38   37   35   34   36   35   35   33   35   37   37   37   40   40   42   40   42   43   41   42   42   42   39   39   37   38   37   37   36   34   33   32   31   32   34   31   34   31   30   33   25 
 101  102  177  196  204  206  204  187  105  107  116  119  122  124  131  165  200  208  212  213  211  210  199  169  115  126  188  199  193  188  182  178  177  176  176   91   86   82   77   76   76   79   77   79   80   68   48   65   65   59   54   51   46   43   40   35   38   36   35   35   33   34   33   33   36   37   40   37   39   43   41   43   40   40   42   43   38   36   37   36   35   35   35   33   33   32   33   32   31   32   32   32   31   31   33   11 
  98  107  155  186  204  210  211  210  208   91  110  118  122  125  131  151  196  205  208  209  209  209  201  183  114  124  214  196  190  185  177  175  174  174  176   91   90   85   83   85   85   89   82  102  227  255  254  199   90   70   62   56   51   45   47   41   40   37   34   33   34   34   34   33   33   35   35   34   36   37   37   39   38   37   39   39   37   37   36   37   35   34   32   32   33   32   33   32   32   31   33   33   30   31   32   20 
  89   99  117  194  205  214  216  216  210  160   94  116  121  125  131  131  196  205  207  209  207  208  204  191  114  123  220  196  187  182  176  173  174  174  147  100   92   85   88   90   99   87  211  245  242  244  240  227  221  101   65   62   55   51   46   44   40   38   36   33   31   32   33   33   32   34   35   35   35   35   36   37   37   37   38   36   37   38   36   37   35   35   32   31   33   34   33   31   32   32   30   32   32   32   33   12 
  89   97  104  184  200  212  215  218  214  204  119  114  120  125  130  116  197  204  209  210  209  209  211  198  102  119  213  205  198  190  180  176  177  183  113  100   93   92   95   98  100  216  207  225  242  248  247  239  221  220   84   69   59   53   50   44   41   38   37   36   33   34   33   31   30   33   35   34   35   34   35   35   34   37   36   37   36   36   35   34   34   34   31   31   32   32   31   31   33   32   32   31   31   31   31   29 
  79   88  105  135  198  208  215  218  219  213  223  104  116  126  128  116  200  206  210  212  212  211  216  212  130  157  222  227  207  200  190  186  185  204   98  102  100   99  104  115  216  208  208  216  236  247  249  244  234  226  196   57   65   57   53   46   43   42   38   34   34   32   31   32   33   32   33   32   33   33   34   34   35   37   36   35   34   34   32   31   32   32   34   33   32   30   31   32   32   32   34   32   31   30   29   32 
  79   88   93  120  194  205  213  219  220  219  217  163  113  123  128  120  212  208  210  213  213  219  225  236  244  245  244  239  226  211  198  198  196  221  100  108  105  109  125  221  209  206  204  208  227  240  245  245  239  226  220  157   68   62   55   49   43   40   35   34   35   34   33   31   31   31   34   33   32   31   32   32   32   33   37   34   33   34   34   31   32   32   31   33   30   31   31   31   32   32   31   30   30   30   30   14 
  82   84   93   97  189  195  209  216  221  219  215  213  111  121  127  135  211  216  221  225  229  231  234  246  251  252  249  246  241  234  235  236  233  252  100  117  116  121  221  215  212  203  201  205  216  228  239  240  236  226  218  236   60   71   61   47   46   42   40   38   36   35   33   32   31   34   34   33   31   31   34   33   33   34   33   34   33   34   33   32   31   31   31   29   31   33   29   31   32   32   30   31   32   27   29   26 
  78   81   89  100  145  186  204  211  217  215  217  224  188  117  126  140  205  222  231  232  240  244  248  252  254  254  252  248  245  240  236  235  239  245  190  112  127  220  214  214  207  195  193  202  212  222  236  239  238  226  221  213  129   72   58   51   47   44   40   38   37   36   35   33   34   33   32   31   31   34   30   31   35   34   33   33   33   33   32   30   32   32   31   30   30   30   32   31   33   31   32   31   29   26   28   24 
  72   72   87   95  100  184  197  205  212  218  219  228  242  109  127  142  199  242  250  246  245  246  251  254  255  255  252  248  246  241  236  235  238  244  255  201  253  217  214  207  198  188  179  194  206  215  234  239  234  227  222  209  185   66   60   53   54   44   42   39   36   35   35   34   33   33   33   33   32   34   33   33   34   33   33   33   33   33   33   31   34   33   32   32   31   29   32   33   31   32   32   31   30   31   29   26 
  73   75   83   94  104  160  185  199  210  224  229  233  240  238  125  142  255  252  251  251  250  249  252  254  255  253  247  242  242  238  235  237  234  241  251  252  201  201  202  197  188  173  160  180  196  211  235  238  234  229  220  206  194   70   67   55   48   47   41   41   38   36   36   35   32   30   31   31   30   31   33   35   32   33   34   35   32   32   31   32   30   33   32   30   32   31   30   31   31   31   31   30   30   29   29   22 
  69   72   79   86   92  112  181  200  216  224  230  235  242  251  254  255  255  255  255  255  253  251  250  251  249  247  243  239  237  237  238  236  232  231  237  244  222  171  190  185  174  166  157  149  190  205  225  228  223  225  216  198  190   97   69   59   52   49   44   41   37   36   34   33   33   34   33   32   33   31   33   34   33   33   36   37   32   34   34   31   32   30   32   30   32   31   31   33   32   32   32   30   30   29   28   16 
  69   72   76   78   93   93  175  198  214  223  231  236  243  245  252  255  255  255  255  254  251  249  247  247  245  242  240  237  234  235  234  232  227  221  220  224  222  196  175  173  166  160  154  151  178  204  221  221  207  189  183  183  186  101   74   59   53   48   44   40   39   37   34   33   34   33   33   34   32   31   33   34   34   33   34   33   32   32   31   31   31   31   30   31   31   30   31   33   31   32   32   30   28   27   28   21 
  65   66   75   79   85  101  140  197  211  221  230  234  239  247  255  255  255  255  254  253  249  246  244  244  243  240  239  235  232  230  229  228  227  207  210  206  203  198  189  164  158  155  150  148  153  204  222  212  224  253  233  163  173  102   73   61   55   47   45   40   40   36   36   36   35   33   34   34   33   33   31   33   32   34   35   33   31   30   30   31   32   31   32   30   29   30   30   33   31   32   27   30   29   25   29   15 
  63   65   72   77   89   99  102  196  209  219  229  234  241  247  252  255  255  255  254  251  248  245  242  242  241  237  236  232  229  227  224  220  230  220  206  197  194  192  184  174  150  144  144  141  129  205  224  205  249  251  225  185  179   95   74   63   56   49   45   41   40   38   37   37   36   35   35   34   33   33   33   33   33   33   33   33   32   31   36   32   33   32   31   28   31   32   30   30   30   30   29   29   29   26   28   15 
  64   65   70   76   84   92  100  177  204  218  229  236  241  246  248  250  251  252  252  251  247  241  239  240  237  233  230  225  222  221  220  223  228  228  209  194  190  186  178  167  157  147  138  133  111  208  224  238  255  255  232  202  189   82   72   63   58   52   48   44   41   39   38   39   36   36   35   34   33   32   33   33   33   33   32   34   31   33   33   31   30   32   31   31   30   31   31   31   30   29   31   29   29   26   28   19 
  62   66   69   74   79   86  103  144  199  217  228  235  240  244  247  247  249  251  251  250  248  242  238  236  234  230  224  220  214  214  220  221  219  220  207  199  183  180  175  162  154  149  139  117   98  210  223  240  255  255  239  206  195   80   69   64   58   50   47   45   43   41   39   38   37   35   35   35   34   35   34   33   31   32   31   32   33   33   32   31   33   31   30   30   29   31   30   29   28   29   29   29   27   27   27   25 
  60   63   66   72   77   85   96  115  204  215  229  235  239  241  242  242  246  246  248  250  247  243  241  237  228  225  219  215  214  218  218  216  209  208  201  192  180  174  172  161  153  144  140  104  104  202  217  225  253  253  235  205  177   84   67   65   59   56   53   46   44   41   40   40   37   38   36   35   35   35   33   33   32   33   32   32   33   32   32   31   30   31   31   31   31   30   27   29   31   29   29   26   27   25   26   25 
  59   63   66   69   73   83   97   98  211  214  228  233  235  238  239  237  238  242  245  244  243  241  240  233  227  220  213  217  223  224  220  209  206  194  195  180  177  163  161  162  151  145  165   98  118  171  202  228  229  228  216  188  120   90   75   67   62   58   53   48   45   43   43   40   38   37   38   33   36   35   34   34   35   35   33   31   31   32   32   32   30   30   30   32   30   29   30   29   28   27   28   27   28   27   26   22 
  56   62   62   66   70   80   88   96  209  212  227  232  234  235  236  234  232  233  237  236  236  236  232  225  219  219  223  223  223  222  219  211  200  192  187  177  169  167  157  155  149  152  182  117  112  102  167  165  218  219  204  177   84   92   84   73   62   60   54   50   49   44   42   39   39   38   38   36   34   36   32   33   37   34   32   33   32   34   32   30   31   30   29   32   28   27   25   25   28   28   27   27   26   23   25   26 
  55   59   64   65   71   78   86  107  205  208  221  227  229  231  234  233  228  227  228  229  228  227  224  222  229  231  227  223  222  221  215  206  195  186  191  204  196  183  186  157  153  163  182  167   99  112  104  215  217  217  206  207  232  200   63   79   76   67   56   53   50   46   45   42   40   40   38   37   36   34   33   33   36   35   34   33   31   33   29   30   30   30   28   28   28   27   27   28   28   29   26   27   26   23   23   27 
  54   57   60   62   71   75   85   99  159  199  212  222  225  227  227  226  223  221  217  223  226  232  235  233  237  234  229  223  222  218  212  202  195  194  196  200  201  185  177  164  158  167  197  212   92  112  155  214  214  206  204  203  197  187  186  150   81   76   63   59   54   49   46   44   41   40   39   38   37   36   34   34   34   34   34   34   31   31   30   29   31   28   28   28   29   25   28   27   26   25   25   24   26   24   24   26 
  54   58   61   61   66   73   84   96  121  188  205  217  220  220  221  222  217  213  219  225  233  236  237  237  235  232  228  223  219  215  207  201  204  206  202  199  193  192  172  157  163  189  206  226  144  107  214  203  202  197  197  197  194  189  188  194  253  196   49   69   59   54   50   48   44   42   38   37   39   37   35   34   33   35   32   32   33   31   30   29   29   28   27   29   27   25   26   27   25   25   24   26   24   22   22   24 
  54   54   58   58   66   71   79   87   95  185  193  205  214  220  226  228  230  232  231  231  232  234  235  234  231  230  223  220  226  221  212  208  213  215  210  203  195  200  214  216  201  208  220  226  218  118  197  192  189  182  185  187  187  185  187  191  204  206  217  100   67   58   54   49   45   44   40   39   38   34   36   36   34   33   32   32   30   31   30   29   27   26   26   27   26   25   26   26   24   23   24   24   23   21   23   23 
  54   53   55   59   64   68   73   86   74  178  186  203  221  227  232  234  235  233  233  232  229  228  229  229  227  224  222  231  232  224  215  213  213  214  212  207  210  214  215  217  225  216  220  224  227  150  184  176  166  172  174  176  178  182  184  180  203  205  202  199   75   68   59   52   48   44   42   39   39   39   38   35   34   34   32   33   28   30   27   29   27   26   28   26   25   25   23   25   25   25   25   23   22   19   21   23 
  50   51   56   58   58   65   73   76   85  140  189  209  221  228  231  233  234  233  232  228  226  225  225  226  222  223  228  233  231  224  217  214  212  213  211  213  219  222  221  221  224  228  227  226  226  217  181  170  158  157  163  165  167  175  175  171  193  197  196  178  168   65   61   57   50   45   43   43   41   40   37   36   34   33   33   30   29   30   29   28   27   25   26   25   25   25   22   22   25   23   23   22   20   19   21   21 
  51   51   54   56   61   65   70   78   88  110  195  203  217  224  228  231  233  232  232  227  225  223  223  222  224  232  231  233  231  224  218  214  213  214  219  221  224  225  225  225  228  230  230  230  230  236  173  165  152  145  151  154  156  165  165  167  185  194  191  176  172   70   65   60   55   50   48   44   42   40   39   36   35   34   31   31   30   27   26   28   26   26   26   26   25   23   23   23   25   22   22   22   22   18   20   19 
  48   51   54   56   61   66   67   86   90   97  194  198  212  222  226  231  233  234  233  230  225  222  220  226  233  233  234  233  230  224  221  213  214  217  227  227  226  226  226  226  227  229  227  229  230  238  162  166  161  151  147  149  153  160  162  168  183  189  187  178  160   79   67   61   56   53   50   47   43   40   39   38   33   33   32   31   30   29   29   28   27   24   23   24   22   21   23   23   23   22   22   23   21   17   17   19 
  49   49   55   54   59   63   65   74   83  100  186  193  208  219  226  230  231  232  231  230  226  225  225  229  233  235  237  235  228  224  218  215  216  222  229  230  227  226  226  224  224  225  227  229  229  230  224  152  157  158  167  161  159  158  160  170  179  184  183  176  159   82   70   60   58   56   50   48   43   42   37   36   36   34   33   28   28   27   27   27   25   23   24   23   22   22   22   22   21   21   20   20   19   17   17   17 
  48   50   53   55   58   60   63   70   82   96  155  187  203  215  222  225  228  230  230  230  231  229  228  231  231  236  238  236  230  226  222  218  219  229  233  230  227  225  225  224  221  223  226  224  223  226  229  209  150  148  151  156  154  151  155  163  168  174  175  172  157   89   67   62   56   55   51   48   45   42   40   37   34   32   32   30   29   27   26   25   26   23   22   22   22   21   20   20   19   20   19   19   18   18   16   17 
  43   48   48   52   55   57   62   68   77   97  133  183  201  210  218  223  227  230  231  230  229  231  231  231  232  235  237  233  229  228  227  222  223  232  232  229  227  226  227  223  221  220  224  222  217  223  222  204  164  140  136  135  138  141  141  147  153  156  155  150  132   78   70   61   58   56   54   48   46   44   41   38   35   33   32   30   27   28   24   23   24   21   22   23   21   21   21   20   19   19   19   18   18   17   16   16 
