ets Jun  8 2016 00:22:57

rst:0x1 (POWERON_RESET),boot:0x13 (SPI_FAST_FLASH_BOOT)
configsip: 0, SPIWP:0xee
clk_drv:0x00,q_drv:0x00,d_drv:0x00,cs0_drv:0x00,hd_drv:0x00,wp_drv:0x00
mode:DIO, clock div:1
load:0x3fff0030,len:7140
load:0x40078000,len:15512
load:0x40080400,len:4
load:0x40080404,len:3904
entry 0x40080640
[0;32mI (29) boot: ESP-IDF v5.3-dev-422-ga7fbf452fa-dirty 2nd stage bootloader[0m
[0;32mI (29) boot: compile time Dec 19 2023 22:47:32[0m
[0;32mI (31) boot: Multicore bootloader[0m
[0;32mI (35) boot: chip revision: v1.0[0m
[0;32mI (39) boot.esp32: SPI Speed      : 80MHz[0m
[0;32mI (43) boot.esp32: SPI Mode       : DIO[0m
[0;32mI (48) boot.esp32: SPI Flash Size : 4MB[0m
[0;32mI (53) boot: Enabling RNG early entropy source...[0m
[0;32mI (58) boot: Partition Table:[0m
[0;32mI (62) boot: ## Label            Usage          Type ST Offset   Length[0m
[0;32mI (69) boot:  0 nvs              WiFi data        01 02 00009000 00006000[0m
[0;32mI (76) boot:  1 phy_init         RF data          01 01 0000f000 00001000[0m
[0;32mI (84) boot:  2 factory          factory app      00 00 00010000 00100000[0m
[0;32mI (91) boot: End of partition table[0m
[0;32mI (95) esp_image: segment 0: paddr=00010020 vaddr=3f400020 size=19each (106156) map[0m
[0;32mI (134) esp_image: segment 1: paddr=00029ed4 vaddr=3ffb0000 size=032fch ( 13052) load[0m
[0;32mI (138) esp_image: segment 2: paddr=0002d1d8 vaddr=40080000 size=02e40h ( 11840) load[0m
[0;32mI (144) esp_image: segment 3: paddr=00030020 vaddr=400d0020 size=3c9dch (248284) map[0m
[0;32mI (218) esp_image: segment 4: paddr=0006ca04 vaddr=40082e40 size=15a3ch ( 88636) load[0m
[0;32mI (260) boot: Loaded app from partition at offset 0x10000[0m
[0;32mI (260) boot: Disabling RNG early entropy source...[0m
[0;32mI (272) cpu_start: Multicore app[0m
[0;32mI (272) quad_psram: This chip is ESP32-D0WD[0m
[0;32mI (273) esp_psram: Found 8MB PSRAM device[0m
[0;32mI (274) esp_psram: Speed: 40MHz[0m
[0;32mI (278) esp_psram: PSRAM initialized, cache is in low/high (2-core) mode.[0m
[0;33mW (285) esp_psram: Virtual address not enough for PSRAM, map as much as we can. 4MB is mapped[0m
D (295) cpu_start: Pro cpu up[0m
D (298) cpu_start: Starting app cpu, entry point is 0x40081534[0m
D (0) cpu_start: App cpu up[0m
[0;32mI (1205) esp_psram: SPI SRAM memory test OK[0m
D (1213) clk: RTC_SLOW_CLK calibration value: 3279898[0m
[0;32mI (1218) cpu_start: Pro cpu start user code[0m
[0;32mI (1218) cpu_start: cpu freq: 160000000 Hz[0m
[0;32mI (1218) cpu_start: Application information:[0m
[0;32mI (1223) cpu_start: Project name:     esp32_cam_sd_jpg[0m
[0;32mI (1229) cpu_start: App version:      f78be4c-dirty[0m
[0;32mI (1235) cpu_start: Compile time:     Dec 19 2023 22:47:18[0m
[0;32mI (1241) cpu_start: ELF file SHA256:  a24fc6215...[0m
[0;32mI (1246) cpu_start: ESP-IDF:          v5.3-dev-422-ga7fbf452fa-dirty[0m
[0;32mI (1253) cpu_start: Min chip rev:     v0.0[0m
[0;32mI (1258) cpu_start: Max chip rev:     v3.99 [0m
[0;32mI (1263) cpu_start: Chip rev:         v1.0[0m
D (1268) memory_layout: Checking 10 reserved memory ranges:[0m
D (1273) memory_layout: Reserved memory range 0x3f800000 - 0x3fc00000[0m
D (1280) memory_layout: Reserved memory range 0x3ff82000 - 0x3ff82000[0m
D (1286) memory_layout: Reserved memory range 0x3ffae000 - 0x3ffae6e0[0m
D (1293) memory_layout: Reserved memory range 0x3ffb0000 - 0x3ffb3dc8[0m
D (1300) memory_layout: Reserved memory range 0x3ffe0000 - 0x3ffe0440[0m
D (1306) memory_layout: Reserved memory range 0x3ffe3f20 - 0x3ffe4350[0m
D (1313) memory_layout: Reserved memory range 0x40070000 - 0x40078000[0m
D (1319) memory_layout: Reserved memory range 0x40078000 - 0x40080000[0m
D (1326) memory_layout: Reserved memory range 0x40080000 - 0x4009887c[0m
D (1332) memory_layout: Reserved memory range 0x50001fe8 - 0x50002000[0m
D (1339) memory_layout: Building list of available memory regions:[0m
D (1345) memory_layout: Available memory region 0x3ffae6e0 - 0x3ffb0000[0m
D (1352) memory_layout: Available memory region 0x3ffb3dc8 - 0x3ffb8000[0m
D (1358) memory_layout: Available memory region 0x3ffb8000 - 0x3ffc0000[0m
D (1365) memory_layout: Available memory region 0x3ffc0000 - 0x3ffc2000[0m
D (1372) memory_layout: Available memory region 0x3ffc2000 - 0x3ffc4000[0m
D (1378) memory_layout: Available memory region 0x3ffc4000 - 0x3ffc6000[0m
D (1385) memory_layout: Available memory region 0x3ffc6000 - 0x3ffc8000[0m
D (1392) memory_layout: Available memory region 0x3ffc8000 - 0x3ffca000[0m
D (1398) memory_layout: Available memory region 0x3ffca000 - 0x3ffcc000[0m
D (1405) memory_layout: Available memory region 0x3ffcc000 - 0x3ffce000[0m
D (1412) memory_layout: Available memory region 0x3ffce000 - 0x3ffd0000[0m
D (1418) memory_layout: Available memory region 0x3ffd0000 - 0x3ffd2000[0m
D (1425) memory_layout: Available memory region 0x3ffd2000 - 0x3ffd4000[0m
D (1432) memory_layout: Available memory region 0x3ffd4000 - 0x3ffd6000[0m
D (1438) memory_layout: Available memory region 0x3ffd6000 - 0x3ffd8000[0m
D (1445) memory_layout: Available memory region 0x3ffd8000 - 0x3ffda000[0m
D (1452) memory_layout: Available memory region 0x3ffda000 - 0x3ffdc000[0m
D (1458) memory_layout: Available memory region 0x3ffdc000 - 0x3ffde000[0m
D (1465) memory_layout: Available memory region 0x3ffde000 - 0x3ffe0000[0m
D (1472) memory_layout: Available memory region 0x3ffe0440 - 0x3ffe3f20[0m
D (1479) memory_layout: Available memory region 0x3ffe4350 - 0x3ffe8000[0m
D (1485) memory_layout: Available memory region 0x3ffe8000 - 0x3fff0000[0m
D (1492) memory_layout: Available memory region 0x3fff0000 - 0x3fff8000[0m
D (1499) memory_layout: Available memory region 0x3fff8000 - 0x3fffc000[0m
D (1505) memory_layout: Available memory region 0x3fffc000 - 0x40000000[0m
D (1512) memory_layout: Available memory region 0x4009887c - 0x4009a000[0m
D (1519) memory_layout: Available memory region 0x4009a000 - 0x4009c000[0m
D (1525) memory_layout: Available memory region 0x4009c000 - 0x4009e000[0m
D (1532) memory_layout: Available memory region 0x4009e000 - 0x400a0000[0m
[0;32mI (1539) heap_init: Initializing. RAM available for dynamic allocation:[0m
D (1546) heap_init: New heap initialised at 0x3ffae6e0[0m
[0;32mI (1551) heap_init: At 3FFAE6E0 len 00001920 (6 KiB): DRAM[0m
D (1557) heap_init: New heap initialised at 0x3ffb3dc8[0m
[0;32mI (1563) heap_init: At 3FFB3DC8 len 0002C238 (176 KiB): DRAM[0m
[0;32mI (1569) heap_init: At 3FFE0440 len 00003AE0 (14 KiB): D/IRAM[0m
[0;32mI (1575) heap_init: At 3FFE4350 len 0001BCB0 (111 KiB): D/IRAM[0m
D (1582) heap_init: New heap initialised at 0x4009887c[0m
[0;32mI (1587) heap_init: At 4009887C len 00007784 (29 KiB): IRAM[0m
[0;32mI (1594) esp_psram: Adding pool of 4096K of PSRAM memory to heap allocator[0m
D (1601) intr_alloc: Connected src 46 to int 2 (cpu 0)[0m
D (1607) spi_flash: trying chip: issi[0m
D (1610) spi_flash: trying chip: gd[0m
D (1613) spi_flash: trying chip: mxic[0m
D (1617) spi_flash: trying chip: winbond[0m
D (1621) spi_flash: trying chip: generic[0m
[0;32mI (1625) spi_flash: detected chip: generic[0m
[0;32mI (1630) spi_flash: flash io: dio[0m
D (1634) cpu_start: calling init function: 0x400facac[0m
D (1639) cpu_start: calling init function: 0x400fa720[0m
D (1644) cpu_start: calling init function: 0x400f6b78[0m
[0;33mW (1649) i2c: This driver is an old driver, please migrate your application code to adapt `driver/i2c_master.h`[0m
D (1660) cpu_start: calling init function: 0x400eec24[0m
D (1665) cpu_start: calling init function: 0x4008d1c8[0m
D (1670) cpu_start: calling init function: 0x400d2dbc[0m
D (1675) stack_chk: Intialize random stack guard[0m
D (1680) cpu_start: calling init function: 0x400d2580[0m
D (1685) cpu_start: calling init function: 0x400d6a34 on core: 0[0m
D (1691) intr_alloc: Connected src 17 to int 3 (cpu 0)[0m
D (1696) cpu_start: calling init function: 0x4010ac1c on core: 0[0m
D (1703) intr_alloc: Connected src 24 to int 9 (cpu 0)[0m
D (1708) app_start: Starting scheduler on CPU0[0m
[0;D (1712) intr_alloc: Connected src 25 to int 2 (cpu 1)[0m
D (1712) app_start: Starting scheduler on CPU1[0m
32mI (1712) main_task: Started on CPU0[0m
D (1732) heap_init: New heap initialised at 0x3ffe0440[0m
D (1732) heap_init: New heap initialised at 0x3ffe4350[0m
[0;32mI (1732) esp_psram: Reserving pool of 32K of internal memory for DMA/internal allocations[0m
D (1742) esp_psram: Allocating block of size 32768 bytes[0m
D (1742) intr_alloc: Connected src 16 to int 12 (cpu 0)[0m
[0;32mI (1752) main_task: Calling app_main()[0m
[0;32mI (1752) SD_Karte_SPEICHERN: Mounting SD card...[0m
D (1762) sdmmc_periph: peripheral version 5342270a, hardware config 03c44c83[0m
D (1772) intr_alloc: Connected src 37 to int 13 (cpu 0)[0m
[0;32mI (1772) gpio: GPIO[13]| InputEn: 0| OutputEn: 1| OpenDrain: 0| Pullup: 0| Pulldown: 0| Intr:0 [0m
D (1782) sdmmc_periph: slot=1 host_div=10 card_div=20 freq=400kHz (max 400kHz)[0m
D (1792) sdmmc_periph: slot=1 width=1[0m
D (1792) sdmmc_req: process_command_response: error 0x107  (status=00000100)[0m
D (1822) sdmmc_req: process_command_response: error 0x107  (status=00000100)[0m
D (1822) sdmmc_sd: CMD8 timeout; not an SD v2.00 card[0m
D (1822) sdmmc_req: process_command_response: error 0x107  (status=00000100)[0m
D (1822) sdmmc_io: sdmmc_init_io: io_send_op_cond (1) returned 0x107; not IO card[0m
D (1832) sdmmc_req: process_command_response: error 0x107  (status=00000100)[0m
D (1842) sdmmc_req: process_command_response: error 0x107  (status=00000100)[0m
D (1852) sdmmc_req: process_command_response: error 0x107  (status=00000100)[0m
D (1852) sdmmc_cmd: sdmmc_send_cmd_send_op_cond: sdmmc_send_app_cmd err=0x107[0m
D (1862) sdmmc_common: send_op_cond timeout, trying MMC[0m
D (1872) sdmmc_req: process_command_response: error 0x107  (status=00000100)[0m
D (1872) sdmmc_req: process_command_response: error 0x107  (status=00000100)[0m
D (1882) sdmmc_req: process_command_response: error 0x107  (status=00000100)[0m
D (1892) sdmmc_cmd: sdmmc_send_cmd_send_op_cond: sdmmc_send_app_cmd err=0x107[0m
[0;31mE (1892) sdmmc_common: sdmmc_init_ocr: send_op_cond (1) returned 0x107[0m
D (1902) sdmmc_init: sdmmc_card_init: sdmmc_init_ocr returned 0x107[0m
[0;31mE (1912) vfs_fat_sdmmc: sdmmc_card_init failed (0x107).[0m
[0;32mI (1912) SD_Karte_SPEICHERN: INit sdcard success
[0m
[0;32mI (1922) gpio: GPIO[25]| InputEn: 1| OutputEn: 0| OpenDrain: 0| Pullup: 1| Pulldown: 0| Intr:2 [0m
D (1932) intr_alloc: Connected src 22 to int 13 (cpu 0)[0m
[0;32mI (1932) cam_hal: cam init ok[0m
D (1942) camera: Enabling XCLK output[0m
D (1942) ledc: Using clock source 4 (in slow mode), divisor: 0x200[0m
D (1952) ledc: In slow speed mode, global clk set: 4[0m
D (1952) ledc: LEDC_PWM CHANNEL 0|GPIO 00|Duty 0001|Time 0[0m
D (1962) camera: Initializing SCCB[0m
[0;32mI (1962) sccb: pin_sda 26 pin_scl 27[0m
[0;32mI (1972) sccb: sccb_i2c_port=1[0m
D (1972) intr_alloc: Connected src 50 to int 17 (cpu 0)[0m
D (1972) camera: Resetting camera by power down line[0m
[0;32mI (1982) gpio: GPIO[32]| InputEn: 0| OutputEn: 1| OpenDrain: 0| Pullup: 0| Pulldown: 0| Intr:0 [0m
D (2012) camera: Searching for camera address[0m
[0;32mI (2022) camera: Detected camera at address=0x30[0m
[0;32mI (2022) camera: Detected OV2640 camera[0m
D (2022) ov2640: OV2640 Attached[0m
[0;32mI (2022) camera: Camera PID=0x26 VER=0x42 MIDL=0x7f MIDH=0xa2[0m
D (2022) camera: Doing SW reset of sensor[0m
[0;32mI (2122) esp32 ll_cam: node_size: 3072, nodes_per_line: 1, lines_per_node: 4, dma_half_buffer_min:  3072, dma_half_buffer: 12288,lines_per_half_buffer: 16, dma_buffer_size: 24576, image_size: 18432[0m
[0;32mI (2132) cam_hal: buffer_size: 24576, half_buffer_size: 12288, node_buffer_size: 3072, node_cnt: 8, total_cnt: 1[0m
[0;32mI (2142) cam_hal: Allocating 9216 Byte frame buffer in PSRAM[0m
D (2142) intr_alloc: Connected src 32 to int 18 (cpu 0)[0m
[0;32mI (2152) cam_hal: cam config ok[0m
D (2152) camera: Setting frame size to 96x96[0m
[0;32mI (2162) ov2640: Set PLL: clk_2x: 0, clk_div: 3, pclk_auto: 1, pclk_div: 8[0m
[0;32mI (2242) SD_Karte_SPEICHERN: INit camera success, Taking picture...
[0m
 126  131  129  125  123  120  119  114  113  109  112  113  102  105  106  106  100   97  100   92   96   96   95   87   87   93   91   83   91   82   89   90   86   81   84   86   86   87   81   88   83   89   82   81   83   86   85   90   87   90   90   91   99   92   97  105  107  107  114  122  124  135  136  142  154  158  167  174  182  191  196  203  207  213  211  213  214  213  211  208  201  198  187  181  171  161  156  144  136  121  116  113  107   94   95   90 
 135  134  127  127  124  121  120  117  118  118  113  111  107  102  103  104  104   97  107  104  111   96   88   92   84   92   95   94   92   87   87   84   85   67   79   89   87   86   82   79   82   86   85   86   87   85   87   88   88   90   91   89   95  100  100  102  108  110  116  121  127  130  139  144  148  157  169  174  181  189  195  200  207  209  210  212  209  209  207  202  197  194  184  174  166  156  147  140  131  122  114  109  103   99   96   99 
 135  136  133  127  125  122  122  118  118  117  116  114  111  108  107  108  103  104  104  112  102  100  101   88   92  100   95   94   93   93   91   96   87   86   91   87   82   84   81   86   87   85   85   85   85   88   90   90   96   90  100   95   98   98   95  101  107  112  114  122  127  132  138  143  152  159  166  171  180  186  190  196  200  202  204  204  203  203  200  195  191  182  179  169  159  152  141  131  126  119  112  105  100   94   92   85 
 137  138  132  131  128  125  122  120  117  118  112  114  114  110  109  108  103   94  103  105  104   94  102  100   98   97   95   79   90   99   89   93   69   93   84   90   86   85   91   92   89   84   89   80   80   79   86   87   89   78   98   94   93  101   99  103  108  111  115  118  123  131  136  142  147  154  162  166  175  180  186  189  192  194  196  196  195  194  192  187  182  176  170  164  154  148  140  128  122  116  108  104   98   91   86   77 
 139  139  134  131  129  128  123  120  119  119  115  109  110  111  110  108  105  104  104   98   99  101   99   99   98   93  101   91   92   89   92   94   86   89   88   89   83   91   94   85   87   85   89   85   93   85   94   88   83   91   95   91   97  101  103  109  107  110  115  122  126  130  135  139  146  153  155  162  171  172  177  181  184  187  186  187  186  184  181  176  172  170  161  154  147  141  132  125  115  111  103   98   95   91   86   79 
 143  140  137  137  131  128  125  121  120  119  115  116  106  112  109  106  109  106  102  100  101  100   97  100   94   96  100   90   93   92   91   90   90   88   84   81   90   88   87   86   88   81   85   91   85   91   97   88   96  100   96   91   92  101  101  107  108  111  115  119  125  130  131  140  143  149  153  158  163  167  171  173  174  174  176  175  174  173  172  169  165  158  153  149  143  133  127  120  108  106   98   95   90   88   83   78 
 141  138  138  137  129  131  126  125  123  122  119  118  114  114  112  100  108  108  106  105  104  101   95   98   98   96   96   92   91   88   93   79   75   90   90   91   93   85   86   81   86   87   96   87   90   87   87   86   90   91   98   94   96   98   99  102  111  110  111  119  121  127  132  134  140  145  150  155  156  161  165  167  168  168  167  168  167  165  162  161  154  148  147  142  134  127  120  116  110  104   97   91   89   87   82   80 
 143  143  136  136  135  130  129  124  121  121  119  119  119  116  111  112  108  108  107  106  104  103  103  100   95   99   93   94   90   91   95   92   91   88   89   86   92   83   86   89   91   86   87   84   91   90   90   95   94   95   94   92  104   99  116  106  106  112  115  116  122  125  129  135  138  141  143  148  154  155  158  160  159  159  161  161  161  158  156  153  148  142  140  135  129  123  116  111  102  103   94   93   87   82   81   72 
 144  139  137  135  135  130  126  125  121  120  118  119  117  116  113  113  109  107  105  103  105   99  102  103   98   99   94   91   92   93   94   93   92   83   86   89   87   87   90   85   84   79   87   92   90   88   93   90   94   93   96   96   98  102  110  104  110  110  117  118  122  125  128  130  137  139  141  146  148  152  151  153  154  154  155  153  153  150  148  145  140  137  133  128  123  117  108  105  100   95   94   91   77   77   76   77 
 143  139  141  134  133  132  131  131  125  119  121  117  118  117  115  114  110  109  114   99  108  104  103  104  102  107   95   97   97   91   92   92   96   91   90   96   88   90   86   89   94   88   86   85   90   87   94   91   95   95   94   99   97  101  107  105  109  105  114  118  120  125  126  130  134  137  142  145  145  146  148  148  150  148  150  149  146  146  142  138  134  132  126  122  120  111  106  101   96   88   90   83   81   77   72   72 
 145  139  138  137  135  132  131  126  128  124  122  119  118  117  117  114  114  108  109  104  106  108  104  100   94  109  101   98   94   96   96   94   94   93   89   88   91   94   91   96   85   86   88   95   88   91   87   92   93   87   96   96   99  101  106  107  109  112  117  118  122  124  127  132  130  135  139  140  141  144  143  145  144  143  143  142  142  140  136  132  130  127  120  116  110  107  105   97   96   90   84   79   79   81   69   71 
 143  140  135  136  135  131  131  129  129  125  124  121  119  118  117  116  111  112  111  110  111  107  120  100   98  100  100   95   96   96   97   93   91   94   93   87   95   89   84   91   84   90   91   86   86   89   92   93   95   88   95   96   99  104  106  107  113  115  117  118  121  125  127  131  132  133  138  140  141  143  142  142  143  141  142  140  139  136  135  126  124  122  119  115  107  100  100   92   94   85   82   80   74   73   72   71 
 141  141  136  136  135  133  132  132  127  125  125  123  123  119  117  116  114  111  115  110  112  112  122  106  102  102   99  101   98   95   98   98   89   94   91   89   93   90   91   75   99   89   87   88   84   88   92   79   93   95   96   90  109  104  109  108  112  114  117  118  125  124  129  129  134  136  139  142  143  142  142  141  141  141  139  137  137  132  129  126  120  118  114  109  105   99   98   85   87   86   77   80   69   65   72   69 
 143  141  139  138  135  134  131  130  129  125  125  126  123  117  117  118  119  117  114  112  110  109  108  107  105  100  102   99   96   97   96   99   84   95   83   91   92   93   87   89   86   88   84   95   97   89   95   92   92   91  101   99  100  104  107  120  114  115  118  121  125  126  131  135  138  138  134  143  144  144  144  143  141  140  137  135  132  131  127  123  118  116  109  107   98   97   90   89   89   86   76   75   72   71   67   66 
 142  142  140  137  134  136  134  131  127  126  126  124  122  120  121  121  120  117  117  113  114  112  108  103  105  102  104  110   98   92   93   93   95   94   85   98   86   86   87   85   77   86   84   83   88   83   96   91   97   98   97   97  100  105  109   99  116  118  124  125  128  129  134  138  140  142  145  147  146  146  146  146  144  140  140  138  132  130  121  120  114  114  109  102  103   95   89   82   86   79   74   71   70   62   65   70 
 144  142  140  139  139  137  135  132  129  130  129  128  126  123  121  121  121  110  120  118  117  113  110  106  109  106  106  101  100   97   96   94   94   92   90   95   81   88   89   87   86   92   87   86   89   90   94   91   94   91  100  101  104  109  111  113  117  119  124  126  131  134  139  142  145  147  148  149  151  152  151  150  149  147  140  139  135  130  128  119  116  111  107  100   97   91   83   82   79   75   73   70   73   68   63   65 
 145  144  140  142  137  136  136  136  130  131  131  130  128  127  124  124  122  119  120  118  116  114  113  111  112  110  109  101  101   98  100   95   92   91   94   83   88   88   90   82   98   93   84   86   92   88   92   92   95   96   92  101  104  109  110  115  121  125  127  130  135  139  143  147  150  153  155  155  157  158  156  154  151  150  146  141  136  132  124  119  115  111  103  102   93   84   86   78   81   68   68   71   68   61   63   62 
 147  147  145  143  143  142  141  138  132  132  133  130  129  128  123  126  125  124  128  124  118  117  118  112  115  111  109  109  105  100  106   95   92   96   90   90   86   89   88   95   89   90   94   92   87   88   92   94   96   94  100  102  108  112  114  119  123  128  132  133  140  146  150  154  157  159  161  163  164  164  164  161  156  154  150  143  138  132  125  120  113  107  100   98   88   85   78   77   76   77   72   73   61   64   63   60 
 150  148  147  148  145  143  144  142  141  139  138  135  132  131  130  129  127  125  125  123  122  123  118  117  115  110  111  110  108  102  110  101   94   96   96   96   95   92   88   84   86   92   81   92   88   91   95   94   95   91   99  103  106  110  118  122  127  129  133  140  147  151  154  159  165  168  171  171  172  172  169  167  163  157  153  147  138  134  125  120  115  107  101   94   92   77   78   69   73   65   67   64   66   60   60   61 
 153  152  149  150  149  148  147  144  144  142  138  137  135  134  135  135  129  128  127  127  126  125  123  120  119  116  110  109  109  105  104   99   97   96   90   94   97   87   84   97  100   92   90   88   88   92   93   93   90   98  100  104  109  116  118  125  129  132  140  144  150  156  162  167  171  174  176  179  178  178  179  172  167  161  156  148  141  136  123  121  113  105  101   97   91   83   85   72   80   80   64   65   63   64   59   57 
 159  159  156  156  154  153  152  149  147  146  142  142  139  141  138  137  135  132  134  133  134  133  133  130  130  124  116  106  112  106  106  102   98  102  102   99   98  101   97   93  101   91   90   94   92   93   94   94  100  103  101  106  112  113  119  126  132  137  143  149  155  162  167  172  179  180  182  184  182  182  180  177  170  165  156  150  140  134  126  119  108  102   98   92   88   71   81   69   72   66   61   63   59   63   56   58 
 165  164  161  161  160  158  157  155  154  151  149  147  145  142  137  140  138  136  138  138  138  145  110  211   87  130  126  122  115  111  110  109  106  104  105  103  102  102  101   98   99   97   96   97   92   98   98   95  102  102  105  109  113  115  120  128  134  139  145  154  159  165  171  176  182  185  187  187  187  184  182  179  173  162  158  150  140  131  123  113  108  102   91   88   78   74   74   72   71   64   67   64   61   58   58   58 
 171  170  167  166  165  161  164  160  156  154  152  149  148  147  143  141  141  140  141  144  141  161  254  255  255  140  134  126  117  115  113  110  109  109  109  110  108  105  104  104  104   98   96  100   97   95   96   99  101  102  107  107  112  119  123  126  134  144  148  155  160  167  174  179  184  188  187  188  187  184  180  178  167  163  155  146  138  131  123  113  104   98   92   82   80   68   74   70   65   63   59   56   58   58   58   55 
 180  178  175  174  173  169  168  165  162  161  158  155  151  149  147  146  145  143  146  147  142  254  255  255  255  231  126  129  124  119  117  111  113  113  112  109  110  116  104  108  103  100  100   99   97  100   96  104   98  103  108  108  112  115  125  131  137  144  150  157  162  168  175  179  183  186  187  186  186  184  178  172  163  158  151  143  135  126  117  111  104   90   89   83   82   75   72   71   66   59   60   60   61   61   60   54 
 185  184  185  178  176  174  171  168  168  166  163  160  155  152  150  148  148  147  150  152  150  255  255  255  255  255  121  142  131  122  119  119  116  118  119  127  105  118  190  101  119  104  103  100   99   99   98   99  103  105  104  106  114  120  124  129  136  142  150  154  161  168  172  177  181  183  183  183  178  176  173  169  161  154  148  137  130  123  117  106   96   93   86   83   74   72   69   67   66   64   58   67   55   55   59   53 
 192  190  187  187  183  181  177  175  172  169  165  161  157  156  153  151  148  150  149  152  150  250  255  255  255  255  241  150  138  130  129  123  119  117  128  141  252  255  255  180  125  116  105  107  103  100   99  100  104  102  106  110  112  119  127  130  134  142  147  153  160  165  170  173  175  178  179  178  174  170  166  162  155  147  141  136  126  118  110  104   95   90   81   79   74   72   65   66   65   62   60   64   57   55   53   56 
 194  194  192  190  188  184  180  177  171  170  168  164  162  160  156  155  153  148  151  150  150  225  254  255  255  255  255  165  149  136  131  127  127  128  134  178  255  255  255  255  138  123  113  110  105  100   99   98  100   99  107  109  111  117  121  126  133  138  144  150  155  157  163  168  169  171  170  168  165  164  157  152  149  140  134  128  121  117  105  100   92   88   84   89   69   67   67   60   64   58   53   59   60   59   56   57 
 195  195  192  191  189  187  183  180  177  174  169  165  161  159  157  154  152  148  147  150  155  176  248  255  255  255  255  255  218  137  136  130  131  129  137  182  255  255  255  255  152  130  118  113  106  102  103  104  108  106  100  104  110  117  120  122  129  135  142  143  149  151  154  159  162  163  161  161  156  153  151  147  141  136  130  122  114  107   97   95  100   76   83   74   81   65   62   62   61   60   62   58   50   51   54   57 
 196  195  193  189  187  187  183  182  177  172  170  166  164  160  157  154  150  149  148  146  151  160  230  255  255  255  255  255  254  161  145  135  135  132  139  137  244  255  255  255  255  134  124  114  106  106  100  103  103  104  100  103  109  114  120  123  129  133  137  140  143  146  148  152  152  154  154  152  149  147  142  139  132  128  125  116  111  104   97   84   92   81   81   66   71   69   60   57   62   59   57   56   55   53   55   51 
 194  192  189  186  186  183  180  178  175  172  168  165  162  159  156  155  150  148  146  147  148  150  183  237  255  255  255  255  255  255  161  145  137  134  136  131  232  255  255  255  255  136  130  118  113  111  104   99  102  103  103  103  106  110  112  119  124  129  134  135  138  141  144  146  146  147  146  141  140  139  131  126  128  121  117  113  109   97   94   91   82   80   77   73   69   64   59   61   62   57   56   56   55   57   57   58 
 186  187  185  183  181  179  177  176  173  168  165  163  160  157  155  151  148  146  146  144  146  147  137  224  242  255  255  255  255  255  245  144  145  137  138  145  197  253  255  255  255  255  119  129  117  112  110  105  102  101  101  101  105  112  113  113  121  123  128  127  133  138  139  141  139  139  140  133  136  134  127  126  122  116  112  107  102  100   92   86   77   76   73   70   66   65   60   60   45   55   56   53   57   56   68   52 
 179  178  178  175  174  173  171  169  166  164  162  162  159  154  153  148  146  144  144  142  144  143  149  183  226  249  255  255  255  255  255  255  149  147  140  146  141  253  255  255  255  255  231  137  123  117  114  109  106   99  102   98  104  109  113  115  119  125  125  126  131  133  134  135  136  137  133  130  130  128  122  121  115  110  109  108   92   96   85   82   70   72   64   68   65   64   59   57   57   51   58   55   53   52   56   54 
 170  171  168  169  168  165  165  164  161  160  157  157  154  152  150  150  147  146  143  141  141  143  146  154  221  234  255  255  255  255  255  255  247  131  145  148  142  235  255  255  255  255  253  155  133  122  115  109  106  104  102  105  108  107  110  115  119  123  126  127  133  134  130  132  134  132  130  129  127  122  119  115  110  106  102   96   93   94   84   83   77   70   68   69   69   60   58   57   58   55   54   56   57   53   54   55 
 162  164  163  162  161  161  158  158  156  156  153  153  149  148  146  144  144  143  141  137  137  140  140  145  154  237  248  255  255  255  255  255  255  249  144  151  147  177  251  255  255  255  255  236  117  132  119  112  110  105  106  106  106  107  109  114  121  123  119  109  120  119  131  131  132  129  128  124  123  119  115  113  109  105  100   95   86   82   82   74   76   72   63   64   61   60   60   53   57   56   54   54   58   57   53   54 
 154  154  155  157  155  155  154  154  152  152  151  149  148  148  145  138  141  141  140  138  137  137  137  142  136  203  250  255  255  255  255  255  255  255  243  130  153  148  234  255  255  255  255  255  219  127  128  120  115  108  108  101  107  109  113  116  123  108  226  255  251  250  116  132  131  129  128  122  120  116  112  111   95  101   96   91   85   84   79   73   69   69   72   61   62   60   58   57   63   56   56   57   55   54   54   53 
 147  149  148  151  150  152  149  150  149  147  145  145  145  145  143  142  139  141  139  136  136  136  138  140  146  147  238  255  255  255  255  255  255  255  255  238  156  159  190  255  255  255  255  255  255  138  138  127  115  111  107  109  107  107  111  121  126  165  255  250  244  204  129  132  130  129  125  122  118  113  109  107   97  100   93   90   86   78   80   70   73   69   67   60   56   60   58   56   54   52   53   54   55   55   53   50 
 144  144  145  147  145  147  143  148  148  145  144  143  144  144  145  144  143  141  140  137  139  134  136  138  143  152  184  244  255  255  255  255  255  255  255  255  242  143  132  247  255  255  255  255  255  255  133  133  120  114  108  111  109  111  116  116  119  255  255  250  227  168  135  130  129  129  125  120  115  109  104  105   96   92   87   83   81   78   73   70   65   69   68   60   49   58   56   54   54   53   58   63   57   56   56   55 
 137  139  141  142  142  144  143  145  145  144  146  148  145  145  145  145  143  139  142  140  137  137  135  139  141  142  150  208  246  255  255  255  255  255  255  255  255  233  164  207  255  255  255  255  255  255  219  138  125  121  115  111  113  115  116  119   85  255  255  254  212  130  134  130  127  127  122  117  113  108  106  100   97   88   86   81   85   67   68   68   66   65   61   54   64   58   54   59   51   52   55   55   53   53   55   53 
 138  137  137  140  140  143  144  147  146  145  145  148  147  146  147  144  145  144  142  142  141  139  138  136  138  139  141  135  227  252  255  255  255  255  255  255  255  255  217  158  255  255  255  255  255  255  255  113  139  127  121  115  114  116  120  128  140  255  255  253  222  124  132  124  124  122  116  111  110  105   97   97   92   91   87   83   72   74   69   70   63   64   62   61   61   57   53   68   54   53   56   62   51   56   54   55 
 133  134  135  139  140  143  144  148  145  147  147  147  150  149  149  149  148  146  146  144  143  140  140  135  136  138  139  148  153  229  253  255  255  255  255  255  255  255  255  242  231  255  255  255  255  255  255  255  136  134  125  120  116  120  125  132  218  255  255  251  223  116  127  122  120  114  110  111  103   98   94   92   75   86   82   75   68   78   68   63   66   66   64   64   58   55   53   55   56   56   55   55   53   54   57   59 
 130  133  131  136  138  141  144  142  146  146  146  149  152  151  151  151  148  148  146  146  145  139  137  134  135  137  138  138  148  181  225  252  255  255  255  255  255  255  255  255  141  248  255  255  255  255  255  255  232  112  135  127  121  122  128  123  255  255  255  244  222  113  123  113  115   99  108  101  100   98   93   87   89   81   79   73   71   69   67   59   63   62   57   55   57   58   47   54   53   55   54   57   47   63   52   53 
 127  131  132  135  137  140  142  143  146  147  148  149  149  150  150  149  149  147  145  143  141  140  138  134  134  132  131  136  141  135  218  234  254  255  255  255  255  255  255  255  255  224  255  255  255  255  255  255  255  134  140  130  128  126  132  130  255  255  255  255  208  122  121  110  108  101   97  101   95   94   83   94   68   75   76   79   70   68   66   70   62   61   57   56   61   54   54   55   57   54   57   52   54   52   54   55 
 124  128  130  132  135  135  137  138  143  144  144  146  147  148  148  148  145  144  142  141  140  135  132  133  133  130  131  131  133  137  153  220  238  255  255  255  255  255  255  255  255  254  247  255  255  255  255  255  255  254  137  138  132  133  137  111  255  255  255  255  201  125  120  113  107   98   97   92   93   84   83   86   78   76   72   72   69   62   65   67   62   63   61   57   57   51   54   57   53   51   55   52   59   51   55   50 
 123  125  125  127  128  132  132  134  135  139  142  141  141  141  141  141  141  141  138  135  136  131  130  129  128  129  129  127  131  134  143  158  228  239  255  255  255  255  255  255  255  255  255  255  255  255  255  255  255  255  174  141  136  136  143  197  255  255  255  255  219  129  118  103  106   98   93   91   91   85   81   80   78   73   72   68   70   66   65   61   55   61   58   58   55   55   55   61   51   55   53   54   50   57   54   57 
 118  117  120  124  125  125  127  129  131  134  133  135  133  134  132  137  135  135  133  131  129  129  129  126  128  126  124  127  128  131  137  115  226  238  255  255  255  255  255  255  255  255  255  255  255  255  255  255  255  255  248  132  144  144  142  250  255  255  255  255  215  129  115  106  103  102   95   92   89   83   83   79   77   75   70   71   70   69   65   59   63   59   60   63   59   58   49   50   52   58   55   52   61   57   53   59 
 115  116  116  118  119  121  123  125  124  125  127  127  128  131  131  129  129  128  128  127  128  128  127  124  122  124  122  122  124  127  131  129  159  247  249  255  255  255  255  255  255  255  255  255  255  255  255  255  255  255  255  162  151  149  112  255  255  255  255  255  183  128  115  106  100   96   95   91   86   84   79   75   74   71   71   72   68   64   68   64   62   61   62   56   61   56   54   53   60   50   52   53   54   51   52   47 
 107  114  112  114  114  114  118   98  119  119  124  121  122  125  125  122  123  124  123  123  125  124  121  121  115  119  119  119  122  122  126  127  127  247  243  254  255  255  255  255  255  255  255  255  254  255  255  255  255  255  255  240  151  155  166  255  255  255  255  254  147  126  117  109  103   96   97   90   86   81   79   75   73   72   66   67   64   66   63   59   59   59   64   62   52   56   55   55   55   55   58   53   53   54   52   54 
 102  107  106  111  111  111  111  111  114  117  115  117  116  119  120  118  120  119  119  118  120  120  118  117  118  118  118  119  119  118  123  128  133  125  241  248  255  255  255  255  255  255  255  255  255  251  255  255  255  255  255  255  136  161  222  255  255  255  255  251  128  129  120  108  101   95   92   82   87   83   76   79   74   72   63   64   64   65   61   57   62   59   57   59   54   52   56   54   52   61   52   55   53   54   52   50 
  99  102  104  101  102  108  109  109  105  111  113  113  113  113  115  113  117  114  119  116  116  115  116  116  117  117  116  115  116  118  120  125  131  136  207  245  254  255  255  255  255  255  255  255  255  255  255  255  255  255  255  255  175  166  240  255  255  255  255  251  127  127  118  112  106   99   99   89   87   80   80   74   72   73   66   68   64   66   64   62   62   61   57   51   57   55   48   53   53   56   55   53   56   52   51   51 
  76   92  101  101   98  101   92  106  106  106   95  110  110  110  111  111  113  114  108  116  116  114  117  119  115  116  115  116  115  116  117  113  128  133  139  239  252  255  255  255  255  255  255  255  255  255  251  255  255  255  255  255  255  130  250  255  255  255  255  238  125  126  116  111  106   99   98   89   84   82   77   74   74   70   66   67   66   67   61   59   61   45   60   56   55   56   57   51   51   58   53   52   52   50   49   49 
  91   93   94   94   94   95   96  107   81  105  101  111  108  108  108  109  113  101  110  112  109  113  113  113  114  112  114  113  115  117  118  118  125  128  142  152  248  255  255  255  255  255  255  255  255  255  255  254  255  255  255  255  255  141  254  255  255  255  255  245  116  128  117  110  107  100   99   87   87   87   81   78   72   73   70   67   66   62   60   60   61   59   54   57   57   57   55   51   53   52   46   54   52   52   51   45 
  90   85   83   96   80   95  104   96   99  102  105   95   99  109   97  105  109  109  109  112  112  113  113  114  114  115  114  116  119  119  119  120  125  130  136  144  223  254  255  255  255  255  255  255  255  255  255  255  255  255  255  255  255  236  254  255  255  255  255  242  130  129  119  113  106  102   99   83   90   84   80   76   73   68   68   68   66   65   63   60   63   56   56   53   57   59   56   55   58   55   49   53   50   52   51   50 
  84   83   87   89   90   96   95   92   96   89   98  101  108  101  104  104  104  110  108  112  112  115  114  118  120  128  125  120  122  124  123  126  130  133  135  146  144  255  255  255  255  255  255  255  255  255  255  255  255  255  255  255  255  255  255  255  255  255  255  235  128  127  119  115  107  105   90   93   89   87   80   78   71   73   71   66   62   65   65   57   61   54   55   53   56   56   53   48   53   54   27   50   47   49   46   50 
  80   82   83   88   86   96   86   95   89   96   96   95   98  100  101  102  107  108  111  111  117  120  123  127  126  126  130  134  125  134  130  133  137  139  140  149  151  233  255  255  255  255  255  255  255  255  255  255  255  255  255  255  255  255  255  255  255  255  255  233  147  128  117  108  111  105   96   93   92   84   82   80   75   74   56   66   68   67   65   60   61   57   56   57   58   54   52   51   62   48   54   49   49   47   49   45 
  83   80   83   85   86   86   90   91   92   94   96   95   95  100  102  103  107  112  113  121  121  124  125  127  126  122  130  128  134  137  140  148  149  149  151  155  163  212  255  255  255  255  255  255  255  255  255  255  255  255  255  255  255  255  255  255  255  255  255  227  150  129  118  111  106   99  100   92   87   83   81   78   72   67   65   67   62   63   58   57   58   56   57   54   58   53   51   53   49   49   45   47   47   45   53   51 
  69   83   79   94   84   86   86   86   96   93   93   97  102  102  105  107  111  115  119  124  122  187  255  255  255  255  255  255  255  255  223  172  145  117  149  162  167  237  255  255  255  255  255  255  255  255  255  255  255  255  255  255  255  255  255  255  255  255  252  230  145  128  117  101  104   99   91   94   89   85   79   76   72   69   68   65   63   63   61   58   57   56   54   54   50   50   50   50   46   49   51   49   49   49   50   50 
  76   68   78   77   83   76   86   84   94   92   95   95   99   99  104  108  111  115  126  126  228  255  255  255  255  255  255  255  255  255  255  255  255  255  255  251  228  255  255  255  255  255  255  255  255  255  255  255  255  255  255  255  255  255  255  255  255  255  255  238  149  126  116  108  104  100   91   93   86   85   82   64   73   72   68   64   61   61   54   57   59   54   51   54   53   53   49   49   48   49   45   46   47   45   46   46 
  63   73   79   79   78   76   82   86   87   95   93   97  102  108  108  111  112  122  131  180  255  255  255  255  255  255  255  255  255  255  255  255  255  255  255  255  255  255  255  255  255  255  255  255  255  255  255  255  255  255  255  255  255  255  255  255  255  255  255  246  168  124  117  110  102   89   96   85   89   82   76   79   65   65   67   64   63   61   55   53   55   52   54   50   51   46   49   47   46   44   44   47   44   46   46   45 
  75   74   78   78   72   85   82   85   87   87   93   99   98  101  109  111  115  125  126  253  255  255  255  255  255  255  255  255  255  255  255  255  255  255  255  255  255  255  255  255  255  255  255  255  255  255  255  255  255  255  255  255  254  255  253  254  253  250  248  246  179  127  114  106  102   98   93   87   85   82   81   75   70   70   67   59   60   55   55   54   54   46   50   49   46   45   51   41   47   48   45   44   49   47   44   45 
  90   74   74   74   85   74   79   82   92   96   98   95   99  104  103  113  124  102  238  248  255  255  255  255  255  255  255  255  255  255  255  255  255  255  255  255  255  255  255  255  255  255  255  255  255  255  255  255  255  255  255  255  254  251  249  247  251  241  238  236  204  119  113  107   99   93   91   87   86   82   71   68   70   66   65   61   62   55   63   48   45   53   47   56   46   49   45   41   43   45   42   46   45   43   42   44 
  76   75   76   74   79   78   73   88   90   89   93  102   98  107  110  118  107  238  237  239  242  247  255  255  255  255  255  255  255  255  255  255  255  255  255  255  255  255  255  255  255  255  255  255  255  255  255  255  255  255  255  255  254  249  246  245  241  236  233  228  217  110  114  104   97   95   91   85   78   79   74   72   68   66   63   58   60   55   53   54   49   48   51   47   47   46   45   43   43   42   42   41   45   46   45   45 
  73   69   76   75   78   80   90   82   88   88   93   96  100  105  113  105  196  230  225  225  222  227  227  233  243  250  249  255  255  255  255  255  255  255  255  255  255  255  255  255  255  255  255  255  255  255  255  255  255  255  255  250  248  247  246  242  237  234  231  225  231  114  110  102   96   91   87   82   80   74   72   69   63   59   58   57   56   55   53   48   47   45   43   45   45   44   35   43   42   48   40   43   44   41   41   42 
  65   73   73   72   74   77   83   89   82   89   93   96  102  108  120   95  247  217  210  205  204  198  198  202  208  213  225  231  239  249  253  255  255  255  255  255  255  255  255  255  255  255  255  255  255  255  255  255  254  249  245  236  239  248  246  240  238  234  230  224  225  114  109   95   91   90   84   79   75   77   75   64   67   58   58   55   52   51   51   48   46   44   45   46   44   43   42   42   41   43   42   41   42   44   37   42 
  68   71   76   74   74   76   77   84   87   88   86   95   98  105  108  242  214  208  192  184  176  165  164  174  180  189  198  204  212  221  232  238  244  255  255  255  255  255  255  255  255  255  255  255  255  255  255  255  251  245  242  240  240  248  243  237  234  233  227  221  217  108  112  102   91   83   83   82   69   75   65   64   65   57   59   55   56   46   49   46   44   45   43   43   41   37   36   42   41   41   36   39   42   41   42   41 
  74   70   76   59   74   77   86   82   82   86   91   99  101  105  115  227  206  194  179  164  156  153  147  144  142  160  171  178  183  190  204  216  219  233  241  251  255  255  255  255  255  255  255  255  255  255  255  254  248  240  236  236  239  244  240  233  230  228  222  214  205  117  111  100   94  103   82   75   72   71   65   63   59   62   58   56   54   53   46   45   63   43   42   39   41   40   42   41   40   35   37   40   38   40   38   39 
  63   72   79   56   73   72   70   82   77   83   85   91   91  103   99  209  200  185  170  158  145  137  118  108  111   96  114  128  124  145  161  171  196  203  223  235  249  254  255  254  252  248  240  230  225  246  253  252  246  238  233  232  235  238  235  231  225  223  218  210  203  128  109   99   90   82   92   75   72   67   65   65   61   58   56   54   51   47   46   43   36   45   41   40   37   39   35   37   36   40   40   38   42   40   38   38 
  65   68   66   71   70   56   81   79   69   85   85   89   95  104   95  188  176  154  152  140  132  122  101   96   98   99  107  108  106  115  124  114  164  191  200  226  236  245  246  241  234  232  226  216  217  226  244  250  246  238  235  230  233  232  233  229  221  220  213  206  197  129  111   98   88   89   92   82   72   72   67   62   58   59   52   51   49   50   50   48   48   39   43   42   40   39   37   32   41   43   37   37   42   36   40   37 
  68   69   53   71   73   75   75   78   80   83   85   88   95   93   86  186  172  159  148  134  125  113   89   96   89   94  101  102  105  108  113  119  121  141  166  204  229  244  240  233  224  224  223  219  219  223  232  244  244  239  229  227  228  232  235  231  218  213  208  204  194  133  109   97   86   89   79   70   71   70   61   66   57   62   56   54   47   47   45   40   45   37   43   41   38   38   36   38   37   40   36   38   37   34   39   40 
  67   66   69   66   76   71   71   77   79   73   76   87   85   91   98  197  166  157  146  135  129  113   97   94   98   97  100  101  104  107  107  115  121  127  129  145  228  241  233  223  222  224  225  223  224  225  226  239  242  238  229  227  226  229  233  234  222  211  205  199  189  139  105   93   85   84   81   77   73   69   68   64   60   58   57   50   44   45   42   40   44   45   44   39   38   35   36   38   39   42   33   34   37   35   37   34 
  68   62   68   69   69   71   75   76   75   82   80   85   87  101  100  180  165  155  146  136  128   91   96   93   96   94   96  101  103  108  110  112  118  121  125  125  239  233  221  218  223  224  228  230  231  229  226  231  240  240  233  228  224  227  228  232  221  208  203  195  187  162  103   94   83   79   84   67   72   74   67   61   58   55   53   53   50   46   41   42   43   41   40   39   36   38   36   36   36   38   33   35   37   35   35   36 
  61   61   67   68   65   71   73   75   75   66   85   86   88   95  107  138  166  156  140  133  114   91   90   89   96   99  100  100  101  115  109  114  116  119  129  143  244  227  220  221  227  228  231  233  235  231  229  230  236  238  234  228  224  223  224  226  220  208  202  194  186  175  103   90   85   81   80   75   73   70   61   62   57   57   56   54   52   45   42   44   42   40   38   38   34   36   36   37   34   34   34   37   36   36   35   39 
  62   55   57   67   68   68   70   75   74   79   80   88   93  103  107  226  175  150  135  110   95   86   92   88   93   99  103  105  100   97  101  109  112  119  112  225  232  226  224  226  230  232  234  235  234  233  229  227  229  229  229  228  224  220  217  223  220  209  200  194  183  193   98   95   85   84   77   71   66   64   64   60   59   55   53   49   51   47   39   40   39   42   35   38   38   35   34   37   33   30   33   36   33   36   35   30 
  56   60   62   70   63   65   72   77   78   73   83   85   93  115  180  239  218  198  151  101   92   93   90   92   91   89   98   94  101  101  105  107  112  121  128  244  228  225  226  228  233  237  237  237  233  232  229  227  221  219  224  229  224  219  213  219  221  213  200  190  182  194   99   93   86   79   77   73   76   65   58   62   60   57   55   51   49   46   46   43   41   39   38   39   38   35   34   34   34   34   34   32   43   36   43   43 
  60   56   60   66   66   62   73   67   69   76   86   84   97  112  202  234  220  201  169  125  102   93   93   90   92   97   79   96   98  100  103  114  126  119  223  225  222  223  229  233  239  239  238  237  234  230  226  221  215  215  221  225  225  220  211  217  220  213  202  191  181  201   90   92   85   84   75   70   69   65   64   62   59   55   54   51   48   44   44   43   39   38   39   37   36   32   33   35   33   32   34   35   40   38   36   44 
  56   63   58   63   66   69   69   72   75   70   87   94  101  105  214  238  228  216  191  143  101  102   97   98   91   94   98  101  104  107  113  117   92  219  231  224  223  232  234  242  244  242  239  236  232  226  224  220  216  215  218  217  224  221  212  214  219  217  204  192  180  188   88   91   86   79   73   72   66   63   64   64   56   56   55   52   48   44   42   41   39   38   38   37   35   33   38   36   32   32   32   31   49   26   45   43 
  63   59   75   87   69   69   70   73   77   79   83   95  107   95  245  247  240  234  217  187  146  112  100  100   99  101  106  104  103  101   94  185  254  230  226  225  231  235  243  246  244  243  239  235  229  227  224  222  222  217  215  215  219  222  214  213  217  216  206  189  179  176  106   93   85   78   73   66   68   64   62   61   57   57   54   52   46   44   45   40   37   38   38   37   35   31   37   33   30   31   32   35   35   29   26   30 
  45   58   66   59   62   67   70   74   75   84   88  100   99  180  251  253  254  244  222  183  159  104  113  115  110  109  111  114  118  114  222  227  226  215  220  226  236  241  242  246  247  243  238  233  229  227  225  223  223  219  215  213  214  217  214  212  213  214  207  198  180  175  146   90   82   82   70   70   74   65   67   65   58   55   55   56   49   47   45   38   38   40   42   36   35   32   35   34   30   26   30   32   33   34   31   32 
  54   58   60   67   66   65   72   73   76   79   95  107  146  254  253  254  255  255  248  241  225  226  131  100  113  137  108  124  246  239  229  227  213  214  224  229  237  241  243  245  246  241  238  234  230  227  228  225  222  219  217  214  213  213  212  210  210  210  207  201  186  176  188  102   85   83   69   72   65   65   59   61   57   51   53   52   52   50   40   42   41   39   36   36   33   33   33   31   30   32   33   30   31   29   30   30 
  46   59   60   62   68   68   70   72   75   84   97  109  225  250  253  254  255  255  255  253  249  242  234  201  157  223  252  243  245  238  231  221  219  224  227  229  232  237  239  239  240  237  235  233  229  226  226  224  222  220  216  215  212  212  212  208  209  208  208  201  188  178  194   86   86   75   74   66   64   62   63   59   57   54   48   52   49   47   44   42   41   38   37   34   33   35   36   31   32   29   30   29   30   30   30   31 
  51   52   54   59   60   64   68   71   74   87  101  105  244  247  248  254  255  255  255  255  255  255  255  255  255  255  255  255  252  241  237  232  229  227  229  228  230  231  232  232  231  229  230  229  224  224  223  222  221  218  214  213  211  208  208  208  207  206  207  204  194  178  169   97   87   77   73   66   66   62   62   56   52   53   54   48   47   44   43   41   39   36   36   35   33   34   34   33   34   32   31   31   32   28   29   30 
  60   58   59   54   63   65   63   67   77   86   99  158  230  235  244  248  253  255  255  255  255  255  255  255  255  255  255  255  255  253  244  235  233  231  228  224  225  226  226  226  225  226  224  224  222  222  221  221  219  214  213  212  209  207  207  208  207  205  207  205  197  183  170  132   88   77   71   62   62   61   61   59   53   54   48   46   46   44   43   42   42   38   38   34   32   33   29   31   32   31   32   31   31   33   31   29 
  58   56   56   53   56   63   64   70   76   85   85  146  226  221  227  235  242  251  255  255  255  255  255  255  255  255  255  255  255  253  247  239  230  227  225  220  220  220  219  219  219  220  220  220  220  219  219  219  215  211  210  209  208  207  205  204  206  205  205  206  198  186  169  193   91   75   70   65   65   61   56   53   53   49   45   49   46   44   39   39   39   42   37   35   34   32   31   28   30   32   31   30   30   30   28   28 
  50   54   57   59   60   59   62   64   66   56   79  102  195  202  206  216  227  234  239  245  247  249  253  252  255  255  254  250  248  244  240  236  226  223  222  218  217  215  216  216  216  217  215  215  215  215  215  215  214  210  208  206  206  207  207  205  209  208  208  205  200  190  178  196   84   75   71   63   61   57   55   55   51   49   47   44   41   41   40   40   37   36   36   32   34   32   32   31   32   32   33   29   24   29   29   38 
  59   52   53   53   44   33   63   50   43   73   72   84  176  172  182  195  202  209  211  218  224  229  233  236  241  241  243  241  235  231  227  224  223  222  220  216  214  213  213  212  212  212  212  212  214  210  209  210  210  210  208  209  207  208  207  211  210  209  206  203  198  192  182  168  106   83   70   66   62   57   54   51   48   48   46   42   40   40   39   34   36   22   31   37   35   28   37   34   37   42   50   49   50   36   35   28 
  49   48   51   54   55   63   60   58   58   65   74   84  112  158  151  161  178  187  192  202  204  212  217  215  225  226  228  226  223  222  220  221  222  221  219  215  209  207  207  207  208  210  210  209  210  209  208  207  208  208  209  208  210  212  213  214  213  209  207  205  199  192  186  174  160   67   66   63   60   58   52   49   52   42   43   41   41   40   45   47   51   46   43   37   38   35   29   23   27   35   32   30   28   28   30   27 
  42   56   47   53   54   52   54   47   57   64   66   73   72   70  117  137  157  169  181  188  196  201  205  209  212  213  214  213  213  214  217  218  217  216  214  209  207  205  202  200  200  203  204  204  205  205  206  206  208  209  208  209  213  216  217  216  216  213  211  209  201  195  188  179  162   90   72   65   68   62   63   57   52   58   62   50   45   45   36   35   30   33   35   33   32   38   32   29   32   29   28   28   29   28   29   28 
  54   47   58   51   68   50   52   56   59   62   62   62   71   71   69  103  135  158  167  171  184  197  201  206  204  204  201  202  206  207  207  207  211  208  208  204  201  199  197  194  194  194  196  196  200  202  204  203  204  207  208  213  217  218  219  218  218  215  211  207  201  196  188  183  171  185   68   66   71   64   58   55   49   45   45   42   40   40   38   37   37   36   35   32   30   27   28   29   28   29   28   29   28   26   27   28 
  51   50   50   49   61   53   42   52   49   53   58   60   60   65   60   79   71   89  126  156  159  178  186  190  195  193  194  194  197  196  199  200  203  199  198  194  193  193  192  192  191  189  190  191  195  199  200  200  202  207  212  216  217  218  218  219  215  214  210  207  202  196  193  184  179  172  172   64   77   65   60   51   51   47   47   45   40   38   38   35   33   31   32   30   30   33   30   27   29   29   27   26   28   28   30   25 
  47   49   44   47   45   48   47   46   50   56   52   57   55   57   62   67   69   74   75   79  128  142  159  167  175  174  171  176  186  190  185  187  188  185  185  183  184  182  183  180  183  184  186  187  189  192  195  198  204  206  210  212  215  217  218  218  213  212  209  207  204  198  193  188  186  181  176  191  146   72   48   61   51   53   46   45   42   41   37   37   35   35   32   29   31   27   24   29   30   29   27   27   27   28   27   27 
  43   41   45   50   46   48   62   46   55   50   51   46   56   56   55   57   60   80   62   66   74   72   98  151  140  153  152  155  161  166  167  167  169  179  177  175  174  175  174  172  176  178  180  183  184  187  191  196  201  205  206  208  214  216  217  214  212  209  206  207  203  198  191  189  188  185  182  182  179  189  159   73   65   53   54   42   40   36   35   36   35   33   32   30   30   29   31   29   28   29   27   27   27   26   25   27 
  45   45   38   35   29   43   41   48   41   47   44   46   45   44   37   42   49   53   60   65   67   73   56   50  110  124  136  138  148  152  156  159  161  162  159  161  162  161  164  166  167  168  173  174  179  182  187  194  196  198  203  205  209  212  211  212  211  209  204  200  196  195  198  197  193  189  186  184  181  179  175  171  117   65   54   50   48   42   41   37   37   34   30   14   17   21   30   31   26   31   47   31   27   31    4    2 
  41   35   39   40   36   41   41   19   45   47   51   61   67   55   59   67   63   52   57   59   56   62   59   67   71   38  117  103  134  137  143  145  149  152  151  153  152  155  158  159  163  165  168  170  173  178  184  188  191  195  198  202  206  208  209  207  204  200  194  205  209  208  205  201  196  191  189  186  182  181  179  174  162  115   44   57   48   52   44   45   36   37   54   64   57   66   31   29   30   28   32   29   25   28   86   11 
  41   43   46   55   71   54   49   53   43   52   40   44   45   53   53   51   49   49   44   50   56   57   56   55   58   63   67   60   48   76  108  138  131  130  135  144  143  146  150  149  152  153  160  165  169  173  178  181  183  190  193  195  199  201  200  198  194  193  215  214  213  211  208  206  200  195  192  186  182  179  176  173  169  163  157   49   75   62   58   73   43   39   29   18   36   36   36   39   29   29   27   27   25   27   30   29 
  49   38   40   41   44   48   40   47   44   41   44   28   47   47   48   49   44   41   52   46   40   51   47   49   53   53   57   57   61   61   63   69   44   85  114  118  125  134  137  141  144  147  154  159  162  167  170  173  175  180  187  188  191  191  189  192  207  214  215  215  212  213  209  207  204  201  195  190  187  183  178  174  170  165  161  113   63   57   52   44   46   44   40   36   34   33   31   29   28   26   27   27   25   28   26   25 
  43   37   42   39   37   40   39   47   41   38   42   42   42   46   44   45   39   45   46   43   51   45   48   47   49   49   49   53   35   51   53   51   56   42   65   90  106  107  123  125  128  140  144  150  153  158  160  165  173  176  179  181  180  179  202  210  211  210  211  212  212  213  211  210  207  203  200  195  192  187  183  175  168  166  159  162  120   65   63   62   54   48   41   42   37   37   33   30   29   27   27   24   27   24   27   27 
  41   36   36   39   42   44   43   39   57   42   42   40   42   44   39   41   47   43   46   44   43   44   47   45   45   47   41   46   44   48   47   47   45   46   51   57   67   87  111  106  112  130  134  139  144  149  153  161  165  169  171  172  171  190  199  203  205  207  211  212  212  212  211  210  208  205  203  198  194  189  185  180  173  168  162  156  155  103   71   67   68   51   48   45   39   37   36   31   30   29   26   25   32   25   25   25 
[0;31mE (6382) SD_Karte_SPEICHERN: Could not open file =([0m
[0;32mI (6382) main_task: Returned from app_main()[0m
ets Jun  8 2016 00:22:57

rst:0x1 (POWERON_RESET),boot:0x12 (SPI_FAST_FLASH_BOOT)
configsip: 0, SPIWP:0xee
clk_drv:0x00,q_drv:0x00,d_drv:0x00,cs0_drv:0x00,hd_drv:0x00,wp_drv:0x00
mode:DIO, clock div:1
load:0x3fff0030,len:7140
load:0x40078000,len:15512
load:0x40080400,len:4
load:0x40080404,len:3904
entry 0x40080640
[0;32mI (29) boot: ESP-IDF v5.3-dev-422-ga7fbf452fa-dirty 2nd stage bootloader[0m
[0;32mI (29) boot: compile time Dec 19 2023 22:47:32[0m
[0;32mI (31) boot: Multicore bootloader[0m
[0;32mI (35) boot: chip revision: v1.0[0m
[0;32mI (39) boot.esp32: SPI Speed      : 80MHz[0m
[0;32mI (43) boot.esp32: SPI Mode       : DIO[0m
[0;32mI (48) boot.esp32: SPI Flash Size : 4MB[0m
[0;32mI (52) boot: Enabling RNG early entropy source...[0m
[0;32mI (58) boot: Partition Table:[0m
[0;32mI (61) boot: ## Label            Usage          Type ST Offset   Length[0m
[0;32mI (69) boot:  0 nvs              WiFi data        01 02 00009000 00006000[0m
[0;32mI (76) boot:  1 phy_init         RF data          01 01 0000f000 00001000[0m
[0;32mI (84) boot:  2 factory          factory app      00 00 00010000 00100000[0m
[0;32mI (91) boot: End of partition table[0m
[0;32mI (95) esp_image: segment 0: paddr=00010020 vaddr=3f400020 size=19each (106156) map[0m
[0;32mI (134) esp_image: segment 1: paddr=00029ed4 vaddr=3ffb0000 size=032fch ( 13052) load[0m
[0;32mI (138) esp_image: segment 2: paddr=0002d1d8 vaddr=40080000 size=02e40h ( 11840) load[0m
[0;32mI (144) esp_image: segment 3: paddr=00030020 vaddr=400d0020 size=3c9dch (248284) map[0m
[0;32mI (218) esp_image: segment 4: paddr=0006ca04 vaddr=40082e40 size=15a3ch ( 88636) load[0m
[0;32mI (260) boot: Loaded app from partition at offset 0x10000[0m
[0;32mI (260) boot: Disabling RNG early entropy source...[0m
[0;32mI (272) cpu_start: Multicore app[0m
[0;32mI (272) quad_psram: This chip is ESP32-D0WD[0m
[0;32mI (273) esp_psram: Found 8MB PSRAM device[0m
[0;32mI (274) esp_psram: Speed: 40MHz[0m
[0;32mI (278) esp_psram: PSRAM initialized, cache is in low/high (2-core) mode.[0m
[0;33mW (285) esp_psram: Virtual address not enough for PSRAM, map as much as we can. 4MB is mapped[0m
D (294) cpu_start: Pro cpu up[0m
D (297) cpu_start: Starting app cpu, entry point is 0x40081534[0m
D (0) cpu_start: App cpu up[0m
[0;32mI (1205) esp_psram: SPI SRAM memory test OK[0m
D (1213) clk: RTC_SLOW_CLK calibration value: 3289907[0m
[0;32mI (1218) cpu_start: Pro cpu start user code[0m
[0;32mI (1218) cpu_start: cpu freq: 160000000 Hz[0m
[0;32mI (1218) cpu_start: Application information:[0m
[0;32mI (1223) cpu_start: Project name:     esp32_cam_sd_jpg[0m
[0;32mI (1229) cpu_start: App version:      f78be4c-dirty[0m
[0;32mI (1235) cpu_start: Compile time:     Dec 19 2023 22:47:18[0m
[0;32mI (1241) cpu_start: ELF file SHA256:  a24fc6215...[0m
[0;32mI (1246) cpu_start: ESP-IDF:          v5.3-dev-422-ga7fbf452fa-dirty[0m
[0;32mI (1253) cpu_start: Min chip rev:     v0.0[0m
[0;32mI (1258) cpu_start: Max chip rev:     v3.99 [0m
[0;32mI (1263) cpu_start: Chip rev:         v1.0[0m
D (1268) memory_layout: Checking 10 reserved memory ranges:[0m
D (1273) memory_layout: Reserved memory range 0x3f800000 - 0x3fc00000[0m
D (1280) memory_layout: Reserved memory range 0x3ff82000 - 0x3ff82000[0m
D (1286) memory_layout: Reserved memory range 0x3ffae000 - 0x3ffae6e0[0m
D (1293) memory_layout: Reserved memory range 0x3ffb0000 - 0x3ffb3dc8[0m
D (1299) memory_layout: Reserved memory range 0x3ffe0000 - 0x3ffe0440[0m
D (1306) memory_layout: Reserved memory range 0x3ffe3f20 - 0x3ffe4350[0m
D (1312) memory_layout: Reserved memory range 0x40070000 - 0x40078000[0m
D (1319) memory_layout: Reserved memory range 0x40078000 - 0x40080000[0m
D (1325) memory_layout: Reserved memory range 0x40080000 - 0x4009887c[0m
D (1332) memory_layout: Reserved memory range 0x50001fe8 - 0x50002000[0m
D (1339) memory_layout: Building list of available memory regions:[0m
D (1345) memory_layout: Available memory region 0x3ffae6e0 - 0x3ffb0000[0m
D (1351) memory_layout: Available memory region 0x3ffb3dc8 - 0x3ffb8000[0m
D (1358) memory_layout: Available memory region 0x3ffb8000 - 0x3ffc0000[0m
D (1365) memory_layout: Available memory region 0x3ffc0000 - 0x3ffc2000[0m
D (1371) memory_layout: Available memory region 0x3ffc2000 - 0x3ffc4000[0m
D (1378) memory_layout: Available memory region 0x3ffc4000 - 0x3ffc6000[0m
D (1385) memory_layout: Available memory region 0x3ffc6000 - 0x3ffc8000[0m
D (1392) memory_layout: Available memory region 0x3ffc8000 - 0x3ffca000[0m
D (1398) memory_layout: Available memory region 0x3ffca000 - 0x3ffcc000[0m
D (1405) memory_layout: Available memory region 0x3ffcc000 - 0x3ffce000[0m
D (1412) memory_layout: Available memory region 0x3ffce000 - 0x3ffd0000[0m
D (1418) memory_layout: Available memory region 0x3ffd0000 - 0x3ffd2000[0m
D (1425) memory_layout: Available memory region 0x3ffd2000 - 0x3ffd4000[0m
D (1432) memory_layout: Available memory region 0x3ffd4000 - 0x3ffd6000[0m
D (1438) memory_layout: Available memory region 0x3ffd6000 - 0x3ffd8000[0m
D (1445) memory_layout: Available memory region 0x3ffd8000 - 0x3ffda000[0m
D (1452) memory_layout: Available memory region 0x3ffda000 - 0x3ffdc000[0m
D (1458) memory_layout: Available memory region 0x3ffdc000 - 0x3ffde000[0m
D (1465) memory_layout: Available memory region 0x3ffde000 - 0x3ffe0000[0m
D (1472) memory_layout: Available memory region 0x3ffe0440 - 0x3ffe3f20[0m
D (1478) memory_layout: Available memory region 0x3ffe4350 - 0x3ffe8000[0m
D (1485) memory_layout: Available memory region 0x3ffe8000 - 0x3fff0000[0m
D (1492) memory_layout: Available memory region 0x3fff0000 - 0x3fff8000[0m
D (1498) memory_layout: Available memory region 0x3fff8000 - 0x3fffc000[0m
D (1505) memory_layout: Available memory region 0x3fffc000 - 0x40000000[0m
D (1512) memory_layout: Available memory region 0x4009887c - 0x4009a000[0m
D (1519) memory_layout: Available memory region 0x4009a000 - 0x4009c000[0m
D (1525) memory_layout: Available memory region 0x4009c000 - 0x4009e000[0m
D (1532) memory_layout: Available memory region 0x4009e000 - 0x400a0000[0m
[0;32mI (1539) heap_init: Initializing. RAM available for dynamic allocation:[0m
D (1546) heap_init: New heap initialised at 0x3ffae6e0[0m
[0;32mI (1551) heap_init: At 3FFAE6E0 len 00001920 (6 KiB): DRAM[0m
D (1557) heap_init: New heap initialised at 0x3ffb3dc8[0m
[0;32mI (1562) heap_init: At 3FFB3DC8 len 0002C238 (176 KiB): DRAM[0m
[0;32mI (1569) heap_init: At 3FFE0440 len 00003AE0 (14 KiB): D/IRAM[0m
[0;32mI (1575) heap_init: At 3FFE4350 len 0001BCB0 (111 KiB): D/IRAM[0m
D (1582) heap_init: New heap initialised at 0x4009887c[0m
[0;32mI (1587) heap_init: At 4009887C len 00007784 (29 KiB): IRAM[0m
[0;32mI (1594) esp_psram: Adding pool of 4096K of PSRAM memory to heap allocator[0m
D (1601) intr_alloc: Connected src 46 to int 2 (cpu 0)[0m
D (1607) spi_flash: trying chip: issi[0m
D (1610) spi_flash: trying chip: gd[0m
D (1613) spi_flash: trying chip: mxic[0m
D (1617) spi_flash: trying chip: winbond[0m
D (1621) spi_flash: trying chip: generic[0m
[0;32mI (1625) spi_flash: detected chip: generic[0m
[0;32mI (1630) spi_flash: flash io: dio[0m
D (1634) cpu_start: calling init function: 0x400facac[0m
D (1639) cpu_start: calling init function: 0x400fa720[0m
D (1644) cpu_start: calling init function: 0x400f6b78[0m
[0;33mW (1649) i2c: This driver is an old driver, please migrate your application code to adapt `driver/i2c_master.h`[0m
D (1660) cpu_start: calling init function: 0x400eec24[0m
D (1665) cpu_start: calling init function: 0x4008d1c8[0m
D (1670) cpu_start: calling init function: 0x400d2dbc[0m
D (1675) stack_chk: Intialize random stack guard[0m
D (1680) cpu_start: calling init function: 0x400d2580[0m
D (1685) cpu_start: calling init function: 0x400d6a34 on core: 0[0m
D (1691) intr_alloc: Connected src 17 to int 3 (cpu 0)[0m
D (1696) cpu_start: calling init function: 0x4010ac1c on core: 0[0m
D (1703) intr_alloc: Connected src 24 to int 9 (cpu 0)[0m
D (1708) app_start: Starting scheduler on CPU0[0m
[0;D (1712) intr_alloc: Connected src 25 to int 2 (cpu 1)[0m
D (1712) app_start: Starting scheduler on CPU1[0m
32mI (1712) main_task: Started on CPU0[0m
D (1732) heap_init: New heap initialised at 0x3ffe0440[0m
D (1732) heap_init: New heap initialised at 0x3ffe4350[0m
[0;32mI (1732) esp_psram: Reserving pool of 32K of internal memory for DMA/internal allocations[0m
D (1742) esp_psram: Allocating block of size 32768 bytes[0m
D (1742) intr_alloc: Connected src 16 to int 12 (cpu 0)[0m
[0;32mI (1752) main_task: Calling app_main()[0m
[0;32mI (1752) SD_Karte_SPEICHERN: Mounting SD card...[0m
D (1762) sdmmc_periph: peripheral version 5342270a, hardware config 03c44c83[0m
D (1772) intr_alloc: Connected src 37 to int 13 (cpu 0)[0m
[0;32mI (1772) gpio: GPIO[13]| InputEn: 0| OutputEn: 1| OpenDrain: 0| Pullup: 0| Pulldown: 0| Intr:0 [0m
D (1782) sdmmc_periph: slot=1 host_div=10 card_div=20 freq=400kHz (max 400kHz)[0m
D (1792) sdmmc_periph: slot=1 width=1[0m
D (1792) sdmmc_req: process_command_response: error 0x107  (status=00000100)[0m
D (1822) sdmmc_sd: SDHC/SDXC card[0m
D (1822) sdmmc_req: process_command_response: error 0x107  (status=00000100)[0m
D (1822) sdmmc_io: sdmmc_init_io: io_send_op_cond (1) returned 0x107; not IO card[0m
D (1932) sdmmc_common: host_ocr=0x40ff8000 card_ocr=0xc0ff8000[0m
D (1932) sdmmc_common: sdmmc_card_init: host_ocr=40ff8000, card_ocr=c0ff8000[0m
D (1932) sdmmc_init: sdmmc_card_init: card type is SD[0m
D (1942) sdmmc_common: sdmmc_init_host_bus_width: using 4-bit bus[0m
D (1942) sdmmc_periph: slot=1 width=4[0m
D (1942) sdmmc_periph: slot=1 host_div=8 card_div=0 freq=20000kHz (max 20000kHz)[0m
D (1952) vfs_fat_sdmmc: using pdrv=0[0m
[0;32mI (1962) SD_Karte_SPEICHERN: INit sdcard success
[0m
[0;32mI (1962) gpio: GPIO[25]| InputEn: 1| OutputEn: 0| OpenDrain: 0| Pullup: 1| Pulldown: 0| Intr:2 [0m
D (1972) intr_alloc: Connected src 22 to int 17 (cpu 0)[0m
[0;32mI (1972) cam_hal: cam init ok[0m
D (1982) camera: Enabling XCLK output[0m
D (1982) ledc: Using clock source 4 (in slow mode), divisor: 0x200[0m
D (1992) ledc: In slow speed mode, global clk set: 4[0m
D (1992) ledc: LEDC_PWM CHANNEL 0|GPIO 00|Duty 0001|Time 0[0m
D (2002) camera: Initializing SCCB[0m
[0;32mI (2002) sccb: pin_sda 26 pin_scl 27[0m
[0;32mI (2012) sccb: sccb_i2c_port=1[0m
D (2012) intr_alloc: Connected src 50 to int 18 (cpu 0)[0m
D (2012) camera: Resetting camera by power down line[0m
[0;32mI (2022) gpio: GPIO[32]| InputEn: 0| OutputEn: 1| OpenDrain: 0| Pullup: 0| Pulldown: 0| Intr:0 [0m
D (2052) camera: Searching for camera address[0m
[0;32mI (2062) camera: Detected camera at address=0x30[0m
[0;32mI (2062) camera: Detected OV2640 camera[0m
D (2062) ov2640: OV2640 Attached[0m
[0;32mI (2062) camera: Camera PID=0x26 VER=0x42 MIDL=0x7f MIDH=0xa2[0m
D (2062) camera: Doing SW reset of sensor[0m
[0;32mI (2162) esp32 ll_cam: node_size: 3072, nodes_per_line: 1, lines_per_node: 4, dma_half_buffer_min:  3072, dma_half_buffer: 12288,lines_per_half_buffer: 16, dma_buffer_size: 24576, image_size: 18432[0m
[0;32mI (2172) cam_hal: buffer_size: 24576, half_buffer_size: 12288, node_buffer_size: 3072, node_cnt: 8, total_cnt: 1[0m
[0;32mI (2182) cam_hal: Allocating 9216 Byte frame buffer in PSRAM[0m
D (2182) intr_alloc: Connected src 32 to int 19 (cpu 0)[0m
[0;32mI (2192) cam_hal: cam config ok[0m
D (2192) camera: Setting frame size to 96x96[0m
[0;32mI (2202) ov2640: Set PLL: clk_2x: 0, clk_div: 3, pclk_auto: 1, pclk_div: 8[0m
[0;32mI (2282) SD_Karte_SPEICHERN: INit camera success, Taking picture...
[0m
  56   57   53   52   53   53   58   53   56   58   56   56   53   55   55   54   53   54   54   54   56   53   54   51   54   54   54   56   54   53   54   55   56   50   54   53   58   57   52   57   58   59   61   61   60   66   65   69   77   80   81   85   92   98  105  112  116  128  130  141  147  155  163  170  175  179  184  184  185  185  183  183  182  177  174  169  165  156  144  134  125  114   98   86   81   80  119  124  117  109  123  123  125  122  123  122 
  60   61   58   60   56   56   56   55   53   53   53   55   52   53   50   55   53   52   52   54   53   52   53   53   52   53   53   53   52   53   51   52   55   56   57   55   56   57   57   57   59   59   62   64   66   67   71   74   75   81   85   92   98  104  109  116  124  133  139  147  156  162  169  174  181  185  187  189  191  191  191  189  186  184  179  172  165  157  146  132  122  111  101   88   79   65  108  111  110  113  116  116  116  117  116  115 
  60   57   58   59   56   56   58   55   55   55   56   56   55   55   59   55   57   53   54   54   53   53   53   54   55   54   51   51   54   56   53   55   55   55   55   56   58   57   54   60   59   58   63   62   66   68   72   75   77   83   87   95  100  106  111  119  129  136  145  151  159  167  172  179  185  190  193  195  195  195  193  191  188  185  182  174  167  157  146  132  120  113   98   86   88   60  115  112  114  118  119  120  119  120  118  115 
  62   59   59   60   57   54   57   57   56   55   57   57   55   53   53   53   54   53   54   54   55   50   54   55   54   53   54   54   55   56   57   56   54   54   56   54   57   57   59   58   62   64   64   61   66   68   70   76   79   91   92   97  104  108  117  124  132  139  148  157  165  173  179  184  189  193  195  197  197  196  195  193  190  186  182  174  165  156  145  133  121  111   98   82   85   60  132  120  124  124  124  123  124  126  123  120 
  63   61   56   58   56   56   58   55   59   58   53   57   59   57   56   55   56   56   55   56   56   56   54   54   55   54   58   54   57   56   56   56   54   56   58   57   57   56   59   58   59   63   64   65   68   71   74   78   83   92   92  100  106  113  120  128  135  143  153  160  169  176  181  187  192  196  198  200  200  197  197  195  191  186  181  174  163  151  142  129  121  111   96   84   80   65  153  134  134  140  130  133  149  137  137  142 
  62   61   59   62   59   60   58   56   58   57   56   57   56   59   57   56   56   57   56   57   57   55   56   54   54   55   55   57   53   56   57   56   56   57   58   55   58   59   60   60   62   64   62   65   71   72   74   79   87   90   95  102  108  114  124  129  140  149  156  163  173  179  185  189  194  199  199  200  200  198  197  195  190  186  180  170  160  148  137  127  117  105   95   84   78   56  137  131  127  132  134  134  126  132  133  134 
  62   60   62   60   58   58   59   59   59   59   57   57   55   56   55   54   55   57   56   56   56   56   55   53   53   57   56   55   54   54   58   57   57   57   56   59   59   59   60   59   59   64   65   67   72   74   76   82   88   90   99  104  112  118  126  135  143  151  159  167  174  180  187  191  195  198  200  200  199  198  196  193  188  184  177  163  153  144  134  123  113  103   89   83   81   50  140  136  137  134  141  141  138  139  138  135 
  62   61   62   62   61   60   59   59   58   58   59   57   56   57   58   57   57   56   57   55   57   56   55   57   56   57   54   57   57   55   58   57   56   57   59   60   60   62   62   62   62   63   67   67   74   75   79   84   89   94   99  103  117  122  129  138  145  152  160  169  177  184  190  193  196  198  199  199  198  197  195  191  186  181  171  156  146  140  132  118  108   98   90   80   75   61  136  134  137  139  140  139  138  138  137  133 
  65   63   62   62   59   61   61   60   59   57   57   59   58   57   58   59   52   57   57   58   56   56   57   57   56   55   52   57   56   58   56   57   59   59   59   60   59   61   61   62   65   65   66   69   74   76   80   86   90   98  103  108  116  124  132  137  148  154  163  171  178  184  190  194  197  199  200  199  198  196  193  190  183  178  164  153  143  136  126  115  106   96   87   78   75   65  142  148  150  151  145  141  147  147  144  142 
  67   64   60   63   61   62   59   60   60   59   58   55   60   59   57   57   55   58   57   51   58   58   55   57   57   56   57   56   57   57   56   58   56   56   58   59   59   61   60   61   65   64   69   70   76   75   83   86   91   99  103  109  117  125  134  141  150  156  165  171  178  185  188  193  195  197  198  197  196  194  191  185  180  172  161  151  142  132  122  111  102   93   85   79   75   71  135  134  152  150  146  144  148  146  140  143 
  66   65   64   65   64   64   61   60   62   60   60   60   59   58   59   58   57   56   56   58   58   58   56   57   58   55   58   56   57   57   59   58   58   60   60   60   61   61   60   62   66   67   70   72   73   77   84   87   95   98  104  113  118  127  132  141  151  158  165  171  178  184  187  191  193  195  195  193  192  190  186  181  174  165  158  147  137  126  117  107   99   88   81   75   73   71  120  146  153  153  150  146  153  151  147  146 
  67   67   64   66   64   63   61   61   61   59   60   58   59   60   58   56   59   59   58   57   57   57   62   56   56   58   57   57   57   59   59   58   61   60   60   60   62   62   65   65   66   70   70   70   74   79   82   87   95  100  104  110  120  127  133  141  151  158  165  172  177  182  186  188  191  192  191  190  189  186  182  177  169  161  151  142  133  124  113  101   95   88   82   73   71   70  102  160  148  148  153  159  156  153  148  144 
  64   67   66   64   63   64   62   63   60   58   58   59   59   58   60   59   61   59   57   60   62   59   58   60   57   58   58   60   58   57   57   57   60   57   61   60   61   63   64   66   67   69   67   71   76   79   82   88   93   99  104  112  120  127  135  141  150  157  164  171  175  179  183  185  187  188  186  185  183  180  176  170  162  154  145  135  126  117  107   98   90   83   80   72   65   68   94  150  147  152  149  151  152  153  149  143 
  68   65   65   66   64   67   65   61   60   59   60   61   61   59   60   59   61   59   60   60   59   57   60   57   57   59   57   58   58   58   58   58   60   60   62   63   62   64   64   65   65   70   71   74   77   79   87   91   95  102  106  112  119  126  133  139  147  155  160  166  171  174  178  179  182  180  180  178  176  172  168  163  154  145  133  126  120  111  102   93   83   78   74   71   68   67   81  146  148  151  151  152  152  153  147  141 
  70   66   66   62   64   65   62   60   63   61   61   61   59   60   59   61   59   61   62   61   57   59   59   58   63   57   61   62   59   59   58   60   61   61   60   61   62   64   65   67   69   68   71   77   79   78   87   90   96  101  106  111  118  125  132  138  143  150  156  161  163  168  170  172  173  172  169  170  168  164  160  154  146  137  126  119  111  103   97   88   80   75   70   68   66   64   57  174  152  147  159  156  162  157  149  145 
  69   70   65   65   64   65   63   65   63   60   60   60   60   61   60   59   60   58   60   61   59   60   58   57   62   60   61   58   60   60   60   59   61   62   65   61   63   65   66   67   68   67   72   76   80   83   85   88   99   99  103  110  116  123  129  133  142  146  152  155  159  161  164  165  165  166  164  163  160  157  151  146  138  130  120  112  102   97   90   81   77   70   68   64   64   64   72  150  147  151  150  157  150  145  147  145 
  67   69   66   66   66   65   65   63   60   63   68   58   64   62   59   60   61   65   63   59   58   58   62   61   62   60   59   60   61   59   60   60   62   60   62   63   64   63   67   68   72   70   70   76   81   82   86   90   93   98  102  110  116  120  126  130  136  140  146  149  152  153  155  156  156  156  155  152  149  147  140  136  129  122  116  105   98   94   87   78   75   70   65   64   62   62   43  148  147  146  138  141  148  147  143  141 
  72   70   72   69   67   65   66   65   61   65   61   61   61   62   61   60   60   61   61   62   59   59   61   59   61   60   58   60   59   60   61   59   64   62   61   64   66   65   66   69   69   72   70   77   78   82   87   88   95   99  101  107  113  118  123  128  132  134  139  142  142  146  148  148  149  147  146  146  143  138  132  127  121  114  108  101   91   86   83   75   71   66   65   63   59   60   47  174  159  159  150  143  153  150  146  138 
  72   76   70   67   67   68   63   63   63   63   62   63   62   63   63   59   61   62   62   65   61   59   57   58   59   61   61   59   59   62   62   61   61   63   63   66   64   66   68   68   70   70   74   78   80   81   88   93   95   99  102  105  110  116  119  122  129  130  133  136  136  139  140  140  142  139  137  135  132  128  124  119  113  109  102   94   88   80   72   71   69   65   61   61   58   59   39  164  162  159  150  141  145  150  147  137 
  71   70   70   69   66   67   66   66   63   63   64   62   64   64   63   62   64   62   62   60   60   60   58   60   62   61   63   60   60   62   62   62   62   65   63   66   66   66   67   70   71   70   76   78   80   83   87   91   97  100  102  106  111  115  118  121  125  126  128  130  131  133  132  133  134  131  131  128  125  122  116  110  105   99   92   87   81   76   70   69   64   61   61   56   57   58   41  144  140  144  137  138  133  130  129  133 
  73   74   74   68   66   68   68   68   67   64   64   62   62   64   65   66   64   62   65   62   64   60   59   62   62   63   61   61   61   62   62   63   59   63   65   65   67   69   71   69   73   76   78   79   84   83   87   92   97  100  101  106  109  111  115  118  121  122  124  126  127  127  127  126  124  125  123  120  116  114  110  103   99   92   89   83   76   70   67   62   61   57   58   55   54   55   37  162  146  141  137  144  149  145  134  139 
  75   74   73   73   72   69   70   70   70   67   67   67   65   66   66   63   65   63   65   61   63   65   63   62   62   63   62   60   60   60   62   62   64   65   64   64   68   69   70   71   75   75   79   85   81   84   89   92   97   99  102  103  108  111  113  117  119  120  124  122  122  123  123  121  121  120  117  114  110  106  102   98   91   86   82   79   74   68   65   62   60   57   55   54   53   55   35  170  170  166  159  133  146  162  165  141 
  75   74   73   74   73   70   58   72   71   70   69   68   68   65   68   67   64   62   63   61   64   64   65   65   61   62   64   61   64   61   61   64   64   64   64   67   70   68   68   70   77   76   77   82   84   86   92   93   98  100  104  106  109  112  113  116  117  119  121  121  121  121  120  118  117  114  112  109  104  101   95   93   85   80   76   73   66   64   61   59   56   55   54   52   52   52   42  126  129  132  136  129  127  119  117  125 
  78   82   75   76   71   72   75   73   74   71   69   68   69   69   67   67   67   70   66   65   67   66   65   63   62   64   64   62   63   66   63   65   63   65   63   65   68   69   71   77   75   79   81   83   87   90   94   96  101  104  107  109  111  113  116  118  118  119  119  120  120  119  118  116  113  111  107  105  100   96   90   86   82   78   74   71   66   61   61   59   54   53   53   49   49   50   46  102  109  129  117  125  126  123  117  112 
  81   79   81   78   74   78   77   77   74   76   76   77   72   72   71   74   69   70   68   67   70   68   67   66   64   65   63   61   64   66   65   63   64   63   63   67   68   69   71   75   77   81   82   86   89   92   98   97  102  107  108  111  114  117  118  120  121  121  121  122  120  120  117  116  112  108  104  103   97   93   90   86   81   77   71   68   64   59   56   56   54   51   50   50   46   47   49  123  140  143  147  124  122  150  151  124 
  86   79   79   79   79   80   80   78   80   81   79   77   75   75   73   71   72   71   72   71   71   71   72   68   68   67   65   67   65   64   65   66   62   64   65   69   69   71   72   76   80   83   84   86   93   94   99  104  104  111  112  116  119  121  123  123  124  125  124  124  123  121  118  116  111  108  104  100   97   90   84   81   76   71   66   62   61   58   54   54   53   50   50   50   48   46   49   78  143  136  138  129  117  118  113  110 
  83   86   82   83   84   83   80   88   91   81  104   87   85   80   79   75   76   75   74   76   77   80   78   78   76   74   69   69   67   67   66   65   64   66   66   66   69   71   74   75   79   84   91   92   96   99  102  107  113  115  119  123  124  127  129  128  131  131  129  129  127  124  121  117  111  108  103   97   92   89   79   77   70   68   66   58   60   57   54   52   49   48   47   47   46   45   47   80  109   95  101  102  112  112   92  103 
  89   84   83   84   88   88   91   98   92  237  226  166   78   92   83   81   78   79   80   82   84   92   88   60   42   80   75   72   67   68   68   67   67   66   66   67   68   73   75   77   80   89   90   95  100  101  108  113  117  122  125  128  132  135  137  138  138  138  137  134  132  128  125  118  114  108  105   96   89   87   78   74   68   65   62   59   54   55   50   50   49   47   45   44   43   43   46   59  104  111  110  109  107  109  107   98 
  91   90   89   89   88   92   94   98  171  209  213  215  189   94   88   87   88   81   82   83   92   82  197  252  231   65   86   79   73   69   71   67   68   68   67   70   74   74   76   82   87   88   93   96  101  106  111  116  122  129  130  135  139  143  144  145  145  144  142  140  138  133  129  123  117  110  103   93   90   82   75   72   67   65   59   58   56   54   50   48   49   46   46   46   45   44   44   45  101  100  100  100   97   95   92   90 
  93   94   91   90   89   91   98  101  217  200  210  214  214  150   97   95   92   89   88   84  102  171  201  225  252  170   75   84   81   76   72   71   68   68   69   70   74   72   76   81   85   90   93  100  104  110  114  120  126  133  136  141  146  148  151  151  153  152  149  146  142  138  135  127  118  110  106   95   87   85   74   73   64   61   59   56   54   50   49   48   47   47   46   45   44   41   43   46   94   98   97   96   95   92   91   88 
  93   94   93   92   92   92   94  102  183  201  215  214  214  214  164   94   99   96   93   92   90  175  209  218  229  248  107   97   85   80   77   74   72   72   70   69   73   76   76   81   88   90   94  102  108  113  119  127  132  138  142  148  152  155  156  155  157  156  153  152  146  142  137  128  121  109  105   94   87   80   74   68   66   60   59   55   52   50   47   46   47   45   44   43   42   42   43   31  103   99   99   99   96   94   91   91 
  97   94   92   90   92   89   96  101  129  167  212  214  215  211  210  213  113  101  100   99  101  128  183  218  225  232  230  103   95   86   80   76   76   74   71   73   75   77   80   83   88   92   99  108  112  119  123  129  135  142  147  152  155  158  159  161  161  159  157  153  148  143  135  127  118  113  101   94   86   78   72   66   62   60   57   55   50   48   47   47   44   43   42   41   42   41   42   21  134  129  101  118  131  130  123  119 
  98   96   94   94   91   91   92   94  107  136  176  199  211  213  212  206  206  154  101  102  103  106  166  193  229  230  235  240  106   99   96   86   82   76   75   75   75   79   80   86   92   95  103  107  115  119  127  133  139  144  149  154  158  160  161  163  162  161  158  153  147  142  133  127  115  110   98   91   85   77   72   64   63   57   53   53   49   49   47   44   45   44   41   42   42   40   42   37  100   91   90   87   81   81   78   78 
 101   97   95   95   92   91   89   92   96  106  151  174  194  208  212  213  211  212  159   92  108  108  130  184  212  227  233  229  239  103   98   94   86   81   80   76   77   80   81   87   94   95  102  113  119  126  129  129  141  145  150  154  158  161  163  162  162  159  156  152  146  140  129  122  112  105   97   90   81   75   70   64   61   56   54   51   49   48   47   45   44   42   42   42   40   40   41   29  110   97   99   97   94   92   91   83 
  97   97   97   94   89   89   89   90   93   96   92  151  172  191  206  218  225  229  237  229  100  106  114  135  196  202  223  227  224  235   97  106   93   88   80   80   80   78   82   88   92   96  104  112  115  138  232  241  159  147  150  154  157  159  160  158  158  156  153  148  141  135  127  118  109  101   94   84   78   75   66   61   58   56   54   51   48   47   45   42   42   41   43   41   41   41   40   37   83  140  158  137  127  142  113  134 
  95   98   95   93   88   85   87   89   90   94   96  122  153  169  191  211  224  233  235  235  242  157  116  118  164  189  211  226  234  236  209   86  110   99   88   87   85   83   86   88   94   99  106  114  121  239  213  214  146  146  147  150  152  154  154  155  152  152  147  142  135  130  120  111  103   99   88   79   75   70   64   61   57   55   53   49   48   46   45   42   43   42   41   42   42   40   41   39  121   97   92   86   94   83   91   73 
  97   92   90   91   91   86   85   85   86   83   90   91  124  146  170  195  212  227  236  238  235  230  203  106  110  170  194  217  237  244  248  250  103   99   99   93   87   84   89   87   94  100  109  118  195  210  210  214  137  143  143  145  146  145  146  148  147  143  137  134  128  122  118  105   99   94   86   78   75   68   63   60   56   53   52   48   47   47   44   42   40   41   40   40   41   40   39   44  117  100  113   92   93   91   80   74 
  95   89   88   88   85   85   84   84   82   85   88   92   91  134  162  179  202  222  232  240  242  238  233  214   83  137  188  205  228  245  252  252  255   96  103   98   90   87   88   89   93   99  109  100  216  212  214  197  129  137  137  136  139  140  139  138  138  134  131  127  120  115  109  104   95   87   82   75   70   66   63   60   56   52   48   48   47   44   41   43   41   42   41   40   40   37   40   42  148  108  125  138  116  134  150  137 
  93   89   87   87   84   85   82   82   82   82   83   86   89   82  141  167  191  211  225  235  240  242  237  233  255  125  164  195  214  239  251  254  249  251   97  102   96   91   90   92   95  101  105   93  215  222  218  197  132  129  130  131  131  134  133  130  127  124  121  120  115  110  103   97   89   83   78   72   68   63   61   58   55   51   49   46   45   42   41   40   41   40   40   40   41   38   38   41  123  110   81  107   89   74  105   70 
  90   87   87   80   84   83   81   81   80   82   79   83   81   78   89  154  168  193  209  225  236  239  237  234  228  227  190  178  202  223  246  253  251  239  218   84  100   99   95   93   95   98  107   93  219  218  218  199  120  125  124  125  124  124  122  123  119  119  115  111  104  102   99   89   85   76   74   69   64   59   58   56   52   49   48   45   44   42   42   41   42   40   39   39   41   40   38   40   83   97   96   71   77   72   93   77 
  87   82   85   82   82   78   78   77   77   77   76   80   78   82   90   89  156  167  188  208  224  232  233  231  231  224  215  205  186  202  227  249  252  248  241  230   88  101   98   96   97   99  106   91  222  217  212  198  143  123  120  118  117  117  116  116  113  109  107  103   99   93   89   86   78   73   71   66   62   59   56   55   52   50   47   46   44   43   43   41   40   41   40   40   39   39   37   39   52  132  141  126  133  135  122  120 
  84   86   84   81   80   80   79   77   77   79   77   76   79   80   82   90   97  151  170  185  199  219  226  226  228  224  218  217  197  185  207  235  253  249  241  233  215   99  103   99   99  100  106  101  223  220  213  201  147  120  117  116  114  113  113  110  107  102  101   98   95   91   86   78   74   71   66   63   59   56   54   52   50   48   46   44   42   41   41   41   40   39   39   41   39   37   37   39   60   82   83   86   83   80   79   73 
  85   87   85   84   82   81   80   75   77   77   75   75   74   73   78   83   86   88  138  163  178  185  209  217  221  222  221  220  237  168  189  206  227  246  240  232  231  193  104  103  100  102  108  105  220  223  218  205  142  119  112  113  110  109  109  106  104   99   96   95   85   84   81   76   71   68   65   58   57   54   53   51   49   48   46   41   43   42   40   40   40   40   41   39   38   37   36   36   54   84   82   81   78   77   77   70 
  87   87   85   84   82   82   80   76   75   77   75   71   72   72   75   78   80   84   94  138  159  172  189  204  210  215  222  224  228  243  174  195  210  228  234  235  226  205  117  109  105  104  113  124  240  235  229  221  142  119  112  110  107  106  103  102   99   98   93   87   84   80   79   72   68   64   63   58   57   53   49   49   48   47   45   41   41   42   41   40   40   39   41   38   38   38   38   38   42  107   95   88   90   79   89  109 
  87   84   85   85   83   84   80   77   74   74   74   71   71   72   71   72   75   75   83   82  145  159  177  190  203  211  219  225  228  232  253  176  208  221  230  233  230  219  206  102  109  108  116  187  235  245  238  219  157  119  111  109  107  105  104   99   95   93   86   86   79   77   70   68   65   64   61   56   55   51   50   47   45   44   43   43   42   42   41   43   42   41   41   42   41   40   39   38   28   79   80   77   83   69   70   70 
  89   85   90   87   85   85   83   78   75   74   72   71   70   68   70   70   72   73   76   84   84  152  166  181  193  202  214  222  227  233  235  230  199  214  226  233  234  229  227  136  114  113  107  222  239  249  241  219  155  115  105  104  103  102  100   96   92   86   84   80   75   72   69   64   62   60   57   55   54   52   50   47   45   46   43   41   41   41   39   40   42   40   38   39   39   38   37   37   16   73   63   60   56   59   56   52 
  92   90   88   87   87   85   80   81   78   77   73   74   69   69   69   68   71   70   73   77   90  120  162  174  183  195  204  214  222  228  233  236  209  204  219  230  235  233  225  220  105  116  107  234  239  245  240  218  142  109  106  104  102  100   96   92   88   86   82   72   70   68   66   60   61   55   55   54   54   52   49   47   46   43   42   40   40   41   41   41   41   41   39   40   40   39   37   36   35  162  161  156  119  116  131  142 
  95   93   93   90   85   84   81   79   76   74   72   74   67   68   70   68   69   70   70   73   82   87  171  170  178  188  195  204  216  222  228  232  232  195  212  220  227  230  226  220  116  122  102  227  235  239  231  216  135  110  102   99   98   95   91   89   84   82   77   72   69   67   62   62   58   55   53   54   52   48   48   45   44   43   43   41   43   41   41   41   41   40   39   41   39   39   38   38   30   75   68   75   74   67   61   63 
  90   88   87   78   84   81   79   77   72   73   69   69   67   69   69   67   68   66   68   72   80   84  108  175  174  183  191  198  206  214  223  227  228  221  205  214  225  227  225  216  217  127  108  217  227  235  226  209  143  105   99   95   92   90   85   83   79   75   72   72   69   65   63   59   56   54   53   52   50   50   47   46   44   43   42   42   41   41   39   39   38   39   40   40   40   38   38   37   31   94   76   71   72   70   63   65 
  83   84   83   83   81   79   77   74   73   72   71   70   70   69   69   67   67   67   68   68   77   80   73  139  179  180  188  193  199  207  215  221  226  226  207  208  218  221  222  218  243  115  118  215  222  227  224  202  142  101   95   91   86   83   82   79   72   70   69   67   64   60   60   57   52   53   53   51   50   48   45   45   43   42   43   42   40   38   39   39   42   38   39   40   38   39   38   36   31  109  157  146  116  124  132  145 
  79   80   77   77   75   75   71   73   73   70   69   70   69   68   69   68   68   69   68   70   74   77   84   97  168  175  184  188  195  201  208  216  224  229  224  198  212  216  219  218  214  154  146  209  220  223  219  201  145  100   92   87   82   76   78   75   72   67   65   63   60   58   57   55   52   52   49   49   47   46   44   45   44   42   44   42   42   42   38   41   38   38   41   39   38   37   37   37   30   63   67   76   66   67   62   70 
  72   74   71   73   72   61   69   70   70   69   70   71   67   69   68   68   69   70   69   70   73   75   79   87   78  171  181  187  193  198  203  207  216  226  230  229  209  214  218  219  217  211  186  208  220  222  217  207  162   93   89   82   77   71   73   68   64   64   62   61   58   58   55   56   52   51   48   50   47   47   45   43   43   42   41   43   39   39   39   40   38   34   39   38   38   36   36   37   34   56   56   51   47   59   45   60 
  68   66   68   66   68   66   73   71   69   69   71   70   73   72   70   69   71   74   73   73   74   78   80   88  102  141  178  185  193  196  200  204  213  220  228  230  220  216  221  223  221  220  202  208  220  223  217  203  187   79   80   82   75   71   66   65   64   61   61   58   56   55   55   50   50   50   48   46   46   46   45   43   40   43   40   42   40   39   40   39   38   38   37   39   40   37   35   36   34   61   78   71   69   64   65   61 
  62   64   64   67   68   67   63   65   68   69   69   74   75   76   77   77   74   76   77   78   81   83   85   88   97  105  184  185  196  202  206  207  214  220  225  231  232  228  228  227  227  226  212  212  217  221  216  203  186   78   85   77   69   68   65   63   61   61   58   57   56   53   55   53   49   50   49   47   46   45   44   44   42   41   41   41   39   39   40   40   39   38   38   39   39   38   36   36   33   82   86   89   68   77   67   70 
  62   61   62   59   63   69   65   67   71   70   73   78   81   82   90   83   81   89   88   87   89   90   89   97   99  106  118  182  196  206  212  217  219  223  224  227  232  233  230  232  233  230  222  215  217  219  213  202  195   76   82   76   68   67   64   62   58   59   57   56   54   52   50   48   49   48   45   45   44   46   45   42   43   40   39   40   38   40   39   39   37   39   37   39   39   38   36   36   35   70   67   76   75   66   62   67 
  57   59   59   61   63   61   64   65   74   77   82   70   84   86   87   84   80   81   89   90  105   99  102  103  106  112  103  201  203  214  221  225  229  232  228  224  223  230  232  230  232  232  226  219  218  220  212  202  198   81   86   74   69   66   62   62   59   58   56   54   53   54   51   47   47   47   46   47   44   45   44   44   44   38   41   40   40   38   38   40   37   35   37   37   37   38   37   34   33   47   64   69   68   62   61   63 
  57   54   59   59   61   66   65   67   78   81  114  227  208  203  209  213  233  238  247  246  225  199  151   93  101  116  123  212  219  224  230  233  237  236  233  229  224  225  230  230  226  225  223  219  216  219  215  204  195   71   81   75   67   63   62   59   56   55   55   53   52   53   48   49   48   47   47   48   43   44   42   43   38   40   42   38   39   38   39   38   38   40   40   38   36   37   35   35   36   39   61   61   59   53   61   54 
  56   56   57   56   60   63   67   71   81  107  217  197  202  205  211  215  221  225  227  229  230  230  241  246  247  241  238  231  243  245  241  245  246  247  243  236  228  220  219  223  220  220  218  217  215  216  217  211  197   70   79   72   66   64   61   57   55   55   53   54   52   51   49   48   47   46   46   45   46   42   44   42   41   38   41   40   39   40   40   39   38   37   37   38   36   37   35   34   34   29   72   79   66   60   65   60 
  54   55   56   57   60   64   67   78   67  190  191  195  200  205  209  214  218  221  224  226  230  231  233  235  237  237  240  241  243  246  247  249  249  248  246  241  232  221  215  215  212  209  210  209  211  209  211  207  202   79   86   76   68   65   63   59   56   56   52   53   52   50   48   50   47   48   44   44   44   44   42   41   42   41   40   39   38   38   37   37   38   37   37   37   38   37   36   35   33   37   59   70   69   59   64   64 
  49   55   57   54   60   64   65   68  191  174  184  186  190  197  201  206  210  214  217  221  224  225  226  229  234  238  241  242  241  243  247  252  254  244  242  238  230  220  215  211  208  205  203  202  205  202  203  200  193  116   84   76   71   65   62   58   57   54   52   51   49   49   49   48   48   46   46   46   44   44   39   39   41   40   39   37   38   39   37   36   37   33   34   35   37   37   33   33   32   35   64   53   56   58   54   44 
