ESP-ROM:esp32s3-20210327
Build:Mar 27 2021
rst:0x1 (POWERON),boot:0x8 (SPI_FAST_FLASH_BOOT)
SPIWP:0xee
mode:DIO, clock div:1
load:0x3fce3810,len:0x178c
load:0x403c9700,len:0x4
load:0x403c9704,len:0xcb8
load:0x403cc700,len:0x2d84
entry 0x403c9914
[0;32mI (27) boot: ESP-IDF v5.3-dev-422-ga7fbf452fa-dirty 2nd stage bootloader[0m
[0;32mI (27) boot: compile time Dec  1 2023 13:47:18[0m
[0;32mI (28) boot: Multicore bootloader[0m
[0;32mI (32) boot: chip revision: v0.1[0m
[0;32mI (36) boot.esp32s3: Boot SPI Speed : 80MHz[0m
[0;32mI (41) boot.esp32s3: SPI Mode       : DIO[0m
[0;32mI (45) boot.esp32s3: SPI Flash Size : 8MB[0m
[0;32mI (50) boot: Enabling RNG early entropy source...[0m
[0;32mI (55) boot: Partition Table:[0m
[0;32mI (59) boot: ## Label            Usage          Type ST Offset   Length[0m
[0;32mI (66) boot:  0 nvs              WiFi data        01 02 00009000 00006000[0m
[0;32mI (74) boot:  1 phy_init         RF data          01 01 0000f000 00001000[0m
[0;32mI (81) boot:  2 factory          factory app      00 00 00010000 00100000[0m
[0;32mI (89) boot: End of partition table[0m
[0;32mI (93) esp_image: segment 0: paddr=00010020 vaddr=3c040020 size=1561ch ( 87580) map[0m
[0;32mI (117) esp_image: segment 1: paddr=00025644 vaddr=3fc98400 size=037f4h ( 14324) load[0m
[0;32mI (120) esp_image: segment 2: paddr=00028e40 vaddr=40374000 size=071d8h ( 29144) load[0m
[0;32mI (129) esp_image: segment 3: paddr=00030020 vaddr=42000020 size=3c8f8h (248056) map[0m
[0;32mI (176) esp_image: segment 4: paddr=0006c920 vaddr=4037b1d8 size=0d158h ( 53592) load[0m
[0;32mI (196) boot: Loaded app from partition at offset 0x10000[0m
[0;32mI (196) boot: Disabling RNG early entropy source...[0m
[0;32mI (207) cpu_start: Multicore app[0m
D (208) cpu_start: Pro cpu up[0m
D (208) cpu_start: Starting app cpu, entry point is 0x40375318[0m
D (0) cpu_start: App cpu up[0m
D (218) clk: RTC_SLOW_CLK calibration value: 3834982[0m
[0;32mI (229) cpu_start: Pro cpu start user code[0m
[0;32mI (229) cpu_start: cpu freq: 160000000 Hz[0m
[0;32mI (229) cpu_start: Application information:[0m
[0;32mI (232) cpu_start: Project name:     esp32_cam_sd_jpg[0m
[0;32mI (238) cpu_start: App version:      1b71676[0m
[0;32mI (243) cpu_start: Compile time:     Dec  1 2023 13:47:09[0m
[0;32mI (249) cpu_start: ELF file SHA256:  e01fb0421...[0m
[0;32mI (254) cpu_start: ESP-IDF:          v5.3-dev-422-ga7fbf452fa-dirty[0m
[0;32mI (261) cpu_start: Min chip rev:     v0.0[0m
[0;32mI (266) cpu_start: Max chip rev:     v0.99 [0m
[0;32mI (271) cpu_start: Chip rev:         v0.1[0m
D (276) memory_layout: Checking 6 reserved memory ranges:[0m
D (281) memory_layout: Reserved memory range 0x3fc84000 - 0x3fc98400[0m
D (288) memory_layout: Reserved memory range 0x3fc98400 - 0x3fc9c5d8[0m
D (294) memory_layout: Reserved memory range 0x3fceee34 - 0x3fcf0000[0m
D (300) memory_layout: Reserved memory range 0x40374000 - 0x40388400[0m
D (307) memory_layout: Reserved memory range 0x600fe000 - 0x600fe010[0m
D (313) memory_layout: Reserved memory range 0x600fffe8 - 0x60100000[0m
D (320) memory_layout: Building list of available memory regions:[0m
D (326) memory_layout: Available memory region 0x3fc9c5d8 - 0x3fca0000[0m
D (332) memory_layout: Available memory region 0x3fca0000 - 0x3fcb0000[0m
D (339) memory_layout: Available memory region 0x3fcb0000 - 0x3fcc0000[0m
D (346) memory_layout: Available memory region 0x3fcc0000 - 0x3fcd0000[0m
D (352) memory_layout: Available memory region 0x3fcd0000 - 0x3fce0000[0m
D (359) memory_layout: Available memory region 0x3fce0000 - 0x3fce9710[0m
D (365) memory_layout: Available memory region 0x3fce9710 - 0x3fceee34[0m
D (372) memory_layout: Available memory region 0x3fcf0000 - 0x3fcf8000[0m
D (379) memory_layout: Available memory region 0x600fe010 - 0x600fffe8[0m
[0;32mI (385) heap_init: Initializing. RAM available for dynamic allocation:[0m
D (393) heap_init: New heap initialised at 0x3fc9c5d8[0m
[0;32mI (397) heap_init: At 3FC9C5D8 len 0004D138 (308 KiB): RAM[0m
[0;32mI (404) heap_init: At 3FCE9710 len 00005724 (21 KiB): RAM[0m
D (410) heap_init: New heap initialised at 0x3fcf0000[0m
[0;32mI (415) heap_init: At 3FCF0000 len 00008000 (32 KiB): DRAM[0m
D (421) heap_init: New heap initialised at 0x600fe010[0m
[0;32mI (426) heap_init: At 600FE010 len 00001FD8 (7 KiB): RTCRAM[0m
D (433) intr_alloc: Connected src 39 to int 2 (cpu 0)[0m
D (438) spi_flash: trying chip: issi[0m
D (441) spi_flash: trying chip: gd[0m
[0;32mI (445) spi_flash: detected chip: gd[0m
[0;32mI (449) spi_flash: flash io: dio[0m
D (453) cpu_start: calling init function: 0x42028b80[0m
D (458) cpu_start: calling init function: 0x42028640[0m
D (463) cpu_start: calling init function: 0x42026158[0m
[0;33mW (468) i2c: This driver is an old driver, please migrate your application code to adapt `driver/i2c_master.h`[0m
D (479) cpu_start: calling init function: 0x4201de4c[0m
D (484) cpu_start: calling init function: 0x4037b6bc[0m
D (489) cpu_start: calling init function: 0x42002eb0[0m
D (494) stack_chk: Intialize random stack guard[0m
D (498) cpu_start: calling init function: 0x42002660[0m
D (503) cpu_start: calling init function: 0x4200931c on core: 0[0m
D (510) intr_alloc: Connected src 59 to int 3 (cpu 0)[0m
D (514) cpu_start: calling init function: 0x420062c4 on core: 0[0m
[0;32mI (521) sleep: Configure to isolate all GPIO pins in sleep state[0m
[0;32mI (527) sleep: Enable automatic switching of GPIO sleep configuration[0m
D (534) cpu_start: calling init function: 0x42003fcc on core: 0[0m
D (541) intr_alloc: Connected src 79 to int 9 (cpu 0)[0m
D (545) app_start: Starting scheduler on CPU0[0m
D (550) intr_alloc: Connected src 57 to int 12 (cpu 0)[0m
D (550) intr_alloc: Connected src 80 to int 2 (cpu 1)[0m
D (560) app_start: Starting scheduler on CPU1[0m
D (560) intr_alloc: Connected src 58 to int 3 (cpu 1)[0m
[0;32mI (550) main_task: Started on CPU0[0m
D (570) heap_init: New heap initialised at 0x3fce9710[0m
D (570) intr_alloc: Connected src 52 to int 13 (cpu 0)[0m
[0;32mI (580) main_task: Calling app_main()[0m
[0;32mI (580) SD_Karte_SPEICHERN: Mounting SD card...[0m
D (590) sdmmc_periph: peripheral version 5342270a, hardware config 03c44c83[0m
D (600) intr_alloc: Connected src 30 to int 17 (cpu 0)[0m
D (600) sdmmc_periph: using GPIO39 as clk pin[0m
[0;32mI (610) gpio: GPIO[39]| InputEn: 0| OutputEn: 0| OpenDrain: 0| Pullup: 1| Pulldown: 0| Intr:0 [0m
D (610) sdmmc_periph: using GPIO38 as cmd pin[0m
[0;32mI (620) gpio: GPIO[38]| InputEn: 0| OutputEn: 0| OpenDrain: 0| Pullup: 1| Pulldown: 0| Intr:0 [0m
D (630) sdmmc_periph: using GPIO40 as d0 pin[0m
[0;32mI (630) gpio: GPIO[40]| InputEn: 0| OutputEn: 0| OpenDrain: 0| Pullup: 1| Pulldown: 0| Intr:0 [0m
D (640) sdmmc_periph: slot=1 host_div=10 card_div=20 freq=400kHz (max 400kHz)[0m
D (650) sdmmc_periph: slot=1 width=1[0m
D (650) sdmmc_req: process_command_response: error 0x107  (status=00000100)[0m
D (680) sdmmc_sd: SDHC/SDXC card[0m
D (680) sdmmc_req: process_command_response: error 0x107  (status=00000100)[0m
D (680) sdmmc_io: sdmmc_init_io: io_send_op_cond (1) returned 0x107; not IO card[0m
D (690) sdmmc_common: host_ocr=0x40ff8000 card_ocr=0xc0ff8000[0m
D (690) sdmmc_common: sdmmc_card_init: host_ocr=40ff8000, card_ocr=c0ff8000[0m
D (700) sdmmc_init: sdmmc_card_init: card type is SD[0m
D (700) sdmmc_common: sdmmc_init_host_bus_width: using 1-bit bus[0m
D (710) sdmmc_periph: slot=1 host_div=8 card_div=0 freq=20000kHz (max 20000kHz)[0m
D (710) vfs_fat_sdmmc: using pdrv=0[0m
[0;32mI (720) SD_Karte_SPEICHERN: 


SD card mount successfully!



[0m
[0;32mI (720) SD_Karte_SPEICHERN: INit sdcard success
[0m
Guru Meditation Error: Core  0 panic'ed (LoadProhibited). Exception was unhandled.

Core  0 register dump:
PC      : 0x420149df  PS      : 0x00060930  A0      : 0x8200ca86  A1      : 0x3fca01c0  
A2      : 0x3c0508dc  A3      : 0x3fc986d4  A4      : 0x00000008  A5      : 0x3c0456a4  
A6      : 0x0000001b  A7      : 0x3fca655c  A8      : 0x3c050934  A9      : 0x00000000  
A10     : 0x00000000  A11     : 0x0000005c  A12     : 0x00000008  A13     : 0x00000000  
A14     : 0x3fca00f0  A15     : 0x0000005c  SAR     : 0x0000001f  EXCCAUSE: 0x0000001c  
EXCVADDR: 0x00000000  LBEG    : 0x400570e8  LEND    : 0x400570f3  LCOUNT  : 0x00000000  


Backtrace: 0x420149dc:0x3fca01c0 0x4200ca83:0x3fca0210 0x4200c25f:0x3fca0250 0x4200bdf7:0x3fca0290 0x4200be5d:0x3fca02c0 0x4203bce3:0x3fca02f0 0x4037dcfe:0x3fca0320




ELF file SHA256: e01fb0421

Rebooting...
ï¿½ï¿½ï¿½ESP-ROM:esp32s3-20210327
Build:Mar 27 2021
rst:0xc (RTC_SW_CPU_RST),boot:0x8 (SPI_FAST_FLASH_BOOT)
Saved PC:0x40375a30
SPIWP:0xee
mode:DIO, clock div:1
load:0x3fce3810,len:0x178c
load:0x403c9700,len:0x4
load:0x403c9704,len:0xcb8
load:0x403cc700,len:0x2d84
entry 0x403c9914
[0;32mI (31) boot: ESP-IDF v5.3-dev-422-ga7fbf452fa-dirty 2nd stage bootloader[0m
[0;32mI (31) boot: compile time Dec  1 2023 13:47:18[0m
[0;32mI (32) boot: Multicore bootloader[0m
[0;32mI (36) boot: chip revision: v0.1[0m
[0;32mI (40) boot.esp32s3: Boot SPI Speed : 80MHz[0m
[0;32mI (45) boot.esp32s3: SPI Mode       : DIO[0m
[0;32mI (50) boot.esp32s3: SPI Flash Size : 8MB[0m
[0;32mI (54) boot: Enabling RNG early entropy source...[0m
[0;32mI (60) boot: Partition Table:[0m
[0;32mI (63) boot: ## Label            Usage          Type ST Offset   Length[0m
[0;32mI (71) boot:  0 nvs              WiFi data        01 02 00009000 00006000[0m
[0;32mI (78) boot:  1 phy_init         RF data          01 01 0000f000 00001000[0m
[0;32mI (86) boot:  2 factory          factory app      00 00 00010000 00100000[0m
[0;32mI (93) boot: End of partition table[0m
[0;32mI (97) esp_image: segment 0: paddr=00010020 vaddr=3c040020 size=1561ch ( 87580) map[0m
[0;32mI (121) esp_image: segment 1: paddr=00025644 vaddr=3fc98400 size=037f4h ( 14324) load[0m
[0;32mI (125) esp_image: segment 2: paddr=00028e40 vaddr=40374000 size=071d8h ( 29144) load[0m
[0;32mI (134) esp_image: segment 3: paddr=00030020 vaddr=42000020 size=3c8f8h (248056) map[0m
[0;32mI (180) esp_image: segment 4: paddr=0006c920 vaddr=4037b1d8 size=0d158h ( 53592) load[0m
[0;32mI (200) boot: Loaded app from partition at offset 0x10000[0m
[0;32mI (201) boot: Disabling RNG early entropy source...[0m
[0;32mI (212) cpu_start: Multicore app[0m
D (212) cpu_start: Pro cpu up[0m
D (212) cpu_start: Starting app cpu, entry point is 0x40375318[0m
D (190) cpu_start: App cpu up[0m
D (222) clk: RTC_SLOW_CLK calibration value: 3834240[0m
[0;32mI (234) cpu_start: Pro cpu start user code[0m
[0;32mI (234) cpu_start: cpu freq: 160000000 Hz[0m
[0;32mI (234) cpu_start: Application information:[0m
[0;32mI (237) cpu_start: Project name:     esp32_cam_sd_jpg[0m
[0;32mI (243) cpu_start: App version:      1b71676[0m
[0;32mI (248) cpu_start: Compile time:     Dec  1 2023 13:47:09[0m
[0;32mI (254) cpu_start: ELF file SHA256:  e01fb0421...[0m
[0;32mI (259) cpu_start: ESP-IDF:          v5.3-dev-422-ga7fbf452fa-dirty[0m
[0;32mI (266) cpu_start: Min chip rev:     v0.0[0m
[0;32mI (271) cpu_start: Max chip rev:     v0.99 [0m
[0;32mI (276) cpu_start: Chip rev:         v0.1[0m
D (280) memory_layout: Checking 6 reserved memory ranges:[0m
D (286) memory_layout: Reserved memory range 0x3fc84000 - 0x3fc98400[0m
D (292) memory_layout: Reserved memory range 0x3fc98400 - 0x3fc9c5d8[0m
D (299) memory_layout: Reserved memory range 0x3fceee34 - 0x3fcf0000[0m
D (305) memory_layout: Reserved memory range 0x40374000 - 0x40388400[0m
D (311) memory_layout: Reserved memory range 0x600fe000 - 0x600fe010[0m
D (318) memory_layout: Reserved memory range 0x600fffe8 - 0x60100000[0m
D (324) memory_layout: Building list of available memory regions:[0m
D (330) memory_layout: Available memory region 0x3fc9c5d8 - 0x3fca0000[0m
D (337) memory_layout: Available memory region 0x3fca0000 - 0x3fcb0000[0m
D (344) memory_layout: Available memory region 0x3fcb0000 - 0x3fcc0000[0m
D (350) memory_layout: Available memory region 0x3fcc0000 - 0x3fcd0000[0m
D (357) memory_layout: Available memory region 0x3fcd0000 - 0x3fce0000[0m
D (363) memory_layout: Available memory region 0x3fce0000 - 0x3fce9710[0m
D (370) memory_layout: Available memory region 0x3fce9710 - 0x3fceee34[0m
D (377) memory_layout: Available memory region 0x3fcf0000 - 0x3fcf8000[0m
D (383) memory_layout: Available memory region 0x600fe010 - 0x600fffe8[0m
[0;32mI (390) heap_init: Initializing. RAM available for dynamic allocation:[0m
D (397) heap_init: New heap initialised at 0x3fc9c5d8[0m
[0;32mI (402) heap_init: At 3FC9C5D8 len 0004D138 (308 KiB): RAM[0m
[0;32mI (408) heap_init: At 3FCE9710 len 00005724 (21 KiB): RAM[0m
D (414) heap_init: New heap initialised at 0x3fcf0000[0m
[0;32mI (419) heap_init: At 3FCF0000 len 00008000 (32 KiB): DRAM[0m
D (426) heap_init: New heap initialised at 0x600fe010[0m
[0;32mI (431) heap_init: At 600FE010 len 00001FD8 (7 KiB): RTCRAM[0m
D (437) intr_alloc: Connected src 39 to int 2 (cpu 0)[0m
D (443) spi_flash: trying chip: issi[0m
D (446) spi_flash: trying chip: gd[0m
[0;32mI (449) spi_flash: detected chip: gd[0m
[0;32mI (453) spi_flash: flash io: dio[0m
D (457) cpu_start: calling init function: 0x42028b80[0m
D (463) cpu_start: calling init function: 0x42028640[0m
D (468) cpu_start: calling init function: 0x42026158[0m
[0;33mW (473) i2c: This driver is an old driver, please migrate your application code to adapt `driver/i2c_master.h`[0m
D (483) cpu_start: calling init function: 0x4201de4c[0m
D (488) cpu_start: calling init function: 0x4037b6bc[0m
D (493) cpu_start: calling init function: 0x42002eb0[0m
D (498) stack_chk: Intialize random stack guard[0m
D (503) cpu_start: calling init function: 0x42002660[0m
D (508) cpu_start: calling init function: 0x4200931c on core: 0[0m
D (514) intr_alloc: Connected src 59 to int 3 (cpu 0)[0m
D (519) cpu_start: calling init function: 0x420062c4 on core: 0[0m
[0;32mI (525) sleep: Configure to isolate all GPIO pins in sleep state[0m
[0;32mI (532) sleep: Enable automatic switching of GPIO sleep configuration[0m
D (539) cpu_start: calling init function: 0x42003fcc on core: 0[0m
D (545) intr_alloc: Connected src 79 to int 9 (cpu 0)[0m
D (550) app_start: Starting scheduler on CPU0[0m
D (554) intr_alloc: Connected src 57 to int 12 (cpu 0)[0m
D (554) intr_alloc: Connected src 80 to int 2 (cpu 1)[0m
D (564) app_start: Starting scheduler on CPU1[0m
D (564) intr_alloc: Connected src 58 to int 3 (cpu 1)[0m
[0;32mI (554) main_task: Started on CPU0[0m
D (574) heap_init: New heap initialised at 0x3fce9710[0m
D (574) intr_alloc: Connected src 52 to int 13 (cpu 0)[0m
[0;32mI (584) main_task: Calling app_main()[0m
[0;32mI (584) SD_Karte_SPEICHERN: Mounting SD card...[0m
D (594) sdmmc_periph: peripheral version 5342270a, hardware config 03c44c83[0m
D (604) intr_alloc: Connected src 30 to int 17 (cpu 0)[0m
D (604) sdmmc_periph: using GPIO39 as clk pin[0m
[0;32mI (614) gpio: GPIO[39]| InputEn: 0| OutputEn: 0| OpenDrain: 0| Pullup: 1| Pulldown: 0| Intr:0 [0m
D (614) sdmmc_periph: using GPIO38 as cmd pin[0m
[0;32mI (624) gpio: GPIO[38]| InputEn: 0| OutputEn: 0| OpenDrain: 0| Pullup: 1| Pulldown: 0| Intr:0 [0m
D (634) sdmmc_periph: using GPIO40 as d0 pin[0m
[0;32mI (634) gpio: GPIO[40]| InputEn: 0| OutputEn: 0| OpenDrain: 0| Pullup: 1| Pulldown: 0| Intr:0 [0m
D (644) sdmmc_periph: slot=1 host_div=10 card_div=20 freq=400kHz (max 400kHz)[0m
D (654) sdmmc_periph: slot=1 width=1[0m
D (654) sdmmc_req: process_command_response: error 0x107  (status=00000100)[0m
D (684) sdmmc_sd: SDHC/SDXC card[0m
D (684) sdmmc_req: process_command_response: error 0x107  (status=00000100)[0m
D (684) sdmmc_io: sdmmc_init_io: io_send_op_cond (1) returned 0x107; not IO card[0m
D (694) sdmmc_common: host_ocr=0x40ff8000 card_ocr=0xc0ff8000[0m
D (694) sdmmc_common: sdmmc_card_init: host_ocr=40ff8000, card_ocr=c0ff8000[0m
D (704) sdmmc_init: sdmmc_card_init: card type is SD[0m
D (704) sdmmc_common: sdmmc_init_host_bus_width: using 1-bit bus[0m
D (714) sdmmc_periph: slot=1 host_div=8 card_div=0 freq=20000kHz (max 20000kHz)[0m
D (714) vfs_fat_sdmmc: using pdrv=0[0m
[0;32mI (724) SD_Karte_SPEICHERN: 


SD card mount successfully!



[0m
[0;32mI (724) SD_Karte_SPEICHERN: INit sdcard success
[0m
Guru Meditation Error: Core  0 panic'ed (LoadProhibited). Exception was unhandled.

Core  0 register dump:
PC      : 0x420149df  PS      : 0x00060930  A0      : 0x8200ca86  A1      : 0x3fca01c0  
A2      : 0x3c0508dc  A3      : 0x3fc986d4  A4      : 0x00000008  A5      : 0x3c0456a4  
A6      : 0x0000001b  A7      : 0x3fca655c  A8      : 0x3c050934  A9      : 0x00000000  
A10     : 0x00000000  A11     : 0x0000005c  A12     : 0x00000008  A13     : 0x00000000  
A14     : 0x3fca00f0  A15     : 0x0000005c  SAR     : 0x0000001f  EXCCAUSE: 0x0000001c  
EXCVADDR: 0x00000000  LBEG    : 0x400570e8  LEND    : 0x400570f3  LCOUNT  : 0x00000000  


Backtrace: 0x420149dc:0x3fca01c0 0x4200ca83:0x3fca0210 0x4200c25f:0x3fca0250 0x4200bdf7:0x3fca0290 0x4200be5d:0x3fca02c0 0x4203bce3:0x3fca02f0 0x4037dcfe:0x3fca0320




ELF file SHA256: e01fb0421

Rebooting...
ï¿½ï¿½ï¿½ESP-ROM:esp32s3-20210327
Build:Mar 27 2021
rst:0xc (RTC_SW_CPU_RST),boot:0x8 (SPI_FAST_FLASH_BOOT)
Saved PC:0x40375a30
SPIWP:0xee
mode:DIO, clock div:1
load:0x3fce3810,len:0x178c
load:0x403c9700,len:0x4
load:0x403c9704,len:0xcb8
load:0x403cc700,len:0x2d84
entry 0x403c9914
[0;32mI (31) boot: ESP-IDF v5.3-dev-422-ga7fbf452fa-dirty 2nd stage bootloader[0m
[0;32mI (31) boot: compile time Dec  1 2023 13:47:18[0m
[0;32mI (32) boot: Multicore bootloader[0m
[0;32mI (36) boot: chip revision: v0.1[0m
[0;32mI (40) boot.esp32s3: Boot SPI Speed : 80MHz[0m
[0;32mI (45) boot.esp32s3: SPI Mode       : DIO[0m
[0;32mI (50) boot.esp32s3: SPI Flash Size : 8MB[0m
[0;32mI (54) boot: Enabling RNG early entropy source...[0m
[0;32mI (60) boot: Partition Table:[0m
[0;32mI (63) boot: ## Label            Usage          Type ST Offset   Length[0m
[0;32mI (71) boot:  0 nvs              WiFi data        01 02 00009000 00006000[0m
[0;32mI (78) boot:  1 phy_init         RF data          01 01 0000f000 00001000[0m
[0;32mI (86) boot:  2 factory          factory app      00 00 00010000 00100000[0m
[0;32mI (93) boot: End of partition table[0m
[0;32mI (97) esp_image: segment 0: paddr=00010020 vaddr=3c040020 size=1561ch ( 87580) map[0m
[0;32mI (121) esp_image: segment 1: paddr=00025644 vaddr=3fc98400 size=037f4h ( 14324) load[0m
[0;32mI (125) esp_image: segment 2: paddr=00028e40 vaddr=40374000 size=071d8h ( 29144) load[0m
[0;32mI (134) esp_image: segment 3: paddr=00030020 vaddr=42000020 size=3c8f8h (248056) map[0m
[0;32mI (180) esp_image: segment 4: paddr=0006c920 vaddr=4037b1d8 size=0d158h ( 53592) load[0m
[0;32mI (200) boot: Loaded app from partition at offset 0x10000[0m
[0;32mI (201) boot: Disabling RNG early entropy source...[0m
[0;32mI (212) cpu_start: Multicore app[0m
D (212) cpu_start: Pro cpu up[0m
D (212) cpu_start: Starting app cpu, entry point is 0x40375318[0m
D (190) cpu_start: App cpu up[0m
D (222) clk: RTC_SLOW_CLK calibration value: 3833830[0m
[0;32mI (234) cpu_start: Pro cpu start user code[0m
[0;32mI (234) cpu_start: cpu freq: 160000000 Hz[0m
[0;32mI (234) cpu_start: Application information:[0m
[0;32mI (237) cpu_start: Project name:     esp32_cam_sd_jpg[0m
[0;32mI (243) cpu_start: App version:      1b71676[0m
[0;32mI (248) cpu_start: Compile time:     Dec  1 2023 13:47:09[0m
[0;32mI (254) cpu_start: ELF file SHA256:  e01fb0421...[0m
[0;32mI (259) cpu_start: ESP-IDF:          v5.3-dev-422-ga7fbf452fa-dirty[0m
[0;32mI (266) cpu_start: Min chip rev:     v0.0[0m
[0;32mI (271) cpu_start: Max chip rev:     v0.99 [0m
[0;32mI (276) cpu_start: Chip rev:         v0.1[0m
D (280) memory_layout: Checking 6 reserved memory ranges:[0m
D (286) memory_layout: Reserved memory range 0x3fc84000 - 0x3fc98400[0m
D (292) memory_layout: Reserved memory range 0x3fc98400 - 0x3fc9c5d8[0m
D (299) memory_layout: Reserved memory range 0x3fceee34 - 0x3fcf0000[0m
D (305) memory_layout: Reserved memory range 0x40374000 - 0x40388400[0m
D (311) memory_layout: Reserved memory range 0x600fe000 - 0x600fe010[0m
D (318) memory_layout: Reserved memory range 0x600fffe8 - 0x60100000[0m
D (324) memory_layout: Building list of available memory regions:[0m
D (330) memory_layout: Available memory region 0x3fc9c5d8 - 0x3fca0000[0m
D (337) memory_layout: Available memory region 0x3fca0000 - 0x3fcb0000[0m
D (344) memory_layout: Available memory region 0x3fcb0000 - 0x3fcc0000[0m
D (350) memory_layout: Available memory region 0x3fcc0000 - 0x3fcd0000[0m
D (357) memory_layout: Available memory region 0x3fcd0000 - 0x3fce0000[0m
D (363) memory_layout: Available memory region 0x3fce0000 - 0x3fce9710[0m
D (370) memory_layout: Available memory region 0x3fce9710 - 0x3fceee34[0m
D (377) memory_layout: Available memory region 0x3fcf0000 - 0x3fcf8000[0m
D (383) memory_layout: Available memory region 0x600fe010 - 0x600fffe8[0m
[0;32mI (390) heap_init: Initializing. RAM available for dynamic allocation:[0m
D (397) heap_init: New heap initialised at 0x3fc9c5d8[0m
[0;32mI (402) heap_init: At 3FC9C5D8 len 0004D138 (308 KiB): RAM[0m
[0;32mI (408) heap_init: At 3FCE9710 len 00005724 (21 KiB): RAM[0m
D (414) heap_init: New heap initialised at 0x3fcf0000[0m
[0;32mI (419) heap_init: At 3FCF0000 len 00008000 (32 KiB): DRAM[0m
D (426) heap_init: New heap initialised at 0x600fe010[0m
[0;32mI (431) heap_init: At 600FE010 len 00001FD8 (7 KiB): RTCRAM[0m
D (437) intr_alloc: Connected src 39 to int 2 (cpu 0)[0m
D (443) spi_flash: trying chip: issi[0m
D (446) spi_flash: trying chip: gd[0m
[0;32mI (449) spi_flash: detected chip: gd[0m
[0;32mI (453) spi_flash: flash io: dio[0m
D (457) cpu_start: calling init function: 0x42028b80[0m
D (463) cpu_start: calling init function: 0x42028640[0m
D (468) cpu_start: calling init function: 0x42026158[0m
[0;33mW (473) i2c: This driver is an old driver, please migrate your application code to adapt `driver/i2c_master.h`[0m
D (483) cpu_start: calling init function: 0x4201de4c[0m
D (488) cpu_start: calling init function: 0x4037b6bc[0m
D (493) cpu_start: calling init function: 0x42002eb0[0m
D (498) stack_chk: Intialize random stack guard[0m
D (503) cpu_start: calling init function: 0x42002660[0m
D (508) cpu_start: calling init function: 0x4200931c on core: 0[0m
D (514) intr_alloc: Connected src 59 to int 3 (cpu 0)[0m
D (519) cpu_start: calling init function: 0x420062c4 on core: 0[0m
[0;32mI (525) sleep: Configure to isolate all GPIO pins in sleep state[0m
[0;32mI (532) sleep: Enable automatic switching of GPIO sleep configuration[0m
D (539) cpu_start: calling init function: 0x42003fcc on core: 0[0m
D (545) intr_alloc: Connected src 79 to int 9 (cpu 0)[0m
D (550) app_start: Starting scheduler on CPU0[0m
D (554) intr_alloc: Connected src 57 to int 12 (cpu 0)[0m
D (554) intr_alloc: Connected src 80 to int 2 (cpu 1)[0m
D (564) app_start: Starting scheduler on CPU1[0m
D (564) intr_alloc: Connected src 58 to int 3 (cpu 1)[0m
[0;32mI (554) main_task: Started on CPU0[0m
D (574) heap_init: New heap initialised at 0x3fce9710[0m
D (574) intr_alloc: Connected src 52 to int 13 (cpu 0)[0m
[0;32mI (584) main_task: Calling app_main()[0m
[0;32mI (584) SD_Karte_SPEICHERN: Mounting SD card...[0m
D (594) sdmmc_periph: peripheral version 5342270a, hardware config 03c44c83[0m
D (604) intr_alloc: Connected src 30 to int 17 (cpu 0)[0m
D (604) sdmmc_periph: using GPIO39 as clk pin[0m
[0;32mI (614) gpio: GPIO[39]| InputEn: 0| OutputEn: 0| OpenDrain: 0| Pullup: 1| Pulldown: 0| Intr:0 [0m
D (614) sdmmc_periph: using GPIO38 as cmd pin[0m
[0;32mI (624) gpio: GPIO[38]| InputEn: 0| OutputEn: 0| OpenDrain: 0| Pullup: 1| Pulldown: 0| Intr:0 [0m
D (634) sdmmc_periph: using GPIO40 as d0 pin[0m
[0;32mI (634) gpio: GPIO[40]| InputEn: 0| OutputEn: 0| OpenDrain: 0| Pullup: 1| Pulldown: 0| Intr:0 [0m
D (644) sdmmc_periph: slot=1 host_div=10 card_div=20 freq=400kHz (max 400kHz)[0m
D (654) sdmmc_periph: slot=1 width=1[0m
D (654) sdmmc_req: process_command_response: error 0x107  (status=00000100)[0m
D (684) sdmmc_sd: SDHC/SDXC card[0m
D (684) sdmmc_req: process_command_response: error 0x107  (status=00000100)[0m
D (684) sdmmc_io: sdmmc_init_io: io_send_op_cond (1) returned 0x107; not IO card[0m
D (694) sdmmc_common: host_ocr=0x40ff8000 card_ocr=0xc0ff8000[0m
D (694) sdmmc_common: sdmmc_card_init: host_ocr=40ff8000, card_ocr=c0ff8000[0m
D (704) sdmmc_init: sdmmc_card_init: card type is SD[0m
D (704) sdmmc_common: sdmmc_init_host_bus_width: using 1-bit bus[0m
D (714) sdmmc_periph: slot=1 host_div=8 card_div=0 freq=20000kHz (max 20000kHz)[0m
D (714) vfs_fat_sdmmc: using pdrv=0[0m
[0;32mI (724) SD_Karte_SPEICHERN: 


SD card mount successfully!



[0m
[0;32mI (724) SD_Karte_SPEICHERN: INit sdcard success
[0m
Guru Meditation Error: Core  0 panic'ed (LoadProhibited). Exception was unhandled.

Core  0 register dump:
PC      : 0x420149df  PS      : 0x00060930  A0      : 0x8200ca86  A1      : 0x3fca01c0  
A2      : 0x3c0508dc  A3      : 0x3fc986d4  A4      : 0x00000008  A5      : 0x3c0456a4  
A6      : 0x0000001b  A7      : 0x3fca655c  A8      : 0x3c050934  A9      : 0x00000000  
A10     : 0x00000000  A11     : 0x0000005c  A12     : 0x00000008  A13     : 0x00000000  
A14     : 0x3fca00f0  A15     : 0x0000005c  SAR     : 0x0000001f  EXCCAUSE: 0x0000001c  
EXCVADDR: 0x00000000  LBEG    : 0x400570e8  LEND    : 0x400570f3  LCOUNT  : 0x00000000  


Backtrace: 0x420149dc:0x3fca01c0 0x4200ca83:0x3fca0210 0x4200c25f:0x3fca0250 0x4200bdf7:0x3fca0290 0x4200be5d:0x3fca02c0 0x4203bce3:0x3fca02f0 0x4037dcfe:0x3fca0320




ELF file SHA256: e01fb0421

Rebooting...
ï¿½ï¿½ï¿½ESP-ROM:esp32s3-20210327
Build:Mar 27 2021
rst:0xc (RTC_SW_CPU_RST),boot:0x8 (SPI_FAST_FLASH_BOOT)
Saved PC:0x40375a30
SPIWP:0xee
mode:DIO, clock div:1
load:0x3fce3810,len:0x178c
load:0x403c9700,len:0x4
load:0x403c9704,len:0xcb8
load:0x403cc700,len:0x2d84
entry 0x403c9914
[0;32mI (31) boot: ESP-IDF v5.3-dev-422-ga7fbf452fa-dirty 2nd stage bootloader[0m
[0;32mI (31) boot: compile time Dec  1 2023 13:47:18[0m
[0;32mI (32) boot: Multicore bootloader[0m
[0;32mI (36) boot: chip revision: v0.1[0m
[0;32mI (40) boot.esp32s3: Boot SPI Speed : 80MHz[0m
[0;32mI (45) boot.esp32s3: SPI Mode       : DIO[0m
[0;32mI (50) boot.esp32s3: SPI Flash Size : 8MB[0m
[0;32mI (54) boot: Enabling RNG early entropy source...[0m
[0;32mI (60) boot: Partition Table:[0m
[0;32mI (63) boot: ## Label            Usage          Type ST Offset   Length[0m
[0;32mI (71) boot:  0 nvs              WiFi data        01 02 00009000 00006000[0m
[0;32mI (78) boot:  1 phy_init         RF data          01 01 0000f000 00001000[0m
[0;32mI (86) boot:  2 factory          factory app      00 00 00010000 00100000[0m
[0;32mI (93) boot: End of partition table[0m
[0;32mI (97) esp_image: segment 0: paddr=00010020 vaddr=3c040020 size=1561ch ( 87580) map[0m
[0;32mI (121) esp_image: segment 1: paddr=00025644 vaddr=3fc98400 size=037f4h ( 14324) load[0m
[0;32mI (125) esp_image: segment 2: paddr=00028e40 vaddr=40374000 size=071d8h ( 29144) load[0m
[0;32mI (134) esp_image: segment 3: paddr=00030020 vaddr=42000020 size=3c8f8h (248056) map[0m
[0;32mI (180) esp_image: segment 4: paddr=0006c920 vaddr=4037b1d8 size=0d158h ( 53592) load[0m
[0;32mI (200) boot: Loaded app from partition at offset 0x10000[0m
[0;32mI (201) boot: Disabling RNG early entropy source...[0m
[0;32mI (212) cpu_start: Multicore app[0m
D (212) cpu_start: Pro cpu up[0m
D (212) cpu_start: Starting app cpu, entry point is 0x40375318[0m
D (190) cpu_start: App cpu up[0m
D (222) clk: RTC_SLOW_CLK calibration value: 3834150[0m
[0;32mI (234) cpu_start: Pro cpu start user code[0m
[0;32mI (234) cpu_start: cpu freq: 160000000 Hz[0m
[0;32mI (234) cpu_start: Application information:[0m
[0;32mI (237) cpu_start: Project name:     esp32_cam_sd_jpg[0m
[0;32mI (243) cpu_start: App version:      1b71676[0m
[0;32mI (248) cpu_start: Compile time:     Dec  1 2023 13:47:09[0m
[0;32mI (254) cpu_start: ELF file SHA256:  e01fb0421...[0m
[0;32mI (259) cpu_start: ESP-IDF:          v5.3-dev-422-ga7fbf452fa-dirty[0m
[0;32mI (266) cpu_start: Min chip rev:     v0.0[0m
[0;32mI (271) cpu_start: Max chip rev:     v0.99 [0m
[0;32mI (276) cpu_start: Chip rev:         v0.1[0m
D (280) memory_layout: Checking 6 reserved memory ranges:[0m
D (286) memory_layout: Reserved memory range 0x3fc84000 - 0x3fc98400[0m
D (292) memory_layout: Reserved memory range 0x3fc98400 - 0x3fc9c5d8[0m
D (299) memory_layout: Reserved memory range 0x3fceee34 - 0x3fcf0000[0m
D (305) memory_layout: Reserved memory range 0x40374000 - 0x40388400[0m
D (311) memory_layout: Reserved memory range 0x600fe000 - 0x600fe010[0m
D (318) memory_layout: Reserved memory range 0x600fffe8 - 0x60100000[0m
D (324) memory_layout: Building list of available memory regions:[0m
D (330) memory_layout: Available memory region 0x3fc9c5d8 - 0x3fca0000[0m
D (337) memory_layout: Available memory region 0x3fca0000 - 0x3fcb0000[0m
D (344) memory_layout: Available memory region 0x3fcb0000 - 0x3fcc0000[0m
D (350) memory_layout: Available memory region 0x3fcc0000 - 0x3fcd0000[0m
D (357) memory_layout: Available memory region 0x3fcd0000 - 0x3fce0000[0m
D (363) memory_layout: Available memory region 0x3fce0000 - 0x3fce9710[0m
D (370) memory_layout: Available memory region 0x3fce9710 - 0x3fceee34[0m
D (377) memory_layout: Available memory region 0x3fcf0000 - 0x3fcf8000[0m
D (383) memory_layout: Available memory region 0x600fe010 - 0x600fffe8[0m
[0;32mI (390) heap_init: Initializing. RAM available for dynamic allocation:[0m
D (397) heap_init: New heap initialised at 0x3fc9c5d8[0m
[0;32mI (402) heap_init: At 3FC9C5D8 len 0004D138 (308 KiB): RAM[0m
[0;32mI (408) heap_init: At 3FCE9710 len 00005724 (21 KiB): RAM[0m
D (414) heap_init: New heap initialised at 0x3fcf0000[0m
[0;32mI (419) heap_init: At 3FCF0000 len 00008000 (32 KiB): DRAM[0m
D (426) heap_init: New heap initialised at 0x600fe010[0m
[0;32mI (431) heap_init: At 600FE010 len 00001FD8 (7 KiB): RTCRAM[0m
D (437) intr_alloc: Connected src 39 to int 2 (cpu 0)[0m
D (443) spi_flash: trying chip: issi[0m
D (446) spi_flash: trying chip: gd[0m
[0;32mI (449) spi_flash: detected chip: gd[0m
[0;32mI (453) spi_flash: flash io: dio[0m
D (457) cpu_start: calling init function: 0x42028b80[0m
D (463) cpu_start: calling init function: 0x42028640[0m
D (468) cpu_start: calling init function: 0x42026158[0m
[0;33mW (473) i2c: This driver is an old driver, please migrate your application code to adapt `driver/i2c_master.h`[0m
D (483) cpu_start: calling init function: 0x4201de4c[0m
D (488) cpu_start: calling init function: 0x4037b6bc[0m
D (493) cpu_start: calling init function: 0x42002eb0[0m
D (498) stack_chk: Intialize random stack guard[0m
D (503) cpu_start: calling init function: 0x42002660[0m
D (508) cpu_start: calling init function: 0x4200931c on core: 0[0m
D (514) intr_alloc: Connected src 59 to int 3 (cpu 0)[0m
D (519) cpu_start: calling init function: 0x420062c4 on core: 0[0m
[0;32mI (525) sleep: Configure to isolate all GPIO pins in sleep state[0m
[0;32mI (532) sleep: Enable automatic switching of GPIO sleep configuration[0m
D (539) cpu_start: calling init function: 0x42003fcc on core: 0[0m
D (545) intr_alloc: Connected src 79 to int 9 (cpu 0)[0m
D (550) app_start: Starting scheduler on CPU0[0m
D (554) intr_alloc: Connected src 57 to int 12 (cpu 0)[0m
D (554) intr_alloc: Connected src 80 to int 2 (cpu 1)[0m
D (564) app_start: Starting scheduler on CPU1[0m
D (564) intr_alloc: Connected src 58 to int 3 (cpu 1)[0m
[0;32mI (554) main_task: Started on CPU0[0m
D (574) heap_init: New heap initialised at 0x3fce9710[0m
D (574) intr_alloc: Connected src 52 to int 13 (cpu 0)[0m
[0;32mI (584) main_task: Calling app_main()[0m
[0;32mI (584) SD_Karte_SPEICHERN: Mounting SD card...[0m
D (594) sdmmc_periph: peripheral version 5342270a, hardware config 03c44c83[0m
D (604) intr_alloc: Connected src 30 to int 17 (cpu 0)[0m
D (604) sdmmc_periph: using GPIO39 as clk pin[0m
[0;32mI (614) gpio: GPIO[39]| InputEn: 0| OutputEn: 0| OpenDrain: 0| Pullup: 1| Pulldown: 0| Intr:0 [0m
D (614) sdmmc_periph: using GPIO38 as cmd pin[0m
[0;32mI (624) gpio: GPIO[38]| InputEn: 0| OutputEn: 0| OpenDrain: 0| Pullup: 1| Pulldown: 0| Intr:0 [0m
D (634) sdmmc_periph: using GPIO40 as d0 pin[0m
[0;32mI (634) gpio: GPIO[40]| InputEn: 0| OutputEn: 0| OpenDrain: 0| Pullup: 1| Pulldown: 0| Intr:0 [0m
D (644) sdmmc_periph: slot=1 host_div=10 card_div=20 freq=400kHz (max 400kHz)[0m
D (654) sdmmc_periph: slot=1 width=1[0m
D (654) sdmmc_req: process_command_response: error 0x107  (status=00000100)[0m
D (684) sdmmc_sd: SDHC/SDXC card[0m
D (684) sdmmc_req: process_command_response: error 0x107  (status=00000100)[0m
D (684) sdmmc_io: sdmmc_init_io: io_send_op_cond (1) returned 0x107; not IO card[0m
D (694) sdmmc_common: host_ocr=0x40ff8000 card_ocr=0xc0ff8000[0m
D (694) sdmmc_common: sdmmc_card_init: host_ocr=40ff8000, card_ocr=c0ff8000[0m
D (704) sdmmc_init: sdmmc_card_init: card type is SD[0m
D (704) sdmmc_common: sdmmc_init_host_bus_width: using 1-bit bus[0m
D (714) sdmmc_periph: slot=1 host_div=8 card_div=0 freq=20000kHz (max 20000kHz)[0m
D (714) vfs_fat_sdmmc: using pdrv=0[0m
[0;32mI (724) SD_Karte_SPEICHERN: 


SD card mount successfully!



[0m
[0;32mI (724) SD_Karte_SPEICHERN: INit sdcard success
[0m
Guru Meditation Error: Core  0 panic'ed (LoadProhibited). Exception was unhandled.

Core  0 register dump:
PC      : 0x420149df  PS      : 0x00060930  A0      : 0x8200ca86  A1      : 0x3fca01c0  
A2      : 0x3c0508dc  A3      : 0x3fc986d4  A4      : 0x00000008  A5      : 0x3c0456a4  
A6      : 0x0000001b  A7      : 0x3fca655c  A8      : 0x3c050934  A9      : 0x00000000  
A10     : 0x00000000  A11     : 0x0000005c  A12     : 0x00000008  A13     : 0x00000000  
A14     : 0x3fca00f0  A15     : 0x0000005c  SAR     : 0x0000001f  EXCCAUSE: 0x0000001c  
EXCVADDR: 0x00000000  LBEG    : 0x400570e8  LEND    : 0x400570f3  LCOUNT  : 0x00000000  


Backtrace: 0x420149dc:0x3fca01c0 0x4200ca83:0x3fca0210 0x4200c25f:0x3fca0250 0x4200bdf7:0x3fca0290 0x4200be5d:0x3fca02c0 0x4203bce3:0x3fca02f0 0x4037dcfe:0x3fca0320




ELF file SHA256: e01fb0421

Rebooting...
ï¿½ï¿½ï¿½ESP-ROM:esp32s3-20210327
Build:Mar 27 2021
rst:0xc (RTC_SW_CPU_RST),boot:0x8 (SPI_FAST_FLASH_BOOT)
Saved PC:0x40375a30
SPIWP:0xee
mode:DIO, clock div:1
load:0x3fce3810,len:0x178c
load:0x403c9700,len:0x4
load:0x403c9704,len:0xcb8
load:0x403cc700,len:0x2d84
entry 0x403c9914
[0;32mI (31) boot: ESP-IDF v5.3-dev-422-ga7fbf452fa-dirty 2nd stage bootloader[0m
[0;32mI (31) boot: compile time Dec  1 2023 13:47:18[0m
[0;32mI (32) boot: Multicore bootloader[0m
[0;32mI (36) boot: chip revision: v0.1[0m
[0;32mI (40) boot.esp32s3: Boot SPI Speed : 80MHz[0m
[0;32mI (45) boot.esp32s3: SPI Mode       : DIO[0m
[0;32mI (50) boot.esp32s3: SPI Flash Size : 8MB[0m
[0;32mI (54) boot: Enabling RNG early entropy source...[0m
[0;32mI (60) boot: Partition Table:[0m
[0;32mI (63) boot: ## Label            Usage          Type ST Offset   Length[0m
[0;32mI (71) boot:  0 nvs              WiFi data        01 02 00009000 00006000[0m
[0;32mI (78) boot:  1 phy_init         RF data          01 01 0000f000 00001000[0m
[0;32mI (86) boot:  2 factory          factory app      00 00 00010000 00100000[0m
[0;32mI (93) boot: End of partition table[0m
[0;32mI (97) esp_image: segment 0: paddr=00010020 vaddr=3c040020 size=1561ch ( 87580) map[0m
[0;32mI (121) esp_image: segment 1: paddr=00025644 vaddr=3fc98400 size=037f4h ( 14324) load[0m
[0;32mI (125) esp_image: segment 2: paddr=00028e40 vaddr=40374000 size=071d8h ( 29144) load[0m
[0;32mI (134) esp_image: segment 3: paddr=00030020 vaddr=42000020 size=3c8f8h (248056) map[0m
[0;32mI (180) esp_image: segment 4: paddr=0006c920 vaddr=4037b1d8 size=0d158h ( 53592) load[0m
[0;32mI (200) boot: Loaded app from partition at offset 0x10000[0m
[0;32mI (201) boot: Disabling RNG early entropy source...[0m
[0;32mI (212) cpu_start: Multicore app[0m
D (212) cpu_start: Pro cpu up[0m
D (212) cpu_start: Starting app cpu, entry point is 0x40375318[0m
D (190) cpu_start: App cpu up[0m
D (222) clk: RTC_SLOW_CLK calibration value: 3834445[0m
[0;32mI (234) cpu_start: Pro cpu start user code[0m
[0;32mI (234) cpu_start: cpu freq: 160000000 Hz[0m
[0;32mI (234) cpu_start: Application information:[0m
[0;32mI (237) cpu_start: Project name:     esp32_cam_sd_jpg[0m
[0;32mI (243) cpu_start: App version:      1b71676[0m
[0;32mI (248) cpu_start: Compile time:     Dec  1 2023 13:47:09[0m
[0;32mI (254) cpu_start: ELF file SHA256:  e01fb0421...[0m
[0;32mI (259) cpu_start: ESP-IDF:          v5.3-dev-422-ga7fbf452fa-dirty[0m
[0;32mI (266) cpu_start: Min chip rev:     v0.0[0m
[0;32mI (271) cpu_start: Max chip rev:     v0.99 [0m
[0;32mI (276) cpu_start: Chip rev:         v0.1[0m
D (280) memory_layout: Checking 6 reserved memory ranges:[0m
D (286) memory_layout: Reserved memory range 0x3fc84000 - 0x3fc98400[0m
D (292) memory_layout: Reserved memory range 0x3fc98400 - 0x3fc9c5d8[0m
D (299) memory_layout: Reserved memory range 0x3fceee34 - 0x3fcf0000[0m
D (305) memory_layout: Reserved memory range 0x40374000 - 0x40388400[0m
D (311) memory_layout: Reserved memory range 0x600fe000 - 0x600fe010[0m
D (318) memory_layout: Reserved memory range 0x600fffe8 - 0x60100000[0m
D (324) memory_layout: Building list of available memory regions:[0m
D (330) memory_layout: Available memory region 0x3fc9c5d8 - 0x3fca0000[0m
D (337) memory_layout: Available memory region 0x3fca0000 - 0x3fcb0000[0m
D (344) memory_layout: Available memory region 0x3fcb0000 - 0x3fcc0000[0m
D (350) memory_layout: Available memory region 0x3fcc0000 - 0x3fcd0000[0m
D (357) memory_layout: Available memory region 0x3fcd0000 - 0x3fce0000[0m
D (363) memory_layout: Available memory region 0x3fce0000 - 0x3fce9710[0m
D (370) memory_layout: Available memory region 0x3fce9710 - 0x3fceee34[0m
D (377) memory_layout: Available memory region 0x3fcf0000 - 0x3fcf8000[0m
D (383) memory_layout: Available memory region 0x600fe010 - 0x600fffe8[0m
[0;32mI (390) heap_init: Initializing. RAM available for dynamic allocation:[0m
D (397) heap_init: New heap initialised at 0x3fc9c5d8[0m
[0;32mI (402) heap_init: At 3FC9C5D8 len 0004D138 (308 KiB): RAM[0m
[0;32mI (408) heap_init: At 3FCE9710 len 00005724 (21 KiB): RAM[0m
D (414) heap_init: New heap initialised at 0x3fcf0000[0m
[0;32mI (419) heap_init: At 3FCF0000 len 00008000 (32 KiB): DRAM[0m
D (426) heap_init: New heap initialised at 0x600fe010[0m
[0;32mI (431) heap_init: At 600FE010 len 00001FD8 (7 KiB): RTCRAM[0m
D (437) intr_alloc: Connected src 39 to int 2 (cpu 0)[0m
D (443) spi_flash: trying chip: issi[0m
D (446) spi_flash: trying chip: gd[0m
[0;32mI (449) spi_flash: detected chip: gd[0m
[0;32mI (453) spi_flash: flash io: dio[0m
D (457) cpu_start: calling init function: 0x42028b80[0m
D (463) cpu_start: calling init function: 0x42028640[0m
D (468) cpu_start: calling init function: 0x42026158[0m
[0;33mW (473) i2c: This driver is an old driver, please migrate your application code to adapt `driver/i2c_master.h`[0m
D (483) cpu_start: calling init function: 0x4201de4c[0m
D (488) cpu_start: calling init function: 0x4037b6bc[0m
D (493) cpu_start: calling init function: 0x42002eb0[0m
D (498) stack_chk: Intialize random stack guard[0m
D (503) cpu_start: calling init function: 0x42002660[0m
D (508) cpu_start: calling init function: 0x4200931c on core: 0[0m
D (514) intr_alloc: Connected src 59 to int 3 (cpu 0)[0m
D (519) cpu_start: calling init function: 0x420062c4 on core: 0[0m
[0;32mI (525) sleep: Configure to isolate all GPIO pins in sleep state[0m
[0;32mI (532) sleep: Enable automatic switching of GPIO sleep configuration[0m
D (539) cpu_start: calling init function: 0x42003fcc on core: 0[0m
D (545) intr_alloc: Connected src 79 to int 9 (cpu 0)[0m
D (550) app_start: Starting scheduler on CPU0[0m
D (554) intr_alloc: Connected src 57 to int 12 (cpu 0)[0m
D (554) intr_alloc: Connected src 80 to int 2 (cpu 1)[0m
D (564) app_start: Starting scheduler on CPU1[0m
D (564) intr_alloc: Connected src 58 to int 3 (cpu 1)[0m
[0;32mI (554) main_task: Started on CPU0[0m
D (574) heap_init: New heap initialised at 0x3fce9710[0m
D (574) intr_alloc: Connected src 52 to int 13 (cpu 0)[0m
[0;32mI (584) main_task: Calling app_main()[0m
[0;32mI (584) SD_Karte_SPEICHERN: Mounting SD card...[0m
D (594) sdmmc_periph: peripheral version 5342270a, hardware config 03c44c83[0m
D (604) intr_alloc: Connected src 30 to int 17 (cpu 0)[0m
D (604) sdmmc_periph: using GPIO39 as clk pin[0m
[0;32mI (614) gpio: GPIO[39]| InputEn: 0| OutputEn: 0| OpenDrain: 0| Pullup: 1| Pulldown: 0| Intr:0 [0m
D (614) sdmmc_periph: using GPIO38 as cmd pin[0m
[0;32mI (624) gpio: GPIO[38]| InputEn: 0| OutputEn: 0| OpenDrain: 0| Pullup: 1| Pulldown: 0| Intr:0 [0m
D (634) sdmmc_periph: using GPIO40 as d0 pin[0m
[0;32mI (634) gpio: GPIO[40]| InputEn: 0| OutputEn: 0| OpenDrain: 0| Pullup: 1| Pulldown: 0| Intr:0 [0m
D (644) sdmmc_periph: slot=1 host_div=10 card_div=20 freq=400kHz (max 400kHz)[0m
D (654) sdmmc_periph: slot=1 width=1[0m
D (654) sdmmc_req: process_command_response: error 0x107  (status=00000100)[0m
D (684) sdmmc_sd: SDHC/SDXC card[0m
D (684) sdmmc_req: process_command_response: error 0x107  (status=00000100)[0m
D (684) sdmmc_io: sdmmc_init_io: io_send_op_cond (1) returned 0x107; not IO card[0m
D (694) sdmmc_common: host_ocr=0x40ff8000 card_ocr=0xc0ff8000[0m
D (694) sdmmc_common: sdmmc_card_init: host_ocr=40ff8000, card_ocr=c0ff8000[0m
D (704) sdmmc_init: sdmmc_card_init: card type is SD[0m
D (704) sdmmc_common: sdmmc_init_host_bus_width: using 1-bit bus[0m
D (714) sdmmc_periph: slot=1 host_div=8 card_div=0 freq=20000kHz (max 20000kHz)[0m
D (714) vfs_fat_sdmmc: using pdrv=0[0m
[0;32mI (724) SD_Karte_SPEICHERN: 


SD card mount successfully!



[0m
[0;32mI (724) SD_Karte_SPEICHERN: INit sdcard success
[0m
Guru Meditation Error: Core  0 panic'ed (LoadProhibited). Exception was unhandled.

Core  0 register dump:
PC      : 0x420149df  PS      : 0x00060930  A0      : 0x8200ca86  A1      : 0x3fca01c0  
A2      : 0x3c0508dc  A3      : 0x3fc986d4  A4      : 0x00000008  A5      : 0x3c0456a4  
A6      : 0x0000001b  A7      : 0x3fca655c  A8      : 0x3c050934  A9      : 0x00000000  
A10     : 0x00000000  A11     : 0x0000005c  A12     : 0x00000008  A13     : 0x00000000  
A14     : 0x3fca00f0  A15     : 0x0000005c  SAR     : 0x0000001f  EXCCAUSE: 0x0000001c  
EXCVADDR: 0x00000000  LBEG    : 0x400570e8  LEND    : 0x400570f3  LCOUNT  : 0x00000000  


Backtrace: 0x420149dc:0x3fca01c0 0x4200ca83:0x3fca0210 0x4200c25f:0x3fca0250 0x4200bdf7:0x3fca0290 0x4200be5d:0x3fca02c0 0x4203bce3:0x3fca02f0 0x4037dcfe:0x3fca0320




ELF file SHA256: e01fb0421

Rebooting...
ï¿½ï¿½ï¿½ESP-ROM:esp32s3-20210327
Build:Mar 27 2021
rst:0xc (RTC_SW_CPU_RST),boot:0x8 (SPI_FAST_FLASH_BOOT)
Saved PC:0x40375a30
SPIWP:0xee
mode:DIO, clock div:1
load:0x3fce3810,len:0x178c
load:0x403c9700,len:0x4
load:0x403c9704,len:0xcb8
load:0x403cc700,len:0x2d84
entry 0x403c9914
[0;32mI (31) boot: ESP-IDF v5.3-dev-422-ga7fbf452fa-dirty 2nd stage bootloader[0m
[0;32mI (31) boot: compile time Dec  1 2023 13:47:18[0m
[0;32mI (32) boot: Multicore bootloader[0m
[0;32mI (36) boot: chip revision: v0.1[0m
[0;32mI (40) boot.esp32s3: Boot SPI Speed : 80MHz[0m
[0;32mI (45) boot.esp32s3: SPI Mode       : DIO[0m
[0;32mI (50) boot.esp32s3: SPI Flash Size : 8MB[0m
[0;32mI (54) boot: Enabling RNG early entropy source...[0m
