ESP-ROM:esp32s3-20210327
Build:Mar 27 2021
rst:0x1 (POWERON),boot:0x8 (SPI_FAST_FLASH_BOOT)
SPIWP:0xee
mode:DIO, clock div:1
load:0x3fce3810,len:0x178c
load:0x403c9700,len:0x4
load:0x403c9704,len:0xcb8
load:0x403cc700,len:0x2d84
entry 0x403c9914
[0;32mI (27) boot: ESP-IDF v5.3-dev-422-ga7fbf452fa-dirty 2nd stage bootloader[0m
[0;32mI (27) boot: compile time Nov 30 2023 19:46:02[0m
[0;32mI (28) boot: Multicore bootloader[0m
[0;32mI (32) boot: chip revision: v0.1[0m
[0;32mI (36) boot.esp32s3: Boot SPI Speed : 80MHz[0m
[0;32mI (41) boot.esp32s3: SPI Mode       : DIO[0m
[0;32mI (45) boot.esp32s3: SPI Flash Size : 2MB[0m
[0;32mI (50) boot: Enabling RNG early entropy source...[0m
[0;32mI (55) boot: Partition Table:[0m
[0;32mI (59) boot: ## Label            Usage          Type ST Offset   Length[0m
[0;32mI (66) boot:  0 nvs              WiFi data        01 02 00009000 00006000[0m
[0;32mI (74) boot:  1 phy_init         RF data          01 01 0000f000 00001000[0m
[0;32mI (81) boot:  2 factory          factory app      00 00 00010000 00100000[0m
[0;32mI (89) boot: End of partition table[0m
[0;32mI (93) esp_image: segment 0: paddr=00010020 vaddr=3c040020 size=15824h ( 88100) map[0m
[0;32mI (117) esp_image: segment 1: paddr=0002584c vaddr=3fc98400 size=037f4h ( 14324) load[0m
[0;32mI (120) esp_image: segment 2: paddr=00029048 vaddr=40374000 size=06fd0h ( 28624) load[0m
[0;32mI (129) esp_image: segment 3: paddr=00030020 vaddr=42000020 size=3f10ch (258316) map[0m
[0;32mI (178) esp_image: segment 4: paddr=0006f134 vaddr=4037afd0 size=0d360h ( 54112) load[0m
[0;32mI (198) boot: Loaded app from partition at offset 0x10000[0m
[0;32mI (198) boot: Disabling RNG early entropy source...[0m
[0;32mI (210) cpu_start: Multicore app[0m
D (210) cpu_start: Pro cpu up[0m
D (210) cpu_start: Starting app cpu, entry point is 0x40375318[0m
D (0) cpu_start: App cpu up[0m
D (220) clk: RTC_SLOW_CLK calibration value: 3819661[0m
[0;32mI (231) cpu_start: Pro cpu start user code[0m
[0;32mI (231) cpu_start: cpu freq: 160000000 Hz[0m
[0;32mI (231) cpu_start: Application information:[0m
[0;32mI (234) cpu_start: Project name:     esp32_cam_sd_jpg[0m
[0;32mI (240) cpu_start: App version:      1b71676[0m
[0;32mI (245) cpu_start: Compile time:     Nov 30 2023 19:45:52[0m
[0;32mI (251) cpu_start: ELF file SHA256:  abb9a59b8...[0m
[0;32mI (256) cpu_start: ESP-IDF:          v5.3-dev-422-ga7fbf452fa-dirty[0m
[0;32mI (263) cpu_start: Min chip rev:     v0.0[0m
[0;32mI (268) cpu_start: Max chip rev:     v0.99 [0m
[0;32mI (273) cpu_start: Chip rev:         v0.1[0m
D (278) memory_layout: Checking 6 reserved memory ranges:[0m
D (283) memory_layout: Reserved memory range 0x3fc84000 - 0x3fc98400[0m
D (290) memory_layout: Reserved memory range 0x3fc98400 - 0x3fc9c5f0[0m
D (296) memory_layout: Reserved memory range 0x3fceee34 - 0x3fcf0000[0m
D (302) memory_layout: Reserved memory range 0x40374000 - 0x40388400[0m
D (309) memory_layout: Reserved memory range 0x600fe000 - 0x600fe010[0m
D (315) memory_layout: Reserved memory range 0x600fffe8 - 0x60100000[0m
D (322) memory_layout: Building list of available memory regions:[0m
D (328) memory_layout: Available memory region 0x3fc9c5f0 - 0x3fca0000[0m
D (334) memory_layout: Available memory region 0x3fca0000 - 0x3fcb0000[0m
D (341) memory_layout: Available memory region 0x3fcb0000 - 0x3fcc0000[0m
D (348) memory_layout: Available memory region 0x3fcc0000 - 0x3fcd0000[0m
D (354) memory_layout: Available memory region 0x3fcd0000 - 0x3fce0000[0m
D (361) memory_layout: Available memory region 0x3fce0000 - 0x3fce9710[0m
D (367) memory_layout: Available memory region 0x3fce9710 - 0x3fceee34[0m
D (374) memory_layout: Available memory region 0x3fcf0000 - 0x3fcf8000[0m
D (381) memory_layout: Available memory region 0x600fe010 - 0x600fffe8[0m
[0;32mI (387) heap_init: Initializing. RAM available for dynamic allocation:[0m
D (395) heap_init: New heap initialised at 0x3fc9c5f0[0m
[0;32mI (400) heap_init: At 3FC9C5F0 len 0004D120 (308 KiB): RAM[0m
[0;32mI (406) heap_init: At 3FCE9710 len 00005724 (21 KiB): RAM[0m
D (412) heap_init: New heap initialised at 0x3fcf0000[0m
[0;32mI (417) heap_init: At 3FCF0000 len 00008000 (32 KiB): DRAM[0m
D (423) heap_init: New heap initialised at 0x600fe010[0m
[0;32mI (428) heap_init: At 600FE010 len 00001FD8 (7 KiB): RTCRAM[0m
D (435) intr_alloc: Connected src 39 to int 2 (cpu 0)[0m
D (440) spi_flash: trying chip: issi[0m
D (443) spi_flash: trying chip: gd[0m
[0;32mI (447) spi_flash: detected chip: gd[0m
[0;32mI (451) spi_flash: flash io: dio[0m
[0;33mW (455) spi_flash: Detected size(8192k) larger than the size in the binary image header(2048k). Using the size in the binary image header.[0m
D (468) cpu_start: calling init function: 0x42029aa4[0m
D (473) cpu_start: calling init function: 0x42029564[0m
D (478) cpu_start: calling init function: 0x4202707c[0m
[0;33mW (483) i2c: This driver is an old driver, please migrate your application code to adapt `driver/i2c_master.h`[0m
D (494) cpu_start: calling init function: 0x4201ed70[0m
D (499) cpu_start: calling init function: 0x4037b6bc[0m
D (504) cpu_start: calling init function: 0x420031c8[0m
D (509) stack_chk: Intialize random stack guard[0m
D (514) cpu_start: calling init function: 0x42002978[0m
D (519) cpu_start: calling init function: 0x42009634 on core: 0[0m
D (525) intr_alloc: Connected src 59 to int 3 (cpu 0)[0m
D (530) cpu_start: calling init function: 0x420065dc on core: 0[0m
[0;32mI (536) sleep: Configure to isolate all GPIO pins in sleep state[0m
[0;32mI (543) sleep: Enable automatic switching of GPIO sleep configuration[0m
D (549) cpu_start: calling init function: 0x420042e4 on core: 0[0m
D (556) intr_alloc: Connected src 79 to int 9 (cpu 0)[0m
D (560) app_start: Starting scheduler on CPU0[0m
D (565) intr_alloc: Connected src 57 to int 12 (cpu 0)[0m
D (565) intr_alloc: Connected src 80 to int 2 (cpu 1)[0m
D (575) app_start: Starting scheduler on CPU1[0m
D (575) intr_alloc: Connected src 58 to int 3 (cpu 1)[0m
[0;32mI (565) main_task: Started on CPU0[0m
D (585) heap_init: New heap initialised at 0x3fce9710[0m
D (585) intr_alloc: Connected src 52 to int 13 (cpu 0)[0m
[0;32mI (595) main_task: Calling app_main()[0m
[0;32mI (595) SD_Karte_SPEICHERN: Mounting SD card...[0m
D (605) sdmmc_periph: peripheral version 5342270a, hardware config 03c44c83[0m
D (615) intr_alloc: Connected src 30 to int 17 (cpu 0)[0m
D (615) sdmmc_periph: using GPIO39 as clk pin[0m
[0;32mI (625) gpio: GPIO[39]| InputEn: 0| OutputEn: 0| OpenDrain: 0| Pullup: 1| Pulldown: 0| Intr:0 [0m
D (625) sdmmc_periph: using GPIO38 as cmd pin[0m
[0;32mI (635) gpio: GPIO[38]| InputEn: 0| OutputEn: 0| OpenDrain: 0| Pullup: 1| Pulldown: 0| Intr:0 [0m
D (645) sdmmc_periph: using GPIO40 as d0 pin[0m
[0;32mI (645) gpio: GPIO[40]| InputEn: 0| OutputEn: 0| OpenDrain: 0| Pullup: 1| Pulldown: 0| Intr:0 [0m
D (655) sdmmc_periph: slot=1 host_div=10 card_div=20 freq=400kHz (max 400kHz)[0m
D (665) sdmmc_periph: slot=1 width=1[0m
D (665) sdmmc_req: process_command_response: error 0x107  (status=00000100)[0m
D (695) sdmmc_sd: SDHC/SDXC card[0m
D (695) sdmmc_req: process_command_response: error 0x107  (status=00000100)[0m
D (695) sdmmc_io: sdmmc_init_io: io_send_op_cond (1) returned 0x107; not IO card[0m
D (705) sdmmc_common: host_ocr=0x40ff8000 card_ocr=0xc0ff8000[0m
D (705) sdmmc_common: sdmmc_card_init: host_ocr=40ff8000, card_ocr=c0ff8000[0m
D (715) sdmmc_init: sdmmc_card_init: card type is SD[0m
D (715) sdmmc_common: sdmmc_init_host_bus_width: using 1-bit bus[0m
D (725) sdmmc_periph: slot=1 host_div=8 card_div=0 freq=20000kHz (max 20000kHz)[0m
D (725) vfs_fat_sdmmc: using pdrv=0[0m
[0;32mI (735) SD_Karte_SPEICHERN: 


SD card mount successfully!



[0m
[0;32mI (735) SD_Karte_SPEICHERN: INit sdcard success
[0m
Guru Meditation Error: Core  0 panic'ed (LoadProhibited). Exception was unhandled.

Core  0 register dump:
PC      : 0x42015903  PS      : 0x00060930  A0      : 0x8200d9aa  A1      : 0x3fc9e960  
A2      : 0x3c0508fc  A3      : 0x3fc986d4  A4      : 0x00000008  A5      : 0x3c0456a8  
A6      : 0x0000001b  A7      : 0x3fca6574  A8      : 0x3c050954  A9      : 0x00000000  
A10     : 0x00000000  A11     : 0x0000005c  A12     : 0x00000008  A13     : 0x00000000  
A14     : 0x3fc9e890  A15     : 0x0000005c  SAR     : 0x0000001f  EXCCAUSE: 0x0000001c  
EXCVADDR: 0x00000000  LBEG    : 0x400570e8  LEND    : 0x400570f3  LCOUNT  : 0x00000000  


Backtrace: 0x42015900:0x3fc9e960 0x4200d9a7:0x3fc9e9b0 0x4200d183:0x3fc9e9f0 0x4200c1c3:0x3fc9ea30 0x4200c866:0x3fc9ea60 0x4203e4f7:0x3fca0310 0x4037dcfe:0x3fca0340




ELF file SHA256: abb9a59b8

Rebooting...
ESP-ROM:esp32s3-20210327
Build:Mar 27 2021
rst:0xc (RTC_SW_CPU_RST),boot:0x8 (SPI_FAST_FLASH_BOOT)
Saved PC:0x40375a30
SPIWP:0xee
mode:DIO, clock div:1
load:0x3fce3810,len:0x178c
load:0x403c9700,len:0x4
load:0x403c9704,len:0xcb8
load:0x403cc700,len:0x2d84
entry 0x403c9914
[0;32mI (31) boot: ESP-IDF v5.3-dev-422-ga7fbf452fa-dirty 2nd stage bootloader[0m
[0;32mI (31) boot: compile time Nov 30 2023 19:46:02[0m
[0;32mI (32) boot: Multicore bootloader[0m
[0;32mI (36) boot: chip revision: v0.1[0m
[0;32mI (40) boot.esp32s3: Boot SPI Speed : 80MHz[0m
[0;32mI (45) boot.esp32s3: SPI Mode       : DIO[0m
[0;32mI (50) boot.esp32s3: SPI Flash Size : 2MB[0m
[0;32mI (54) boot: Enabling RNG early entropy source...[0m
[0;32mI (60) boot: Partition Table:[0m
[0;32mI (63) boot: ## Label            Usage          Type ST Offset   Length[0m
[0;32mI (71) boot:  0 nvs              WiFi data        01 02 00009000 00006000[0m
[0;32mI (78) boot:  1 phy_init         RF data          01 01 0000f000 00001000[0m
[0;32mI (86) boot:  2 factory          factory app      00 00 00010000 00100000[0m
[0;32mI (93) boot: End of partition table[0m
[0;32mI (97) esp_image: segment 0: paddr=00010020 vaddr=3c040020 size=15824h ( 88100) map[0m
[0;32mI (122) esp_image: segment 1: paddr=0002584c vaddr=3fc98400 size=037f4h ( 14324) load[0m
[0;32mI (125) esp_image: segment 2: paddr=00029048 vaddr=40374000 size=06fd0h ( 28624) load[0m
[0;32mI (134) esp_image: segment 3: paddr=00030020 vaddr=42000020 size=3f10ch (258316) map[0m
[0;32mI (182) esp_image: segment 4: paddr=0006f134 vaddr=4037afd0 size=0d360h ( 54112) load[0m
[0;32mI (202) boot: Loaded app from partition at offset 0x10000[0m
[0;32mI (203) boot: Disabling RNG early entropy source...[0m
[0;32mI (214) cpu_start: Multicore app[0m
D (214) cpu_start: Pro cpu up[0m
D (214) cpu_start: Starting app cpu, entry point is 0x40375318[0m
D (192) cpu_start: App cpu up[0m
D (224) clk: RTC_SLOW_CLK calibration value: 3820762[0m
[0;32mI (236) cpu_start: Pro cpu start user code[0m
[0;32mI (236) cpu_start: cpu freq: 160000000 Hz[0m
[0;32mI (236) cpu_start: Application information:[0m
[0;32mI (239) cpu_start: Project name:     esp32_cam_sd_jpg[0m
[0;32mI (245) cpu_start: App version:      1b71676[0m
[0;32mI (250) cpu_start: Compile time:     Nov 30 2023 19:45:52[0m
[0;32mI (256) cpu_start: ELF file SHA256:  abb9a59b8...[0m
[0;32mI (261) cpu_start: ESP-IDF:          v5.3-dev-422-ga7fbf452fa-dirty[0m
[0;32mI (268) cpu_start: Min chip rev:     v0.0[0m
[0;32mI (273) cpu_start: Max chip rev:     v0.99 [0m
[0;32mI (278) cpu_start: Chip rev:         v0.1[0m
D (282) memory_layout: Checking 6 reserved memory ranges:[0m
D (288) memory_layout: Reserved memory range 0x3fc84000 - 0x3fc98400[0m
D (294) memory_layout: Reserved memory range 0x3fc98400 - 0x3fc9c5f0[0m
D (301) memory_layout: Reserved memory range 0x3fceee34 - 0x3fcf0000[0m
D (307) memory_layout: Reserved memory range 0x40374000 - 0x40388400[0m
D (313) memory_layout: Reserved memory range 0x600fe000 - 0x600fe010[0m
D (320) memory_layout: Reserved memory range 0x600fffe8 - 0x60100000[0m
D (326) memory_layout: Building list of available memory regions:[0m
D (332) memory_layout: Available memory region 0x3fc9c5f0 - 0x3fca0000[0m
D (339) memory_layout: Available memory region 0x3fca0000 - 0x3fcb0000[0m
D (346) memory_layout: Available memory region 0x3fcb0000 - 0x3fcc0000[0m
D (352) memory_layout: Available memory region 0x3fcc0000 - 0x3fcd0000[0m
D (359) memory_layout: Available memory region 0x3fcd0000 - 0x3fce0000[0m
D (365) memory_layout: Available memory region 0x3fce0000 - 0x3fce9710[0m
D (372) memory_layout: Available memory region 0x3fce9710 - 0x3fceee34[0m
D (379) memory_layout: Available memory region 0x3fcf0000 - 0x3fcf8000[0m
D (385) memory_layout: Available memory region 0x600fe010 - 0x600fffe8[0m
[0;32mI (392) heap_init: Initializing. RAM available for dynamic allocation:[0m
D (399) heap_init: New heap initialised at 0x3fc9c5f0[0m
[0;32mI (404) heap_init: At 3FC9C5F0 len 0004D120 (308 KiB): RAM[0m
[0;32mI (410) heap_init: At 3FCE9710 len 00005724 (21 KiB): RAM[0m
D (416) heap_init: New heap initialised at 0x3fcf0000[0m
[0;32mI (421) heap_init: At 3FCF0000 len 00008000 (32 KiB): DRAM[0m
D (428) heap_init: New heap initialised at 0x600fe010[0m
[0;32mI (433) heap_init: At 600FE010 len 00001FD8 (7 KiB): RTCRAM[0m
D (439) intr_alloc: Connected src 39 to int 2 (cpu 0)[0m
D (445) spi_flash: trying chip: issi[0m
D (448) spi_flash: trying chip: gd[0m
[0;32mI (451) spi_flash: detected chip: gd[0m
[0;32mI (456) spi_flash: flash io: dio[0m
[0;33mW (459) spi_flash: Detected size(8192k) larger than the size in the binary image header(2048k). Using the size in the binary image header.[0m
D (473) cpu_start: calling init function: 0x42029aa4[0m
D (478) cpu_start: calling init function: 0x42029564[0m
D (483) cpu_start: calling init function: 0x4202707c[0m
[0;33mW (488) i2c: This driver is an old driver, please migrate your application code to adapt `driver/i2c_master.h`[0m
D (498) cpu_start: calling init function: 0x4201ed70[0m
D (504) cpu_start: calling init function: 0x4037b6bc[0m
D (509) cpu_start: calling init function: 0x420031c8[0m
D (514) stack_chk: Intialize random stack guard[0m
D (518) cpu_start: calling init function: 0x42002978[0m
D (523) cpu_start: calling init function: 0x42009634 on core: 0[0m
D (529) intr_alloc: Connected src 59 to int 3 (cpu 0)[0m
D (534) cpu_start: calling init function: 0x420065dc on core: 0[0m
[0;32mI (540) sleep: Configure to isolate all GPIO pins in sleep state[0m
[0;32mI (547) sleep: Enable automatic switching of GPIO sleep configuration[0m
D (554) cpu_start: calling init function: 0x420042e4 on core: 0[0m
D (560) intr_alloc: Connected src 79 to int 9 (cpu 0)[0m
D (565) app_start: Starting scheduler on CPU0[0m
D (570) intr_alloc: Connected src 57 to int 12 (cpu 0)[0m
D (570) intr_alloc: Connected src 80 to int 2 (cpu 1)[0m
D (580) app_start: Starting scheduler on CPU1[0m
D (580) intr_alloc: Connected src 58 to int 3 (cpu 1)[0m
[0;32mI (570) main_task: Started on CPU0[0m
D (590) heap_init: New heap initialised at 0x3fce9710[0m
D (590) intr_alloc: Connected src 52 to int 13 (cpu 0)[0m
[0;32mI (600) main_task: Calling app_main()[0m
[0;32mI (600) SD_Karte_SPEICHERN: Mounting SD card...[0m
D (610) sdmmc_periph: peripheral version 5342270a, hardware config 03c44c83[0m
D (620) intr_alloc: Connected src 30 to int 17 (cpu 0)[0m
D (620) sdmmc_periph: using GPIO39 as clk pin[0m
[0;32mI (630) gpio: GPIO[39]| InputEn: 0| OutputEn: 0| OpenDrain: 0| Pullup: 1| Pulldown: 0| Intr:0 [0m
D (630) sdmmc_periph: using GPIO38 as cmd pin[0m
[0;32mI (640) gpio: GPIO[38]| InputEn: 0| OutputEn: 0| OpenDrain: 0| Pullup: 1| Pulldown: 0| Intr:0 [0m
D (650) sdmmc_periph: using GPIO40 as d0 pin[0m
[0;32mI (650) gpio: GPIO[40]| InputEn: 0| OutputEn: 0| OpenDrain: 0| Pullup: 1| Pulldown: 0| Intr:0 [0m
D (660) sdmmc_periph: slot=1 host_div=10 card_div=20 freq=400kHz (max 400kHz)[0m
D (670) sdmmc_periph: slot=1 width=1[0m
D (670) sdmmc_req: process_command_response: error 0x107  (status=00000100)[0m
D (700) sdmmc_sd: SDHC/SDXC card[0m
D (700) sdmmc_req: process_command_response: error 0x107  (status=00000100)[0m
D (700) sdmmc_io: sdmmc_init_io: io_send_op_cond (1) returned 0x107; not IO card[0m
D (710) sdmmc_common: host_ocr=0x40ff8000 card_ocr=0xc0ff8000[0m
D (710) sdmmc_common: sdmmc_card_init: host_ocr=40ff8000, card_ocr=c0ff8000[0m
D (720) sdmmc_init: sdmmc_card_init: card type is SD[0m
D (720) sdmmc_common: sdmmc_init_host_bus_width: using 1-bit bus[0m
D (730) sdmmc_periph: slot=1 host_div=8 card_div=0 freq=20000kHz (max 20000kHz)[0m
D (730) vfs_fat_sdmmc: using pdrv=0[0m
[0;32mI (740) SD_Karte_SPEICHERN: 


SD card mount successfully!



[0m
[0;32mI (740) SD_Karte_SPEICHERN: INit sdcard success
[0m
Guru Meditation Error: Core  0 panic'ed (LoadProhibited). Exception was unhandled.

Core  0 register dump:
PC      : 0x42015903  PS      : 0x00060930  A0      : 0x8200d9aa  A1      : 0x3fc9e960  
A2      : 0x3c0508fc  A3      : 0x3fc986d4  A4      : 0x00000008  A5      : 0x3c0456a8  
A6      : 0x0000001b  A7      : 0x3fca6574  A8      : 0x3c050954  A9      : 0x00000000  
A10     : 0x00000000  A11     : 0x0000005c  A12     : 0x00000008  A13     : 0x00000000  
A14     : 0x3fc9e890  A15     : 0x0000005c  SAR     : 0x0000001f  EXCCAUSE: 0x0000001c  
EXCVADDR: 0x00000000  LBEG    : 0x400570e8  LEND    : 0x400570f3  LCOUNT  : 0x00000000  


Backtrace: 0x42015900:0x3fc9e960 0x4200d9a7:0x3fc9e9b0 0x4200d183:0x3fc9e9f0 0x4200c1c3:0x3fc9ea30 0x4200c866:0x3fc9ea60 0x4203e4f7:0x3fca0310 0x4037dcfe:0x3fca0340




ELF file SHA256: abb9a59b8

Rebooting...
ESP-ROM:esp32s3-20210327
Build:Mar 27 2021
rst:0xc (RTC_SW_CPU_RST),boot:0x8 (SPI_FAST_FLASH_BOOT)
Saved PC:0x40375a30
SPIWP:0xee
mode:DIO, clock div:1
load:0x3fce3810,len:0x178c
load:0x403c9700,len:0x4
load:0x403c9704,len:0xcb8
load:0x403cc700,len:0x2d84
entry 0x403c9914
[0;32mI (31) boot: ESP-IDF v5.3-dev-422-ga7fbf452fa-dirty 2nd stage bootloader[0m
[0;32mI (31) boot: compile time Nov 30 2023 19:46:02[0m
[0;32mI (32) boot: Multicore bootloader[0m
[0;32mI (36) boot: chip revision: v0.1[0m
[0;32mI (40) boot.esp32s3: Boot SPI Speed : 80MHz[0m
[0;32mI (45) boot.esp32s3: SPI Mode       : DIO[0m
[0;32mI (50) boot.esp32s3: SPI Flash Size : 2MB[0m
[0;32mI (54) boot: Enabling RNG early entropy source...[0m
[0;32mI (60) boot: Partition Table:[0m
[0;32mI (63) boot: ## Label            Usage          Type ST Offset   Length[0m
[0;32mI (71) boot:  0 nvs              WiFi data        01 02 00009000 00006000[0m
[0;32mI (78) boot:  1 phy_init         RF data          01 01 0000f000 00001000[0m
[0;32mI (86) boot:  2 factory          factory app      00 00 00010000 00100000[0m
[0;32mI (93) boot: End of partition table[0m
[0;32mI (97) esp_image: segment 0: paddr=00010020 vaddr=3c040020 size=15824h ( 88100) map[0m
[0;32mI (122) esp_image: segment 1: paddr=0002584c vaddr=3fc98400 size=037f4h ( 14324) load[0m
[0;32mI (125) esp_image: segment 2: paddr=00029048 vaddr=40374000 size=06fd0h ( 28624) load[0m
[0;32mI (134) esp_image: segment 3: paddr=00030020 vaddr=42000020 size=3f10ch (258316) map[0m
[0;32mI (182) esp_image: segment 4: paddr=0006f134 vaddr=4037afd0 size=0d360h ( 54112) load[0m
[0;32mI (202) boot: Loaded app from partition at offset 0x10000[0m
[0;32mI (203) boot: Disabling RNG early entropy source...[0m
[0;32mI (214) cpu_start: Multicore app[0m
D (214) cpu_start: Pro cpu up[0m
D (214) cpu_start: Starting app cpu, entry point is 0x40375318[0m
D (192) cpu_start: App cpu up[0m
D (224) clk: RTC_SLOW_CLK calibration value: 3820122[0m
[0;32mI (236) cpu_start: Pro cpu start user code[0m
[0;32mI (236) cpu_start: cpu freq: 160000000 Hz[0m
[0;32mI (236) cpu_start: Application information:[0m
[0;32mI (239) cpu_start: Project name:     esp32_cam_sd_jpg[0m
[0;32mI (245) cpu_start: App version:      1b71676[0m
[0;32mI (250) cpu_start: Compile time:     Nov 30 2023 19:45:52[0m
[0;32mI (256) cpu_start: ELF file SHA256:  abb9a59b8...[0m
[0;32mI (261) cpu_start: ESP-IDF:          v5.3-dev-422-ga7fbf452fa-dirty[0m
[0;32mI (268) cpu_start: Min chip rev:     v0.0[0m
[0;32mI (273) cpu_start: Max chip rev:     v0.99 [0m
[0;32mI (278) cpu_start: Chip rev:         v0.1[0m
D (282) memory_layout: Checking 6 reserved memory ranges:[0m
D (288) memory_layout: Reserved memory range 0x3fc84000 - 0x3fc98400[0m
D (294) memory_layout: Reserved memory range 0x3fc98400 - 0x3fc9c5f0[0m
D (301) memory_layout: Reserved memory range 0x3fceee34 - 0x3fcf0000[0m
D (307) memory_layout: Reserved memory range 0x40374000 - 0x40388400[0m
D (313) memory_layout: Reserved memory range 0x600fe000 - 0x600fe010[0m
D (320) memory_layout: Reserved memory range 0x600fffe8 - 0x60100000[0m
D (326) memory_layout: Building list of available memory regions:[0m
D (332) memory_layout: Available memory region 0x3fc9c5f0 - 0x3fca0000[0m
D (339) memory_layout: Available memory region 0x3fca0000 - 0x3fcb0000[0m
D (346) memory_layout: Available memory region 0x3fcb0000 - 0x3fcc0000[0m
D (352) memory_layout: Available memory region 0x3fcc0000 - 0x3fcd0000[0m
D (359) memory_layout: Available memory region 0x3fcd0000 - 0x3fce0000[0m
D (365) memory_layout: Available memory region 0x3fce0000 - 0x3fce9710[0m
D (372) memory_layout: Available memory region 0x3fce9710 - 0x3fceee34[0m
D (379) memory_layout: Available memory region 0x3fcf0000 - 0x3fcf8000[0m
D (385) memory_layout: Available memory region 0x600fe010 - 0x600fffe8[0m
[0;32mI (392) heap_init: Initializing. RAM available for dynamic allocation:[0m
D (399) heap_init: New heap initialised at 0x3fc9c5f0[0m
[0;32mI (404) heap_init: At 3FC9C5F0 len 0004D120 (308 KiB): RAM[0m
[0;32mI (410) heap_init: At 3FCE9710 len 00005724 (21 KiB): RAM[0m
D (416) heap_init: New heap initialised at 0x3fcf0000[0m
[0;32mI (421) heap_init: At 3FCF0000 len 00008000 (32 KiB): DRAM[0m
D (428) heap_init: New heap initialised at 0x600fe010[0m
[0;32mI (433) heap_init: At 600FE010 len 00001FD8 (7 KiB): RTCRAM[0m
D (439) intr_alloc: Connected src 39 to int 2 (cpu 0)[0m
D (445) spi_flash: trying chip: issi[0m
D (448) spi_flash: trying chip: gd[0m
[0;32mI (451) spi_flash: detected chip: gd[0m
[0;32mI (456) spi_flash: flash io: dio[0m
[0;33mW (459) spi_flash: Detected size(8192k) larger than the size in the binary image header(2048k). Using the size in the binary image header.[0m
D (473) cpu_start: calling init function: 0x42029aa4[0m
D (478) cpu_start: calling init function: 0x42029564[0m
D (483) cpu_start: calling init function: 0x4202707c[0m
[0;33mW (488) i2c: This driver is an old driver, please migrate your application code to adapt `driver/i2c_master.h`[0m
D (498) cpu_start: calling init function: 0x4201ed70[0m
D (504) cpu_start: calling init function: 0x4037b6bc[0m
D (509) cpu_start: calling init function: 0x420031c8[0m
D (514) stack_chk: Intialize random stack guard[0m
D (518) cpu_start: calling init function: 0x42002978[0m
D (523) cpu_start: calling init function: 0x42009634 on core: 0[0m
D (529) intr_alloc: Connected src 59 to int 3 (cpu 0)[0m
D (534) cpu_start: calling init function: 0x420065dc on core: 0[0m
[0;32mI (540) sleep: Configure to isolate all GPIO pins in sleep state[0m
[0;32mI (547) sleep: Enable automatic switching of GPIO sleep configuration[0m
D (554) cpu_start: calling init function: 0x420042e4 on core: 0[0m
D (560) intr_alloc: Connected src 79 to int 9 (cpu 0)[0m
D (565) app_start: Starting scheduler on CPU0[0m
D (570) intr_alloc: Connected src 57 to int 12 (cpu 0)[0m
D (570) intr_alloc: Connected src 80 to int 2 (cpu 1)[0m
D (580) app_start: Starting scheduler on CPU1[0m
D (580) intr_alloc: Connected src 58 to int 3 (cpu 1)[0m
[0;32mI (570) main_task: Started on CPU0[0m
D (590) heap_init: New heap initialised at 0x3fce9710[0m
D (590) intr_alloc: Connected src 52 to int 13 (cpu 0)[0m
[0;32mI (600) main_task: Calling app_main()[0m
[0;32mI (600) SD_Karte_SPEICHERN: Mounting SD card...[0m
D (610) sdmmc_periph: peripheral version 5342270a, hardware config 03c44c83[0m
D (620) intr_alloc: Connected src 30 to int 17 (cpu 0)[0m
D (620) sdmmc_periph: using GPIO39 as clk pin[0m
[0;32mI (630) gpio: GPIO[39]| InputEn: 0| OutputEn: 0| OpenDrain: 0| Pullup: 1| Pulldown: 0| Intr:0 [0m
D (630) sdmmc_periph: using GPIO38 as cmd pin[0m
[0;32mI (640) gpio: GPIO[38]| InputEn: 0| OutputEn: 0| OpenDrain: 0| Pullup: 1| Pulldown: 0| Intr:0 [0m
D (650) sdmmc_periph: using GPIO40 as d0 pin[0m
[0;32mI (650) gpio: GPIO[40]| InputEn: 0| OutputEn: 0| OpenDrain: 0| Pullup: 1| Pulldown: 0| Intr:0 [0m
D (660) sdmmc_periph: slot=1 host_div=10 card_div=20 freq=400kHz (max 400kHz)[0m
D (670) sdmmc_periph: slot=1 width=1[0m
D (670) sdmmc_req: process_command_response: error 0x107  (status=00000100)[0m
D (700) sdmmc_sd: SDHC/SDXC card[0m
D (700) sdmmc_req: process_command_response: error 0x107  (status=00000100)[0m
D (700) sdmmc_io: sdmmc_init_io: io_send_op_cond (1) returned 0x107; not IO card[0m
D (710) sdmmc_common: host_ocr=0x40ff8000 card_ocr=0xc0ff8000[0m
D (710) sdmmc_common: sdmmc_card_init: host_ocr=40ff8000, card_ocr=c0ff8000[0m
D (720) sdmmc_init: sdmmc_card_init: card type is SD[0m
D (720) sdmmc_common: sdmmc_init_host_bus_width: using 1-bit bus[0m
D (730) sdmmc_periph: slot=1 host_div=8 card_div=0 freq=20000kHz (max 20000kHz)[0m
D (730) vfs_fat_sdmmc: using pdrv=0[0m
[0;32mI (740) SD_Karte_SPEICHERN: 


SD card mount successfully!



[0m
[0;32mI (740) SD_Karte_SPEICHERN: INit sdcard success
[0m
Guru Meditation Error: Core  0 panic'ed (LoadProhibited). Exception was unhandled.

Core  0 register dump:
PC      : 0x42015903  PS      : 0x00060930  A0      : 0x8200d9aa  A1      : 0x3fc9e960  
A2      : 0x3c0508fc  A3      : 0x3fc986d4  A4      : 0x00000008  A5      : 0x3c0456a8  
A6      : 0x0000001b  A7      : 0x3fca6574  A8      : 0x3c050954  A9      : 0x00000000  
A10     : 0x00000000  A11     : 0x0000005c  A12     : 0x00000008  A13     : 0x00000000  
A14     : 0x3fc9e890  A15     : 0x0000005c  SAR     : 0x0000001f  EXCCAUSE: 0x0000001c  
EXCVADDR: 0x00000000  LBEG    : 0x400570e8  LEND    : 0x400570f3  LCOUNT  : 0x00000000  


Backtrace: 0x42015900:0x3fc9e960 0x4200d9a7:0x3fc9e9b0 0x4200d183:0x3fc9e9f0 0x4200c1c3:0x3fc9ea30 0x4200c866:0x3fc9ea60 0x4203e4f7:0x3fca0310 0x4037dcfe:0x3fca0340




ELF file SHA256: abb9a59b8

Rebooting...
ESP-ROM:esp32s3-20210327
Build:Mar 27 2021
rst:0xc (RTC_SW_CPU_RST),boot:0x8 (SPI_FAST_FLASH_BOOT)
Saved PC:0x40375a30
SPIWP:0xee
mode:DIO, clock div:1
load:0x3fce3810,len:0x178c
load:0x403c9700,len:0x4
load:0x403c9704,len:0xcb8
load:0x403cc700,len:0x2d84
entry 0x403c9914
[0;32mI (31) boot: ESP-IDF v5.3-dev-422-ga7fbf452fa-dirty 2nd stage bootloader[0m
[0;32mI (31) boot: compile time Nov 30 2023 19:46:02[0m
[0;32mI (32) boot: Multicore bootloader[0m
[0;32mI (36) boot: chip revision: v0.1[0m
[0;32mI (40) boot.esp32s3: Boot SPI Speed : 80MHz[0m
[0;32mI (45) boot.esp32s3: SPI Mode       : DIO[0m
[0;32mI (50) boot.esp32s3: SPI Flash Size : 2MB[0m
[0;32mI (54) boot: Enabling RNG early entropy source...[0m
[0;32mI (60) boot: Partition Table:[0m
[0;32mI (63) boot: ## Label            Usage          Type ST Offset   Length[0m
[0;32mI (71) boot:  0 nvs              WiFi data        01 02 00009000 00006000[0m
[0;32mI (78) boot:  1 phy_init         RF data          01 01 0000f000 00001000[0m
[0;32mI (86) boot:  2 factory          factory app      00 00 00010000 00100000[0m
[0;32mI (93) boot: End of partition table[0m
[0;32mI (97) esp_image: segment 0: paddr=00010020 vaddr=3c040020 size=15824h ( 88100) map[0m
[0;32mI (122) esp_image: segment 1: paddr=0002584c vaddr=3fc98400 size=037f4h ( 14324) load[0m
[0;32mI (125) esp_image: segment 2: paddr=00029048 vaddr=40374000 size=06fd0h ( 28624) load[0m
[0;32mI (134) esp_image: segment 3: paddr=00030020 vaddr=42000020 size=3f10ch (258316) map[0m
[0;32mI (182) esp_image: segment 4: paddr=0006f134 vaddr=4037afd0 size=0d360h ( 54112) load[0m
[0;32mI (202) boot: Loaded app from partition at offset 0x10000[0m
[0;32mI (203) boot: Disabling RNG early entropy source...[0m
[0;32mI (214) cpu_start: Multicore app[0m
D (214) cpu_start: Pro cpu up[0m
D (214) cpu_start: Starting app cpu, entry point is 0x40375318[0m
D (192) cpu_start: App cpu up[0m
D (224) clk: RTC_SLOW_CLK calibration value: 3822272[0m
[0;32mI (236) cpu_start: Pro cpu start user code[0m
[0;32mI (236) cpu_start: cpu freq: 160000000 Hz[0m
[0;32mI (236) cpu_start: Application information:[0m
[0;32mI (239) cpu_start: Project name:     esp32_cam_sd_jpg[0m
[0;32mI (245) cpu_start: App version:      1b71676[0m
[0;32mI (250) cpu_start: Compile time:     Nov 30 2023 19:45:52[0m
[0;32mI (256) cpu_start: ELF file SHA256:  abb9a59b8...[0m
[0;32mI (261) cpu_start: ESP-IDF:          v5.3-dev-422-ga7fbf452fa-dirty[0m
[0;32mI (268) cpu_start: Min chip rev:     v0.0[0m
[0;32mI (273) cpu_start: Max chip rev:     v0.99 [0m
[0;32mI (278) cpu_start: Chip rev:         v0.1[0m
D (282) memory_layout: Checking 6 reserved memory ranges:[0m
D (288) memory_layout: Reserved memory range 0x3fc84000 - 0x3fc98400[0m
D (294) memory_layout: Reserved memory range 0x3fc98400 - 0x3fc9c5f0[0m
D (301) memory_layout: Reserved memory range 0x3fceee34 - 0x3fcf0000[0m
D (307) memory_layout: Reserved memory range 0x40374000 - 0x40388400[0m
D (313) memory_layout: Reserved memory range 0x600fe000 - 0x600fe010[0m
D (320) memory_layout: Reserved memory range 0x600fffe8 - 0x60100000[0m
D (326) memory_layout: Building list of available memory regions:[0m
D (332) memory_layout: Available memory region 0x3fc9c5f0 - 0x3fca0000[0m
D (339) memory_layout: Available memory region 0x3fca0000 - 0x3fcb0000[0m
D (346) memory_layout: Available memory region 0x3fcb0000 - 0x3fcc0000[0m
D (352) memory_layout: Available memory region 0x3fcc0000 - 0x3fcd0000[0m
D (359) memory_layout: Available memory region 0x3fcd0000 - 0x3fce0000[0m
D (365) memory_layout: Available memory region 0x3fce0000 - 0x3fce9710[0m
D (372) memory_layout: Available memory region 0x3fce9710 - 0x3fceee34[0m
D (379) memory_layout: Available memory region 0x3fcf0000 - 0x3fcf8000[0m
D (385) memory_layout: Available memory region 0x600fe010 - 0x600fffe8[0m
[0;32mI (392) heap_init: Initializing. RAM available for dynamic allocation:[0m
D (399) heap_init: New heap initialised at 0x3fc9c5f0[0m
[0;32mI (404) heap_init: At 3FC9C5F0 len 0004D120 (308 KiB): RAM[0m
[0;32mI (410) heap_init: At 3FCE9710 len 00005724 (21 KiB): RAM[0m
D (416) heap_init: New heap initialised at 0x3fcf0000[0m
[0;32mI (421) heap_init: At 3FCF0000 len 00008000 (32 KiB): DRAM[0m
D (428) heap_init: New heap initialised at 0x600fe010[0m
[0;32mI (433) heap_init: At 600FE010 len 00001FD8 (7 KiB): RTCRAM[0m
D (439) intr_alloc: Connected src 39 to int 2 (cpu 0)[0m
D (445) spi_flash: trying chip: issi[0m
D (448) spi_flash: trying chip: gd[0m
[0;32mI (451) spi_flash: detected chip: gd[0m
[0;32mI (456) spi_flash: flash io: dio[0m
[0;33mW (459) spi_flash: Detected size(8192k) larger than the size in the binary image header(2048k). Using the size in the binary image header.[0m
D (473) cpu_start: calling init function: 0x42029aa4[0m
D (478) cpu_start: calling init function: 0x42029564[0m
D (483) cpu_start: calling init function: 0x4202707c[0m
[0;33mW (488) i2c: This driver is an old driver, please migrate your application code to adapt `driver/i2c_master.h`[0m
D (498) cpu_start: calling init function: 0x4201ed70[0m
D (504) cpu_start: calling init function: 0x4037b6bc[0m
D (509) cpu_start: calling init function: 0x420031c8[0m
D (514) stack_chk: Intialize random stack guard[0m
D (518) cpu_start: calling init function: 0x42002978[0m
D (523) cpu_start: calling init function: 0x42009634 on core: 0[0m
D (529) intr_alloc: Connected src 59 to int 3 (cpu 0)[0m
D (534) cpu_start: calling init function: 0x420065dc on core: 0[0m
[0;32mI (540) sleep: Configure to isolate all GPIO pins in sleep state[0m
[0;32mI (547) sleep: Enable automatic switching of GPIO sleep configuration[0m
D (554) cpu_start: calling init function: 0x420042e4 on core: 0[0m
D (560) intr_alloc: Connected src 79 to int 9 (cpu 0)[0m
D (565) app_start: Starting scheduler on CPU0[0m
D (570) intr_alloc: Connected src 57 to int 12 (cpu 0)[0m
D (570) intr_alloc: Connected src 80 to int 2 (cpu 1)[0m
D (580) app_start: Starting scheduler on CPU1[0m
D (580) intr_alloc: Connected src 58 to int 3 (cpu 1)[0m
[0;32mI (570) main_task: Started on CPU0[0m
D (590) heap_init: New heap initialised at 0x3fce9710[0m
D (590) intr_alloc: Connected src 52 to int 13 (cpu 0)[0m
[0;32mI (600) main_task: Calling app_main()[0m
[0;32mI (600) SD_Karte_SPEICHERN: Mounting SD card...[0m
D (610) sdmmc_periph: peripheral version 5342270a, hardware config 03c44c83[0m
D (620) intr_alloc: Connected src 30 to int 17 (cpu 0)[0m
D (620) sdmmc_periph: using GPIO39 as clk pin[0m
[0;32mI (630) gpio: GPIO[39]| InputEn: 0| OutputEn: 0| OpenDrain: 0| Pullup: 1| Pulldown: 0| Intr:0 [0m
D (630) sdmmc_periph: using GPIO38 as cmd pin[0m
[0;32mI (640) gpio: GPIO[38]| InputEn: 0| OutputEn: 0| OpenDrain: 0| Pullup: 1| Pulldown: 0| Intr:0 [0m
D (650) sdmmc_periph: using GPIO40 as d0 pin[0m
[0;32mI (650) gpio: GPIO[40]| InputEn: 0| OutputEn: 0| OpenDrain: 0| Pullup: 1| Pulldown: 0| Intr:0 [0m
D (660) sdmmc_periph: slot=1 host_div=10 card_div=20 freq=400kHz (max 400kHz)[0m
D (670) sdmmc_periph: slot=1 width=1[0m
D (670) sdmmc_req: process_command_response: error 0x107  (status=00000100)[0m
D (700) sdmmc_sd: SDHC/SDXC card[0m
D (700) sdmmc_req: process_command_response: error 0x107  (status=00000100)[0m
D (700) sdmmc_io: sdmmc_init_io: io_send_op_cond (1) returned 0x107; not IO card[0m
D (710) sdmmc_common: host_ocr=0x40ff8000 card_ocr=0xc0ff8000[0m
D (710) sdmmc_common: sdmmc_card_init: host_ocr=40ff8000, card_ocr=c0ff8000[0m
D (720) sdmmc_init: sdmmc_card_init: card type is SD[0m
D (720) sdmmc_common: sdmmc_init_host_bus_width: using 1-bit bus[0m
D (730) sdmmc_periph: slot=1 host_div=8 card_div=0 freq=20000kHz (max 20000kHz)[0m
D (730) vfs_fat_sdmmc: using pdrv=0[0m
[0;32mI (740) SD_Karte_SPEICHERN: 


SD card mount successfully!



[0m
[0;32mI (740) SD_Karte_SPEICHERN: INit sdcard success
[0m
Guru Meditation Error: Core  0 panic'ed (LoadProhibited). Exception was unhandled.

Core  0 register dump:
PC      : 0x42015903  PS      : 0x00060930  A0      : 0x8200d9aa  A1      : 0x3fc9e960  
A2      : 0x3c0508fc  A3      : 0x3fc986d4  A4      : 0x00000008  A5      : 0x3c0456a8  
A6      : 0x0000001b  A7      : 0x3fca6574  A8      : 0x3c050954  A9      : 0x00000000  
A10     : 0x00000000  A11     : 0x0000005c  A12     : 0x00000008  A13     : 0x00000000  
A14     : 0x3fc9e890  A15     : 0x0000005c  SAR     : 0x0000001f  EXCCAUSE: 0x0000001c  
EXCVADDR: 0x00000000  LBEG    : 0x400570e8  LEND    : 0x400570f3  LCOUNT  : 0x00000000  


Backtrace: 0x42015900:0x3fc9e960 0x4200d9a7:0x3fc9e9b0 0x4200d183:0x3fc9e9f0 0x4200c1c3:0x3fc9ea30 0x4200c866:0x3fc9ea60 0x4203e4f7:0x3fca0310 0x4037dcfe:0x3fca0340




ELF file SHA256: abb9a59b8

Rebooting...
ESP-ROM:esp32s3-20210327
Build:Mar 27 2021
rst:0xc (RTC_SW_CPU_RST),boot:0x8 (SPI_FAST_FLASH_BOOT)
Saved PC:0x40375a30
SPIWP:0xee
mode:DIO, clock div:1
load:0x3fce3810,len:0x178c
load:0x403c9700,len:0x4
load:0x403c9704,len:0xcb8
load:0x403cc700,len:0x2d84
entry 0x403c9914
[0;32mI (31) boot: ESP-IDF v5.3-dev-422-ga7fbf452fa-dirty 2nd stage bootloader[0m
[0;32mI (31) boot: compile time Nov 30 2023 19:46:02[0m
[0;32mI (32) boot: Multicore bootloader[0m
[0;32mI (36) boot: chip revision: v0.1[0m
[0;32mI (40) boot.esp32s3: Boot SPI Speed : 80MHz[0m
[0;32mI (45) boot.esp32s3: SPI Mode       : DIO[0m
[0;32mI (50) boot.esp32s3: SPI Flash Size : 2MB[0m
[0;32mI (54) boot: Enabling RNG early entropy source...[0m
[0;32mI (60) boot: Partition Table:[0m
[0;32mI (63) boot: ## Label            Usage          Type ST Offset   Length[0m
[0;32mI (71) boot:  0 nvs              WiFi data        01 02 00009000 00006000[0m
[0;32mI (78) boot:  1 phy_init         RF data          01 01 0000f000 00001000[0m
[0;32mI (86) boot:  2 factory          factory app      00 00 00010000 00100000[0m
[0;32mI (93) boot: End of partition table[0m
[0;32mI (97) esp_image: segment 0: paddr=00010020 vaddr=3c040020 size=15824h ( 88100) map[0m
[0;32mI (122) esp_image: segment 1: paddr=0002584c vaddr=3fc98400 size=037f4h ( 14324) load[0m
[0;32mI (125) esp_image: segment 2: paddr=00029048 vaddr=40374000 size=06fd0h ( 28624) load[0m
[0;32mI (134) esp_image: segment 3: paddr=00030020 vaddr=42000020 size=3f10ch (258316) map[0m
[0;32mI (182) esp_image: segment 4: paddr=0006f134 vaddr=4037afd0 size=0d360h ( 54112) load[0m
[0;32mI (202) boot: Loaded app from partition at offset 0x10000[0m
[0;32mI (203) boot: Disabling RNG early entropy source...[0m
[0;32mI (214) cpu_start: Multicore app[0m
D (214) cpu_start: Pro cpu up[0m
D (214) cpu_start: Starting app cpu, entry point is 0x40375318[0m
D (192) cpu_start: App cpu up[0m
D (224) clk: RTC_SLOW_CLK calibration value: 3820429[0m
[0;32mI (236) cpu_start: Pro cpu start user code[0m
[0;32mI (236) cpu_start: cpu freq: 160000000 Hz[0m
[0;32mI (236) cpu_start: Application information:[0m
[0;32mI (239) cpu_start: Project name:     esp32_cam_sd_jpg[0m
[0;32mI (245) cpu_start: App version:      1b71676[0m
[0;32mI (250) cpu_start: Compile time:     Nov 30 2023 19:45:52[0m
[0;32mI (256) cpu_start: ELF file SHA256:  abb9a59b8...[0m
[0;32mI (261) cpu_start: ESP-IDF:          v5.3-dev-422-ga7fbf452fa-dirty[0m
[0;32mI (268) cpu_start: Min chip rev:     v0.0[0m
[0;32mI (273) cpu_start: Max chip rev:     v0.99 [0m
[0;32mI (278) cpu_start: Chip rev:         v0.1[0m
D (282) memory_layout: Checking 6 reserved memory ranges:[0m
D (288) memory_layout: Reserved memory range 0x3fc84000 - 0x3fc98400[0m
D (294) memory_layout: Reserved memory range 0x3fc98400 - 0x3fc9c5f0[0m
D (301) memory_layout: Reserved memory range 0x3fceee34 - 0x3fcf0000[0m
D (307) memory_layout: Reserved memory range 0x40374000 - 0x40388400[0m
D (313) memory_layout: Reserved memory range 0x600fe000 - 0x600fe010[0m
D (320) memory_layout: Reserved memory range 0x600fffe8 - 0x60100000[0m
D (326) memory_layout: Building list of available memory regions:[0m
D (332) memory_layout: Available memory region 0x3fc9c5f0 - 0x3fca0000[0m
D (339) memory_layout: Available memory region 0x3fca0000 - 0x3fcb0000[0m
D (346) memory_layout: Available memory region 0x3fcb0000 - 0x3fcc0000[0m
D (352) memory_layout: Available memory region 0x3fcc0000 - 0x3fcd0000[0m
D (359) memory_layout: Available memory region 0x3fcd0000 - 0x3fce0000[0m
D (365) memory_layout: Available memory region 0x3fce0000 - 0x3fce9710[0m
D (372) memory_layout: Available memory region 0x3fce9710 - 0x3fceee34[0m
D (379) memory_layout: Available memory region 0x3fcf0000 - 0x3fcf8000[0m
D (385) memory_layout: Available memory region 0x600fe010 - 0x600fffe8[0m
[0;32mI (392) heap_init: Initializing. RAM available for dynamic allocation:[0m
D (399) heap_init: New heap initialised at 0x3fc9c5f0[0m
[0;32mI (404) heap_init: At 3FC9C5F0 len 0004D120 (308 KiB): RAM[0m
[0;32mI (410) heap_init: At 3FCE9710 len 00005724 (21 KiB): RAM[0m
D (416) heap_init: New heap initialised at 0x3fcf0000[0m
[0;32mI (421) heap_init: At 3FCF0000 len 00008000 (32 KiB): DRAM[0m
D (428) heap_init: New heap initialised at 0x600fe010[0m
[0;32mI (433) heap_init: At 600FE010 len 00001FD8 (7 KiB): RTCRAM[0m
D (439) intr_alloc: Connected src 39 to int 2 (cpu 0)[0m
D (445) spi_flash: trying chip: issi[0m
D (448) spi_flash: trying chip: gd[0m
[0;32mI (451) spi_flash: detected chip: gd[0m
[0;32mI (456) spi_flash: flash io: dio[0m
[0;33mW (459) spi_flash: Detected size(8192k) larger than the size in the binary image header(2048k). Using the size in the binary image header.[0m
D (473) cpu_start: calling init function: 0x42029aa4[0m
D (478) cpu_start: calling init function: 0x42029564[0m
D (483) cpu_start: calling init function: 0x4202707c[0m
[0;33mW (488) i2c: This driver is an old driver, please migrate your application code to adapt `driver/i2c_master.h`[0m
D (498) cpu_start: calling init function: 0x4201ed70[0m
D (504) cpu_start: calling init function: 0x4037b6bc[0m
D (509) cpu_start: calling init function: 0x420031c8[0m
D (514) stack_chk: Intialize random stack guard[0m
D (518) cpu_start: calling init function: 0x42002978[0m
D (523) cpu_start: calling init function: 0x42009634 on core: 0[0m
D (529) intr_alloc: Connected src 59 to int 3 (cpu 0)[0m
D (534) cpu_start: calling init function: 0x420065dc on core: 0[0m
[0;32mI (540) sleep: Configure to isolate all GPIO pins in sleep state[0m
[0;32mI (547) sleep: Enable automatic switching of GPIO sleep configuration[0m
D (554) cpu_start: calling init function: 0x420042e4 on core: 0[0m
D (560) intr_alloc: Connected src 79 to int 9 (cpu 0)[0m
D (565) app_start: Starting scheduler on CPU0[0m
D (570) intr_alloc: Connected src 57 to int 12 (cpu 0)[0m
D (570) intr_alloc: Connected src 80 to int 2 (cpu 1)[0m
D (580) app_start: Starting scheduler on CPU1[0m
D (580) intr_alloc: Connected src 58 to int 3 (cpu 1)[0m
[0;32mI (570) main_task: Started on CPU0[0m
D (590) heap_init: New heap initialised at 0x3fce9710[0m
D (590) intr_alloc: Connected src 52 to int 13 (cpu 0)[0m
[0;32mI (600) main_task: Calling app_main()[0m
[0;32mI (600) SD_Karte_SPEICHERN: Mounting SD card...[0m
D (610) sdmmc_periph: peripheral version 5342270a, hardware config 03c44c83[0m
D (620) intr_alloc: Connected src 30 to int 17 (cpu 0)[0m
D (620) sdmmc_periph: using GPIO39 as clk pin[0m
[0;32mI (630) gpio: GPIO[39]| InputEn: 0| OutputEn: 0| OpenDrain: 0| Pullup: 1| Pulldown: 0| Intr:0 [0m
D (630) sdmmc_periph: using GPIO38 as cmd pin[0m
[0;32mI (640) gpio: GPIO[38]| InputEn: 0| OutputEn: 0| OpenDrain: 0| Pullup: 1| Pulldown: 0| Intr:0 [0m
D (650) sdmmc_periph: using GPIO40 as d0 pin[0m
[0;32mI (650) gpio: GPIO[40]| InputEn: 0| OutputEn: 0| OpenDrain: 0| Pullup: 1| Pulldown: 0| Intr:0 [0m
D (660) sdmmc_periph: slot=1 host_div=10 card_div=20 freq=400kHz (max 400kHz)[0m
D (670) sdmmc_periph: slot=1 width=1[0m
D (670) sdmmc_req: process_command_response: error 0x107  (status=00000100)[0m
D (700) sdmmc_sd: SDHC/SDXC card[0m
D (700) sdmmc_req: process_command_response: error 0x107  (status=00000100)[0m
D (700) sdmmc_io: sdmmc_init_io: io_send_op_cond (1) returned 0x107; not IO card[0m
D (710) sdmmc_common: host_ocr=0x40ff8000 card_ocr=0xc0ff8000[0m
D (710) sdmmc_common: sdmmc_card_init: host_ocr=40ff8000, card_ocr=c0ff8000[0m
D (720) sdmmc_init: sdmmc_card_init: card type is SD[0m
D (720) sdmmc_common: sdmmc_init_host_bus_width: using 1-bit bus[0m
D (730) sdmmc_periph: slot=1 host_div=8 card_div=0 freq=20000kHz (max 20000kHz)[0m
D (730) vfs_fat_sdmmc: using pdrv=0[0m
[0;32mI (740) SD_Karte_SPEICHERN: 


SD card mount successfully!



[0m
[0;32mI (740) SD_Karte_SPEICHERN: INit sdcard success
[0m
Guru Meditation Error: Core  0 panic'ed (LoadProhibited). Exception was unhandled.

Core  0 register dump:
PC      : 0x42015903  PS      : 0x00060930  A0      : 0x8200d9aa  A1      : 0x3fc9e960  
A2      : 0x3c0508fc  A3      : 0x3fc986d4  A4      : 0x00000008  A5      : 0x3c0456a8  
A6      : 0x0000001b  A7      : 0x3fca6574  A8      : 0x3c050954  A9      : 0x00000000  
A10     : 0x00000000  A11     : 0x0000005c  A12     : 0x00000008  A13     : 0x00000000  
A14     : 0x3fc9e890  A15     : 0x0000005c  SAR     : 0x0000001f  EXCCAUSE: 0x0000001c  
EXCVADDR: 0x00000000  LBEG    : 0x400570e8  LEND    : 0x400570f3  LCOUNT  : 0x00000000  


Backtrace: 0x42015900:0x3fc9e960 0x4200d9a7:0x3fc9e9b0 0x4200d183:0x3fc9e9f0 0x4200c1c3:0x3fc9ea30 0x4200c866:0x3fc9ea60 0x4203e4f7:0x3fca0310 0x4037dcfe:0x3fca0340




ELF file SHA256: abb9a59b8

Rebooting...
ESP-ROM:esp32s3-20210327
Build:Mar 27 2021
rst:0xc (RTC_SW_CPU_RST),boot:0x8 (SPI_FAST_FLASH_BOOT)
Saved PC:0x40375a30
SPIWP:0xee
mode:DIO, clock div:1
load:0x3fce3810,len:0x178c
load:0x403c9700,len:0x4
load:0x403c9704,len:0xcb8
load:0x403cc700,len:0x2d84
entry 0x403c9914
[0;32mI (31) boot: ESP-IDF v5.3-dev-422-ga7fbf452fa-dirty 2nd stage bootloader[0m
[0;32mI (31) boot: compile time Nov 30 2023 19:46:02[0m
[0;32mI (32) boot: Multicore bootloader[0m
[0;32mI (36) boot: chip revision: v0.1[0m
[0;32mI (40) boot.esp32s3: Boot SPI Speed : 80MHz[0m
[0;32mI (45) boot.esp32s3: SPI Mode       : DIO[0m
[0;32mI (50) boot.esp32s3: SPI Flash Size : 2MB[0m
[0;32mI (54) boot: Enabling RNG early entropy source...[0m
[0;32mI (60) boot: Partition Table:[0m
[0;32mI (63) boot: ## Label            Usage          Type ST Offset   Length[0m
[0;32mI (71) boot:  0 nvs              WiFi data        01 02 00009000 00006000[0m
[0;32mI (78) boot:  1 phy_init         RF data          01 01 0000f000 00001000[0m
[0;32mI (86) boot:  2 factory          factory app      00 00 00010000 00100000[0m
[0;32mI (93) boot: End of partition table[0m
[0;32mI (97) esp_image: segment 0: paddr=00010020 vaddr=3c040020 size=15824h ( 88100) map[0m
[0;32mI (122) esp_image: segment 1: paddr=0002584c vaddr=3fc98400 size=037f4h ( 14324) load[0m
[0;32mI (125) esp_image: segment 2: paddr=00029048 vaddr=40374000 size=06fd0h ( 28624) load[0m
[0;32mI (134) esp_image: segment 3: paddr=00030020 vaddr=42000020 size=3f10ch (258316) map[0m
[0;32mI (182) esp_image: segment 4: paddr=0006f134 vaddr=4037afd0 size=0d360h ( 54112) load[0m
[0;32mI (202) boot: Loaded app from partition at offset 0x10000[0m
[0;32mI (203) boot: Disabling RNG early entropy source...[0m
[0;32mI (214) cpu_start: Multicore app[0m
D (214) cpu_start: Pro cpu up[0m
D (214) cpu_start: Starting app cpu, entry point is 0x40375318[0m
D (192) cpu_start: App cpu up[0m
D (224) clk: RTC_SLOW_CLK calibration value: 3820813[0m
[0;32mI (236) cpu_start: Pro cpu start user code[0m
[0;32mI (236) cpu_start: cpu freq: 160000000 Hz[0m
[0;32mI (236) cpu_start: Application information:[0m
[0;32mI (239) cpu_start: Project name:     esp32_cam_sd_jpg[0m
[0;32mI (245) cpu_start: App version:      1b71676[0m
[0;32mI (250) cpu_start: Compile time:     Nov 30 2023 19:45:52[0m
[0;32mI (256) cpu_start: ELF file SHA256:  abb9a59b8...[0m
[0;32mI (261) cpu_start: ESP-IDF:          v5.3-dev-422-ga7fbf452fa-dirty[0m
[0;32mI (268) cpu_start: Min chip rev:     v0.0[0m
[0;32mI (273) cpu_start: Max chip rev:     v0.99 [0m
[0;32mI (278) cpu_start: Chip rev:         v0.1[0m
D (282) memory_layout: Checking 6 reserved memory ranges:[0m
D (288) memory_layout: Reserved memory range 0x3fc84000 - 0x3fc98400[0m
D (294) memory_layout: Reserved memory range 0x3fc98400 - 0x3fc9c5f0[0m
D (301) memory_layout: Reserved memory range 0x3fceee34 - 0x3fcf0000[0m
D (307) memory_layout: Reserved memory range 0x40374000 - 0x40388400[0m
D (313) memory_layout: Reserved memory range 0x600fe000 - 0x600fe010[0m
D (320) memory_layout: Reserved memory range 0x600fffe8 - 0x60100000[0m
D (326) memory_layout: Building list of available memory regions:[0m
D (332) memory_layout: Available memory region 0x3fc9c5f0 - 0x3fca0000[0m
D (339) memory_layout: Available memory region 0x3fca0000 - 0x3fcb0000[0m
D (346) memory_layout: Available memory region 0x3fcb0000 - 0x3fcc0000[0m
D (352) memory_layout: Available memory region 0x3fcc0000 - 0x3fcd0000[0m
D (359) memory_layout: Available memory region 0x3fcd0000 - 0x3fce0000[0m
D (365) memory_layout: Available memory region 0x3fce0000 - 0x3fce9710[0m
D (372) memory_layout: Available memory region 0x3fce9710 - 0x3fceee34[0m
D (379) memory_layout: Available memory region 0x3fcf0000 - 0x3fcf8000[0m
D (385) memory_layout: Available memory region 0x600fe010 - 0x600fffe8[0m
[0;32mI (392) heap_init: Initializing. RAM available for dynamic allocation:[0m
D (399) heap_init: New heap initialised at 0x3fc9c5f0[0m
[0;32mI (404) heap_init: At 3FC9C5F0 len 0004D120 (308 KiB): RAM[0m
[0;32mI (410) heap_init: At 3FCE9710 len 00005724 (21 KiB): RAM[0m
D (416) heap_init: New heap initialised at 0x3fcf0000[0m
[0;32mI (421) heap_init: At 3FCF0000 len 00008000 (32 KiB): DRAM[0m
D (428) heap_init: New heap initialised at 0x600fe010[0m
[0;32mI (433) heap_init: At 600FE010 len 00001FD8 (7 KiB): RTCRAM[0m
D (439) intr_alloc: Connected src 39 to int 2 (cpu 0)[0m
D (445) spi_flash: trying chip: issi[0m
D (448) spi_flash: trying chip: gd[0m
[0;32mI (451) spi_flash: detected chip: gd[0m
[0;32mI (456) spi_flash: flash io: dio[0m
[0;33mW (459) spi_flash: Detected size(8192k) larger than the size in the binary image header(2048k). Using the size in the binary image header.[0m
D (473) cpu_start: calling init function: 0x42029aa4[0m
D (478) cpu_start: calling init function: 0x42029564[0m
D (483) cpu_start: calling init function: 0x4202707c[0m
[0;33mW (488) i2c: This driver is an old driver, please migrate your application code to adapt `driver/i2c_master.h`[0m
D (498) cpu_start: calling init function: 0x4201ed70[0m
D (504) cpu_start: calling init function: 0x4037b6bc[0m
D (509) cpu_start: calling init function: 0x420031c8[0m
D (514) stack_chk: Intialize random stack guard[0m
D (518) cpu_start: calling init function: 0x42002978[0m
D (523) cpu_start: calling init function: 0x42009634 on core: 0[0m
D (529) intr_alloc: Connected src 59 to int 3 (cpu 0)[0m
D (534) cpu_start: calling init function: 0x420065dc on core: 0[0m
[0;32mI (540) sleep: Configure to isolate all GPIO pins in sleep state[0m
[0;32mI (547) sleep: Enable automatic switching of GPIO sleep configuration[0m
D (554) cpu_start: calling init function: 0x420042e4 on core: 0[0m
D (560) intr_alloc: Connected src 79 to int 9 (cpu 0)[0m
D (565) app_start: Starting scheduler on CPU0[0m
D (570) intr_alloc: Connected src 57 to int 12 (cpu 0)[0m
D (570) intr_alloc: Connected src 80 to int 2 (cpu 1)[0m
D (580) app_start: Starting scheduler on CPU1[0m
D (580) intr_alloc: Connected src 58 to int 3 (cpu 1)[0m
[0;32mI (570) main_task: Started on CPU0[0m
D (590) heap_init: New heap initialised at 0x3fce9710[0m
D (590) intr_alloc: Connected src 52 to int 13 (cpu 0)[0m
[0;32mI (600) main_task: Calling app_main()[0m
[0;32mI (600) SD_Karte_SPEICHERN: Mounting SD card...[0m
D (610) sdmmc_periph: peripheral version 5342270a, hardware config 03c44c83[0m
D (620) intr_alloc: Connected src 30 to int 17 (cpu 0)[0m
D (620) sdmmc_periph: using GPIO39 as clk pin[0m
[0;32mI (630) gpio: GPIO[39]| InputEn: 0| OutputEn: 0| OpenDrain: 0| Pullup: 1| Pulldown: 0| Intr:0 [0m
D (630) sdmmc_periph: using GPIO38 as cmd pin[0m
[0;32mI (640) gpio: GPIO[38]| InputEn: 0| OutputEn: 0| OpenDrain: 0| Pullup: 1| Pulldown: 0| Intr:0 [0m
D (650) sdmmc_periph: using GPIO40 as d0 pin[0m
[0;32mI (650) gpio: GPIO[40]| InputEn: 0| OutputEn: 0| OpenDrain: 0| Pullup: 1| Pulldown: 0| Intr:0 [0m
D (660) sdmmc_periph: slot=1 host_div=10 card_div=20 freq=400kHz (max 400kHz)[0m
D (670) sdmmc_periph: slot=1 width=1[0m
D (670) sdmmc_req: process_command_response: error 0x107  (status=00000100)[0m
D (700) sdmmc_sd: SDHC/SDXC card[0m
D (700) sdmmc_req: process_command_response: error 0x107  (status=00000100)[0m
D (700) sdmmc_io: sdmmc_init_io: io_send_op_cond (1) returned 0x107; not IO card[0m
D (710) sdmmc_common: host_ocr=0x40ff8000 card_ocr=0xc0ff8000[0m
D (710) sdmmc_common: sdmmc_card_init: host_ocr=40ff8000, card_ocr=c0ff8000[0m
D (720) sdmmc_init: sdmmc_card_init: card type is SD[0m
D (720) sdmmc_common: sdmmc_init_host_bus_width: using 1-bit bus[0m
D (730) sdmmc_periph: slot=1 host_div=8 card_div=0 freq=20000kHz (max 20000kHz)[0m
D (730) vfs_fat_sdmmc: using pdrv=0[0m
[0;32mI (740) SD_Karte_SPEICHERN: 


SD card mount successfully!



[0m
[0;32mI (740) SD_Karte_SPEICHERN: INit sdcard success
[0m
Guru Meditation Error: Core  0 panic'ed (LoadProhibited). Exception was unhandled.

Core  0 register dump:
PC      : 0x42015903  PS      : 0x00060930  A0      : 0x8200d9aa  A1      : 0x3fc9e960  
A2      : 0x3c0508fc  A3      : 0x3fc986d4  A4      : 0x00000008  A5      : 0x3c0456a8  
A6      : 0x0000001b  A7      : 0x3fca6574  A8      : 0x3c050954  A9      : 0x00000000  
A10     : 0x00000000  A11     : 0x0000005c  A12     : 0x00000008  A13     : 0x00000000  
A14     : 0x3fc9e890  A15     : 0x0000005c  SAR     : 0x0000001f  EXCCAUSE: 0x0000001c  
EXCVADDR: 0x00000000  LBEG    : 0x400570e8  LEND    : 0x400570f3  LCOUNT  : 0x00000000  


Backtrace: 0x42015900:0x3fc9e960 0x4200d9a7:0x3fc9e9b0 0x4200d183:0x3fc9e9f0 0x4200c1c3:0x3fc9ea30 0x4200c866:0x3fc9ea60 0x4203e4f7:0x3fca0310 0x4037dcfe:0x3fca0340




ELF file SHA256: abb9a59b8

Rebooting...
ESP-ROM:esp32s3-20210327
Build:Mar 27 2021
rst:0xc (RTC_SW_CPU_RST),boot:0x8 (SPI_FAST_FLASH_BOOT)
Saved PC:0x40375a30
SPIWP:0xee
mode:DIO, clock div:1
load:0x3fce3810,len:0x178c
load:0x403c9700,len:0x4
load:0x403c9704,len:0xcb8
load:0x403cc700,len:0x2d84
entry 0x403c9914
[0;32mI (31) boot: ESP-IDF v5.3-dev-422-ga7fbf452fa-dirty 2nd stage bootloader[0m
[0;32mI (31) boot: compile time Nov 30 2023 19:46:02[0m
[0;32mI (32) boot: Multicore bootloader[0m
[0;32mI (36) boot: chip revision: v0.1[0m
[0;32mI (40) boot.esp32s3: Boot SPI Speed : 80MHz[0m
[0;32mI (45) boot.esp32s3: SPI Mode       : DIO[0m
[0;32mI (50) boot.esp32s3: SPI Flash Size : 2MB[0m
[0;32mI (54) boot: Enabling RNG early entropy source...[0m
[0;32mI (60) boot: Partition Table:[0m
[0;32mI (63) boot: ## Label            Usage          Type ST Offset   Length[0m
[0;32mI (71) boot:  0 nvs              WiFi data        01 02 00009000 00006000[0m
[0;32mI (78) boot:  1 phy_init         RF data          01 01 0000f000 00001000[0m
[0;32mI (86) boot:  2 factory          factory app      00 00 00010000 00100000[0m
[0;32mI (93) boot: End of partition table[0m
[0;32mI (97) esp_image: segment 0: paddr=00010020 vaddr=3c040020 size=15824h ( 88100) map[0m
[0;32mI (122) esp_image: segment 1: paddr=0002584c vaddr=3fc98400 size=037f4h ( 14324) load[0m
[0;32mI (125) esp_image: segment 2: paddr=00029048 vaddr=40374000 size=06fd0h ( 28624) load[0m
[0;32mI (134) esp_image: segment 3: paddr=00030020 vaddr=42000020 size=3f10ch (258316) map[0m
[0;32mI (182) esp_image: segment 4: paddr=0006f134 vaddr=4037afd0 size=0d360h ( 54112) load[0m
[0;32mI (202) boot: Loaded app from partition at offset 0x10000[0m
[0;32mI (203) boot: Disabling RNG early entropy source...[0m
[0;32mI (214) cpu_start: Multicore app[0m
D (214) cpu_start: Pro cpu up[0m
D (214) cpu_start: Starting app cpu, entry point is 0x40375318[0m
D (192) cpu_start: App cpu up[0m
D (224) clk: RTC_SLOW_CLK calibration value: 3821696[0m
[0;32mI (236) cpu_start: Pro cpu start user code[0m
[0;32mI (236) cpu_start: cpu freq: 160000000 Hz[0m
[0;32mI (236) cpu_start: Application information:[0m
[0;32mI (239) cpu_start: Project name:     esp32_cam_sd_jpg[0m
[0;32mI (245) cpu_start: App version:      1b71676[0m
[0;32mI (250) cpu_start: Compile time:     Nov 30 2023 19:45:52[0m
[0;32mI (256) cpu_start: ELF file SHA256:  abb9a59b8...[0m
[0;32mI (261) cpu_start: ESP-IDF:          v5.3-dev-422-ga7fbf452fa-dirty[0m
[0;32mI (268) cpu_start: Min chip rev:     v0.0[0m
[0;32mI (273) cpu_start: Max chip rev:     v0.99 [0m
[0;32mI (278) cpu_start: Chip rev:         v0.1[0m
D (282) memory_layout: Checking 6 reserved memory ranges:[0m
D (288) memory_layout: Reserved memory range 0x3fc84000 - 0x3fc98400[0m
D (294) memory_layout: Reserved memory range 0x3fc98400 - 0x3fc9c5f0[0m
D (301) memory_layout: Reserved memory range 0x3fceee34 - 0x3fcf0000[0m
D (307) memory_layout: Reserved memory range 0x40374000 - 0x40388400[0m
D (313) memory_layout: Reserved memory range 0x600fe000 - 0x600fe010[0m
D (320) memory_layout: Reserved memory range 0x600fffe8 - 0x60100000[0m
D (326) memory_layout: Building list of available memory regions:[0m
D (332) memory_layout: Available memory region 0x3fc9c5f0 - 0x3fca0000[0m
D (339) memory_layout: Available memory region 0x3fca0000 - 0x3fcb0000[0m
D (346) memory_layout: Available memory region 0x3fcb0000 - 0x3fcc0000[0m
D (352) memory_layout: Available memory region 0x3fcc0000 - 0x3fcd0000[0m
D (359) memory_layout: Available memory region 0x3fcd0000 - 0x3fce0000[0m
D (365) memory_layout: Available memory region 0x3fce0000 - 0x3fce9710[0m
D (372) memory_layout: Available memory region 0x3fce9710 - 0x3fceee34[0m
D (379) memory_layout: Available memory region 0x3fcf0000 - 0x3fcf8000[0m
D (385) memory_layout: Available memory region 0x600fe010 - 0x600fffe8[0m
[0;32mI (392) heap_init: Initializing. RAM available for dynamic allocation:[0m
D (399) heap_init: New heap initialised at 0x3fc9c5f0[0m
[0;32mI (404) heap_init: At 3FC9C5F0 len 0004D120 (308 KiB): RAM[0m
[0;32mI (410) heap_init: At 3FCE9710 len 00005724 (21 KiB): RAM[0m
D (416) heap_init: New heap initialised at 0x3fcf0000[0m
[0;32mI (421) heap_init: At 3FCF0000 len 00008000 (32 KiB): DRAM[0m
D (428) heap_init: New heap initialised at 0x600fe010[0m
[0;32mI (433) heap_init: At 600FE010 len 00001FD8 (7 KiB): RTCRAM[0m
D (439) intr_alloc: Connected src 39 to int 2 (cpu 0)[0m
D (445) spi_flash: trying chip: issi[0m
D (448) spi_flash: trying chip: gd[0m
[0;32mI (451) spi_flash: detected chip: gd[0m
[0;32mI (456) spi_flash: flash io: dio[0m
[0;33mW (459) spi_flash: Detected size(8192k) larger than the size in the binary image header(2048k). Using the size in the binary image header.[0m
D (473) cpu_start: calling init function: 0x42029aa4[0m
D (478) cpu_start: calling init function: 0x42029564[0m
D (483) cpu_start: calling init function: 0x4202707c[0m
[0;33mW (488) i2c: This driver is an old driver, please migrate your application code to adapt `driver/i2c_master.h`[0m
D (498) cpu_start: calling init function: 0x4201ed70[0m
D (504) cpu_start: calling init function: 0x4037b6bc[0m
D (509) cpu_start: calling init function: 0x420031c8[0m
D (514) stack_chk: Intialize random stack guard[0m
D (518) cpu_start: calling init function: 0x42002978[0m
D (523) cpu_start: calling init function: 0x42009634 on core: 0[0m
D (529) intr_alloc: Connected src 59 to int 3 (cpu 0)[0m
D (534) cpu_start: calling init function: 0x420065dc on core: 0[0m
[0;32mI (540) sleep: Configure to isolate all GPIO pins in sleep state[0m
[0;32mI (547) sleep: Enable automatic switching of GPIO sleep configuration[0m
D (554) cpu_start: calling init function: 0x420042e4 on core: 0[0m
D (560) intr_alloc: Connected src 79 to int 9 (cpu 0)[0m
D (565) app_start: Starting scheduler on CPU0[0m
D (570) intr_alloc: Connected src 57 to int 12 (cpu 0)[0m
D (570) intr_alloc: Connected src 80 to int 2 (cpu 1)[0m
D (580) app_start: Starting scheduler on CPU1[0m
D (580) intr_alloc: Connected src 58 to int 3 (cpu 1)[0m
[0;32mI (570) main_task: Started on CPU0[0m
D (590) heap_init: New heap initialised at 0x3fce9710[0m
D (590) intr_alloc: Connected src 52 to int 13 (cpu 0)[0m
[0;32mI (600) main_task: Calling app_main()[0m
[0;32mI (600) SD_Karte_SPEICHERN: Mounting SD card...[0m
D (610) sdmmc_periph: peripheral version 5342270a, hardware config 03c44c83[0m
D (620) intr_alloc: Connected src 30 to int 17 (cpu 0)[0m
D (620) sdmmc_periph: using GPIO39 as clk pin[0m
[0;32mI (630) gpio: GPIO[39]| InputEn: 0| OutputEn: 0| OpenDrain: 0| Pullup: 1| Pulldown: 0| Intr:0 [0m
D (630) sdmmc_periph: using GPIO38 as cmd pin[0m
[0;32mI (640) gpio: GPIO[38]| InputEn: 0| OutputEn: 0| OpenDrain: 0| Pullup: 1| Pulldown: 0| Intr:0 [0m
D (650) sdmmc_periph: using GPIO40 as d0 pin[0m
[0;32mI (650) gpio: GPIO[40]| InputEn: 0| OutputEn: 0| OpenDrain: 0| Pullup: 1| Pulldown: 0| Intr:0 [0m
D (660) sdmmc_periph: slot=1 host_div=10 card_div=20 freq=400kHz (max 400kHz)[0m
D (670) sdmmc_periph: slot=1 width=1[0m
D (670) sdmmc_req: process_command_response: error 0x107  (status=00000100)[0m
D (700) sdmmc_sd: SDHC/SDXC card[0m
D (700) sdmmc_req: process_command_response: error 0x107  (status=00000100)[0m
D (700) sdmmc_io: sdmmc_init_io: io_send_op_cond (1) returned 0x107; not IO card[0m
D (710) sdmmc_common: host_ocr=0x40ff8000 card_ocr=0xc0ff8000[0m
D (710) sdmmc_common: sdmmc_card_init: host_ocr=40ff8000, card_ocr=c0ff8000[0m
D (720) sdmmc_init: sdmmc_card_init: card type is SD[0m
D (720) sdmmc_common: sdmmc_init_host_bus_width: using 1-bit bus[0m
D (730) sdmmc_periph: slot=1 host_div=8 card_div=0 freq=20000kHz (max 20000kHz)[0m
D (730) vfs_fat_sdmmc: using pdrv=0[0m
[0;32mI (740) SD_Karte_SPEICHERN: 


SD card mount successfully!



[0m
[0;32mI (740) SD_Karte_SPEICHERN: INit sdcard success
[0m
Guru Meditation Error: Core  0 panic'ed (LoadProhibited). Exception was unhandled.

Core  0 register dump:
PC      : 0x42015903  PS      : 0x00060930  A0      : 0x8200d9aa  A1      : 0x3fc9e960  
A2      : 0x3c0508fc  A3      : 0x3fc986d4  A4      : 0x00000008  A5      : 0x3c0456a8  
A6      : 0x0000001b  A7      : 0x3fca6574  A8      : 0x3c050954  A9      : 0x00000000  
A10     : 0x00000000  A11     : 0x0000005c  A12     : 0x00000008  A13     : 0x00000000  
A14     : 0x3fc9e890  A15     : 0x0000005c  SAR     : 0x0000001f  EXCCAUSE: 0x0000001c  
EXCVADDR: 0x00000000  LBEG    : 0x400570e8  LEND    : 0x400570f3  LCOUNT  : 0x00000000  


Backtrace: 0x42015900:0x3fc9e960 0x4200d9a7:0x3fc9e9b0 0x4200d183:0x3fc9e9f0 0x4200c1c3:0x3fc9ea30 0x4200c866:0x3fc9ea60 0x4203e4f7:0x3fca0310 0x4037dcfe:0x3fca0340




ELF file SHA256: abb9a59b8

Rebooting...
ESP-ROM:esp32s3-20210327
Build:Mar 27 2021
rst:0xc (RTC_SW_CPU_RST),boot:0x8 (SPI_FAST_FLASH_BOOT)
Saved PC:0x40375a30
SPIWP:0xee
mode:DIO, clock div:1
load:0x3fce3810,len:0x178c
load:0x403c9700,len:0x4
load:0x403c9704,len:0xcb8
load:0x403cc700,len:0x2d84
entry 0x403c9914
[0;32mI (31) boot: ESP-IDF v5.3-dev-422-ga7fbf452fa-dirty 2nd stage bootloader[0m
[0;32mI (31) boot: compile time Nov 30 2023 19:46:02[0m
[0;32mI (32) boot: Multicore bootloader[0m
[0;32mI (36) boot: chip revision: v0.1[0m
[0;32mI (40) boot.esp32s3: Boot SPI Speed : 80MHz[0m
[0;32mI (45) boot.esp32s3: SPI Mode       : DIO[0m
[0;32mI (50) boot.esp32s3: SPI Flash Size : 2MB[0m
[0;32mI (54) boot: Enabling RNG early entropy source...[0m
[0;32mI (60) boot: Partition Table:[0m
[0;32mI (63) boot: ## Label            Usage          Type ST Offset   Length[0m
[0;32mI (71) boot:  0 nvs              WiFi data        01 02 00009000 00006000[0m
[0;32mI (78) boot:  1 phy_init         RF data          01 01 0000f000 00001000[0m
[0;32mI (86) boot:  2 factory          factory app      00 00 00010000 00100000[0m
[0;32mI (93) boot: End of partition table[0m
[0;32mI (97) esp_image: segment 0: paddr=00010020 vaddr=3c040020 size=15824h ( 88100) map[0m
[0;32mI (122) esp_image: segment 1: paddr=0002584c vaddr=3fc98400 size=037f4h ( 14324) load[0m
[0;32mI (125) esp_image: segment 2: paddr=00029048 vaddr=40374000 size=06fd0h ( 28624) load[0m
[0;32mI (134) esp_image: segment 3: paddr=00030020 vaddr=42000020 size=3f10ch (258316) map[0m
[0;32mI (182) esp_image: segment 4: paddr=0006f134 vaddr=4037afd0 size=0d360h ( 54112) load[0m
[0;32mI (202) boot: Loaded app from partition at offset 0x10000[0m
[0;32mI (203) boot: Disabling RNG early entropy source...[0m
[0;32mI (214) cpu_start: Multicore app[0m
D (214) cpu_start: Pro cpu up[0m
D (214) cpu_start: Starting app cpu, entry point is 0x40375318[0m
D (192) cpu_start: App cpu up[0m
D (224) clk: RTC_SLOW_CLK calibration value: 3819264[0m
[0;32mI (236) cpu_start: Pro cpu start user code[0m
[0;32mI (236) cpu_start: cpu freq: 160000000 Hz[0m
[0;32mI (236) cpu_start: Application information:[0m
[0;32mI (239) cpu_start: Project name:     esp32_cam_sd_jpg[0m
[0;32mI (245) cpu_start: App version:      1b71676[0m
[0;32mI (250) cpu_start: Compile time:     Nov 30 2023 19:45:52[0m
[0;32mI (256) cpu_start: ELF file SHA256:  abb9a59b8...[0m
[0;32mI (261) cpu_start: ESP-IDF:          v5.3-dev-422-ga7fbf452fa-dirty[0m
[0;32mI (268) cpu_start: Min chip rev:     v0.0[0m
[0;32mI (273) cpu_start: Max chip rev:     v0.99 [0m
[0;32mI (278) cpu_start: Chip rev:         v0.1[0m
D (282) memory_layout: Checking 6 reserved memory ranges:[0m
D (288) memory_layout: Reserved memory range 0x3fc84000 - 0x3fc98400[0m
D (294) memory_layout: Reserved memory range 0x3fc98400 - 0x3fc9c5f0[0m
D (301) memory_layout: Reserved memory range 0x3fceee34 - 0x3fcf0000[0m
D (307) memory_layout: Reserved memory range 0x40374000 - 0x40388400[0m
D (313) memory_layout: Reserved memory range 0x600fe000 - 0x600fe010[0m
D (320) memory_layout: Reserved memory range 0x600fffe8 - 0x60100000[0m
D (326) memory_layout: Building list of available memory regions:[0m
D (332) memory_layout: Available memory region 0x3fc9c5f0 - 0x3fca0000[0m
D (339) memory_layout: Available memory region 0x3fca0000 - 0x3fcb0000[0m
D (346) memory_layout: Available memory region 0x3fcb0000 - 0x3fcc0000[0m
D (352) memory_layout: Available memory region 0x3fcc0000 - 0x3fcd0000[0m
D (359) memory_layout: Available memory region 0x3fcd0000 - 0x3fce0000[0m
D (365) memory_layout: Available memory region 0x3fce0000 - 0x3fce9710[0m
D (372) memory_layout: Available memory region 0x3fce9710 - 0x3fceee34[0m
D (379) memory_layout: Available memory region 0x3fcf0000 - 0x3fcf8000[0m
D (385) memory_layout: Available memory region 0x600fe010 - 0x600fffe8[0m
[0;32mI (392) heap_init: Initializing. RAM available for dynamic allocation:[0m
D (399) heap_init: New heap initialised at 0x3fc9c5f0[0m
[0;32mI (404) heap_init: At 3FC9C5F0 len 0004D120 (308 KiB): RAM[0m
[0;32mI (410) heap_init: At 3FCE9710 len 00005724 (21 KiB): RAM[0m
D (416) heap_init: New heap initialised at 0x3fcf0000[0m
[0;32mI (421) heap_init: At 3FCF0000 len 00008000 (32 KiB): DRAM[0m
D (428) heap_init: New heap initialised at 0x600fe010[0m
[0;32mI (433) heap_init: At 600FE010 len 00001FD8 (7 KiB): RTCRAM[0m
D (439) intr_alloc: Connected src 39 to int 2 (cpu 0)[0m
D (445) spi_flash: trying chip: issi[0m
D (448) spi_flash: trying chip: gd[0m
[0;32mI (451) spi_flash: detected chip: gd[0m
[0;32mI (456) spi_flash: flash io: dio[0m
[0;33mW (459) spi_flash: Detected size(8192k) larger than the size in the binary image header(2048k). Using the size in the binary image header.[0m
D (473) cpu_start: calling init function: 0x42029aa4[0m
D (478) cpu_start: calling init function: 0x42029564[0m
D (483) cpu_start: calling init function: 0x4202707c[0m
[0;33mW (488) i2c: This driver is an old driver, please migrate your application code to adapt `driver/i2c_master.h`[0m
D (498) cpu_start: calling init function: 0x4201ed70[0m
D (504) cpu_start: calling init function: 0x4037b6bc[0m
D (509) cpu_start: calling init function: 0x420031c8[0m
D (514) stack_chk: Intialize random stack guard[0m
D (518) cpu_start: calling init function: 0x42002978[0m
D (523) cpu_start: calling init function: 0x42009634 on core: 0[0m
D (529) intr_alloc: Connected src 59 to int 3 (cpu 0)[0m
D (534) cpu_start: calling init function: 0x420065dc on core: 0[0m
[0;32mI (540) sleep: Configure to isolate all GPIO pins in sleep state[0m
[0;32mI (547) sleep: Enable automatic switching of GPIO sleep configuration[0m
D (554) cpu_start: calling init function: 0x420042e4 on core: 0[0m
D (560) intr_alloc: Connected src 79 to int 9 (cpu 0)[0m
D (565) app_start: Starting scheduler on CPU0[0m
D (570) intr_alloc: Connected src 57 to int 12 (cpu 0)[0m
D (570) intr_alloc: Connected src 80 to int 2 (cpu 1)[0m
D (580) app_start: Starting scheduler on CPU1[0m
D (580) intr_alloc: Connected src 58 to int 3 (cpu 1)[0m
[0;32mI (570) main_task: Started on CPU0[0m
D (590) heap_init: New heap initialised at 0x3fce9710[0m
D (590) intr_alloc: Connected src 52 to int 13 (cpu 0)[0m
[0;32mI (600) main_task: Calling app_main()[0m
[0;32mI (600) SD_Karte_SPEICHERN: Mounting SD card...[0m
D (610) sdmmc_periph: peripheral version 5342270a, hardware config 03c44c83[0m
D (620) intr_alloc: Connected src 30 to int 17 (cpu 0)[0m
D (620) sdmmc_periph: using GPIO39 as clk pin[0m
[0;32mI (630) gpio: GPIO[39]| InputEn: 0| OutputEn: 0| OpenDrain: 0| Pullup: 1| Pulldown: 0| Intr:0 [0m
D (630) sdmmc_periph: using GPIO38 as cmd pin[0m
[0;32mI (640) gpio: GPIO[38]| InputEn: 0| OutputEn: 0| OpenDrain: 0| Pullup: 1| Pulldown: 0| Intr:0 [0m
D (650) sdmmc_periph: using GPIO40 as d0 pin[0m
[0;32mI (650) gpio: GPIO[40]| InputEn: 0| OutputEn: 0| OpenDrain: 0| Pullup: 1| Pulldown: 0| Intr:0 [0m
D (660) sdmmc_periph: slot=1 host_div=10 card_div=20 freq=400kHz (max 400kHz)[0m
D (670) sdmmc_periph: slot=1 width=1[0m
D (670) sdmmc_req: process_command_response: error 0x107  (status=00000100)[0m
D (700) sdmmc_sd: SDHC/SDXC card[0m
D (700) sdmmc_req: process_command_response: error 0x107  (status=00000100)[0m
D (700) sdmmc_io: sdmmc_init_io: io_send_op_cond (1) returned 0x107; not IO card[0m
D (710) sdmmc_common: host_ocr=0x40ff8000 card_ocr=0xc0ff8000[0m
D (710) sdmmc_common: sdmmc_card_init: host_ocr=40ff8000, card_ocr=c0ff8000[0m
D (720) sdmmc_init: sdmmc_card_init: card type is SD[0m
D (720) sdmmc_common: sdmmc_init_host_bus_width: using 1-bit bus[0m
D (730) sdmmc_periph: slot=1 host_div=8 card_div=0 freq=20000kHz (max 20000kHz)[0m
D (730) vfs_fat_sdmmc: using pdrv=0[0m
[0;32mI (740) SD_Karte_SPEICHERN: 


SD card mount successfully!



[0m
[0;32mI (740) SD_Karte_SPEICHERN: INit sdcard success
[0m
Guru Meditation Error: Core  0 panic'ed (LoadProhibited). Exception was unhandled.

Core  0 register dump:
PC      : 0x42015903  PS      : 0x00060930  A0      : 0x8200d9aa  A1      : 0x3fc9e960  
A2      : 0x3c0508fc  A3      : 0x3fc986d4  A4      : 0x00000008  A5      : 0x3c0456a8  
A6      : 0x0000001b  A7      : 0x3fca6574  A8      : 0x3c050954  A9      : 0x00000000  
A10     : 0x00000000  A11     : 0x0000005c  A12     : 0x00000008  A13     : 0x00000000  
A14     : 0x3fc9e890  A15     : 0x0000005c  SAR     : 0x0000001f  EXCCAUSE: 0x0000001c  
EXCVADDR: 0x00000000  LBEG    : 0x400570e8  LEND    : 0x400570f3  LCOUNT  : 0x00000000  


Backtrace: 0x42015900:0x3fc9e960 0x4200d9a7:0x3fc9e9b0 0x4200d183:0x3fc9e9f0 0x4200c1c3:0x3fc9ea30 0x4200c866:0x3fc9ea60 0x4203e4f7:0x3fca0310 0x4037dcfe:0x3fca0340




ELF file SHA256: abb9a59b8

Rebooting...
ESP-ROM:esp32s3-20210327
Build:Mar 27 2021
rst:0xc (RTC_SW_CPU_RST),boot:0x8 (SPI_FAST_FLASH_BOOT)
Saved PC:0x40375a30
SPIWP:0xee
mode:DIO, clock div:1
load:0x3fce3810,len:0x178c
load:0x403c9700,len:0x4
load:0x403c9704,len:0xcb8
load:0x403cc700,len:0x2d84
entry 0x403c9914
[0;32mI (31) boot: ESP-IDF v5.3-dev-422-ga7fbf452fa-dirty 2nd stage bootloader[0m
[0;32mI (31) boot: compile time Nov 30 2023 19:46:02[0m
[0;32mI (32) boot: Multicore bootloader[0m
[0;32mI (36) boot: chip revision: v0.1[0m
[0;32mI (40) boot.esp32s3: Boot SPI Speed : 80MHz[0m
[0;32mI (45) boot.esp32s3: SPI Mode       : DIO[0m
[0;32mI (50) boot.esp32s3: SPI Flash Size : 2MB[0m
[0;32mI (54) boot: Enabling RNG early entropy source...[0m
[0;32mI (60) boot: Partition Table:[0m
[0;32mI (63) boot: ## Label            Usage          Type ST Offset   Length[0m
[0;32mI (71) boot:  0 nvs              WiFi data        01 02 00009000 00006000[0m
[0;32mI (78) boot:  1 phy_init         RF data          01 01 0000f000 00001000[0m
[0;32mI (86) boot:  2 factory          factory app      00 00 00010000 00100000[0m
[0;32mI (93) boot: End of partition table[0m
[0;32mI (97) esp_image: segment 0: paddr=00010020 vaddr=3c040020 size=15824h ( 88100) map[0m
[0;32mI (122) esp_image: segment 1: paddr=0002584c vaddr=3fc98400 size=037f4h ( 14324) load[0m
[0;32mI (125) esp_image: segment 2: paddr=00029048 vaddr=40374000 size=06fd0h ( 28624) load[0m
[0;32mI (134) esp_image: segment 3: paddr=00030020 vaddr=42000020 size=3f10ch (258316) map[0m
[0;32mI (182) esp_image: segment 4: paddr=0006f134 vaddr=4037afd0 size=0d360h ( 54112) load[0m
[0;32mI (202) boot: Loaded app from partition at offset 0x10000[0m
[0;32mI (203) boot: Disabling RNG early entropy source...[0m
[0;32mI (214) cpu_start: Multicore app[0m
D (214) cpu_start: Pro cpu up[0m
D (214) cpu_start: Starting app cpu, entry point is 0x40375318[0m
D (192) cpu_start: App cpu up[0m
D (224) clk: RTC_SLOW_CLK calibration value: 3821850[0m
[0;32mI (236) cpu_start: Pro cpu start user code[0m
[0;32mI (236) cpu_start: cpu freq: 160000000 Hz[0m
[0;32mI (236) cpu_start: Application information:[0m
[0;32mI (239) cpu_start: Project name:     esp32_cam_sd_jpg[0m
[0;32mI (245) cpu_start: App version:      1b71676[0m
[0;32mI (250) cpu_start: Compile time:     Nov 30 2023 19:45:52[0m
[0;32mI (256) cpu_start: ELF file SHA256:  abb9a59b8...[0m
[0;32mI (261) cpu_start: ESP-IDF:          v5.3-dev-422-ga7fbf452fa-dirty[0m
[0;32mI (268) cpu_start: Min chip rev:     v0.0[0m
[0;32mI (273) cpu_start: Max chip rev:     v0.99 [0m
[0;32mI (278) cpu_start: Chip rev:         v0.1[0m
D (282) memory_layout: Checking 6 reserved memory ranges:[0m
D (288) memory_layout: Reserved memory range 0x3fc84000 - 0x3fc98400[0m
D (294) memory_layout: Reserved memory range 0x3fc98400 - 0x3fc9c5f0[0m
D (301) memory_layout: Reserved memory range 0x3fceee34 - 0x3fcf0000[0m
D (307) memory_layout: Reserved memory range 0x40374000 - 0x40388400[0m
D (313) memory_layout: Reserved memory range 0x600fe000 - 0x600fe010[0m
D (320) memory_layout: Reserved memory range 0x600fffe8 - 0x60100000[0m
D (326) memory_layout: Building list of available memory regions:[0m
D (332) memory_layout: Available memory region 0x3fc9c5f0 - 0x3fca0000[0m
D (339) memory_layout: Available memory region 0x3fca0000 - 0x3fcb0000[0m
D (346) memory_layout: Available memory region 0x3fcb0000 - 0x3fcc0000[0m
D (352) memory_layout: Available memory region 0x3fcc0000 - 0x3fcd0000[0m
D (359) memory_layout: Available memory region 0x3fcd0000 - 0x3fce0000[0m
D (365) memory_layout: Available memory region 0x3fce0000 - 0x3fce9710[0m
D (372) memory_layout: Available memory region 0x3fce9710 - 0x3fceee34[0m
D (379) memory_layout: Available memory region 0x3fcf0000 - 0x3fcf8000[0m
D (385) memory_layout: Available memory region 0x600fe010 - 0x600fffe8[0m
[0;32mI (392) heap_init: Initializing. RAM available for dynamic allocation:[0m
D (399) heap_init: New heap initialised at 0x3fc9c5f0[0m
[0;32mI (404) heap_init: At 3FC9C5F0 len 0004D120 (308 KiB): RAM[0m
[0;32mI (410) heap_init: At 3FCE9710 len 00005724 (21 KiB): RAM[0m
D (416) heap_init: New heap initialised at 0x3fcf0000[0m
[0;32mI (421) heap_init: At 3FCF0000 len 00008000 (32 KiB): DRAM[0m
D (428) heap_init: New heap initialised at 0x600fe010[0m
[0;32mI (433) heap_init: At 600FE010 len 00001FD8 (7 KiB): RTCRAM[0m
D (439) intr_alloc: Connected src 39 to int 2 (cpu 0)[0m
D (445) spi_flash: trying chip: issi[0m
D (448) spi_flash: trying chip: gd[0m
[0;32mI (451) spi_flash: detected chip: gd[0m
[0;32mI (456) spi_flash: flash io: dio[0m
[0;33mW (459) spi_flash: Detected size(8192k) larger than the size in the binary image header(2048k). Using the size in the binary image header.[0m
D (473) cpu_start: calling init function: 0x42029aa4[0m
D (478) cpu_start: calling init function: 0x42029564[0m
D (483) cpu_start: calling init function: 0x4202707c[0m
[0;33mW (488) i2c: This driver is an old driver, please migrate your application code to adapt `driver/i2c_master.h`[0m
D (498) cpu_start: calling init function: 0x4201ed70[0m
D (504) cpu_start: calling init function: 0x4037b6bc[0m
D (509) cpu_start: calling init function: 0x420031c8[0m
D (514) stack_chk: Intialize random stack guard[0m
D (518) cpu_start: calling init function: 0x42002978[0m
D (523) cpu_start: calling init function: 0x42009634 on core: 0[0m
D (529) intr_alloc: Connected src 59 to int 3 (cpu 0)[0m
D (534) cpu_start: calling init function: 0x420065dc on core: 0[0m
[0;32mI (540) sleep: Configure to isolate all GPIO pins in sleep state[0m
[0;32mI (547) sleep: Enable automatic switching of GPIO sleep configuration[0m
D (554) cpu_start: calling init function: 0x420042e4 on core: 0[0m
D (560) intr_alloc: Connected src 79 to int 9 (cpu 0)[0m
D (565) app_start: Starting scheduler on CPU0[0m
D (570) intr_alloc: Connected src 57 to int 12 (cpu 0)[0m
D (570) intr_alloc: Connected src 80 to int 2 (cpu 1)[0m
D (580) app_start: Starting scheduler on CPU1[0m
D (580) intr_alloc: Connected src 58 to int 3 (cpu 1)[0m
[0;32mI (570) main_task: Started on CPU0[0m
D (590) heap_init: New heap initialised at 0x3fce9710[0m
D (590) intr_alloc: Connected src 52 to int 13 (cpu 0)[0m
[0;32mI (600) main_task: Calling app_main()[0m
[0;32mI (600) SD_Karte_SPEICHERN: Mounting SD card...[0m
D (610) sdmmc_periph: peripheral version 5342270a, hardware config 03c44c83[0m
D (620) intr_alloc: Connected src 30 to int 17 (cpu 0)[0m
D (620) sdmmc_periph: using GPIO39 as clk pin[0m
[0;32mI (630) gpio: GPIO[39]| InputEn: 0| OutputEn: 0| OpenDrain: 0| Pullup: 1| Pulldown: 0| Intr:0 [0m
D (630) sdmmc_periph: using GPIO38 as cmd pin[0m
[0;32mI (640) gpio: GPIO[38]| InputEn: 0| OutputEn: 0| OpenDrain: 0| Pullup: 1| Pulldown: 0| Intr:0 [0m
D (650) sdmmc_periph: using GPIO40 as d0 pin[0m
[0;32mI (650) gpio: GPIO[40]| InputEn: 0| OutputEn: 0| OpenDrain: 0| Pullup: 1| Pulldown: 0| Intr:0 [0m
D (660) sdmmc_periph: slot=1 host_div=10 card_div=20 freq=400kHz (max 400kHz)[0m
D (670) sdmmc_periph: slot=1 width=1[0m
D (670) sdmmc_req: process_command_response: error 0x107  (status=00000100)[0m
D (700) sdmmc_sd: SDHC/SDXC card[0m
D (700) sdmmc_req: process_command_response: error 0x107  (status=00000100)[0m
D (700) sdmmc_io: sdmmc_init_io: io_send_op_cond (1) returned 0x107; not IO card[0m
D (710) sdmmc_common: host_ocr=0x40ff8000 card_ocr=0xc0ff8000[0m
D (710) sdmmc_common: sdmmc_card_init: host_ocr=40ff8000, card_ocr=c0ff8000[0m
D (720) sdmmc_init: sdmmc_card_init: card type is SD[0m
D (720) sdmmc_common: sdmmc_init_host_bus_width: using 1-bit bus[0m
D (730) sdmmc_periph: slot=1 host_div=8 card_div=0 freq=20000kHz (max 20000kHz)[0m
D (730) vfs_fat_sdmmc: using pdrv=0[0m
[0;32mI (740) SD_Karte_SPEICHERN: 


SD card mount successfully!



[0m
[0;32mI (740) SD_Karte_SPEICHERN: INit sdcard success
[0m
Guru Meditation Error: Core  0 panic'ed (LoadProhibited). Exception was unhandled.

Core  0 register dump:
PC      : 0x42015903  PS      : 0x00060930  A0      : 0x8200d9aa  A1      : 0x3fc9e960  
A2      : 0x3c0508fc  A3      : 0x3fc986d4  A4      : 0x00000008  A5      : 0x3c0456a8  
A6      : 0x0000001b  A7      : 0x3fca6574  A8      : 0x3c050954  A9      : 0x00000000  
A10     : 0x00000000  A11     : 0x0000005c  A12     : 0x00000008  A13     : 0x00000000  
A14     : 0x3fc9e890  A15     : 0x0000005c  SAR     : 0x0000001f  EXCCAUSE: 0x0000001c  
EXCVADDR: 0x00000000  LBEG    : 0x400570e8  LEND    : 0x400570f3  LCOUNT  : 0x00000000  


Backtrace: 0x42015900:0x3fc9e960 0x4200d9a7:0x3fc9e9b0 0x4200d183:0x3fc9e9f0 0x4200c1c3:0x3fc9ea30 0x4200c866:0x3fc9ea60 0x4203e4f7:0x3fca0310 0x4037dcfe:0x3fca0340




ELF file SHA256: abb9a59b8

Rebooting...
ESP-ROM:esp32s3-20210327
Build:Mar 27 2021
rst:0xc (RTC_SW_CPU_RST),boot:0x8 (SPI_FAST_FLASH_BOOT)
Saved PC:0x40375a30
SPIWP:0xee
mode:DIO, clock div:1
load:0x3fce3810,len:0x178c
load:0x403c9700,len:0x4
load:0x403c9704,len:0xcb8
load:0x403cc700,len:0x2d84
entry 0x403c9914
[0;32mI (31) boot: ESP-IDF v5.3-dev-422-ga7fbf452fa-dirty 2nd stage bootloader[0m
[0;32mI (31) boot: compile time Nov 30 2023 19:46:02[0m
[0;32mI (32) boot: Multicore bootloader[0m
[0;32mI (36) boot: chip revision: v0.1[0m
[0;32mI (40) boot.esp32s3: Boot SPI Speed : 80MHz[0m
[0;32mI (45) boot.esp32s3: SPI Mode       : DIO[0m
[0;32mI (50) boot.esp32s3: SPI Flash Size : 2MB[0m
[0;32mI (54) boot: Enabling RNG early entropy source...[0m
[0;32mI (60) boot: Partition Table:[0m
[0;32mI (63) boot: ## Label            Usage          Type ST Offset   Length[0m
[0;32mI (71) boot:  0 nvs              WiFi data        01 02 00009000 00006000[0m
[0;32mI (78) boot:  1 phy_init         RF data          01 01 0000f000 00001000[0m
[0;32mI (86) boot:  2 factory          factory app      00 00 00010000 00100000[0m
[0;32mI (93) boot: End of partition table[0m
[0;32mI (97) esp_image: segment 0: paddr=00010020 vaddr=3c040020 size=15824h ( 88100) map[0m
[0;32mI (122) esp_image: segment 1: paddr=0002584c vaddr=3fc98400 size=037f4h ( 14324) load[0m
[0;32mI (125) esp_image: segment 2: paddr=00029048 vaddr=40374000 size=06fd0h ( 28624) load[0m
[0;32mI (134) esp_image: segment 3: paddr=00030020 vaddr=42000020 size=3f10ch (258316) map[0m
[0;32mI (182) esp_image: segment 4: paddr=0006f134 vaddr=4037afd0 size=0d360h ( 54112) load[0m
[0;32mI (202) boot: Loaded app from partition at offset 0x10000[0m
[0;32mI (203) boot: Disabling RNG early entropy source...[0m
[0;32mI (214) cpu_start: Multicore app[0m
D (214) cpu_start: Pro cpu up[0m
D (214) cpu_start: Starting app cpu, entry point is 0x40375318[0m
D (192) cpu_start: App cpu up[0m
D (224) clk: RTC_SLOW_CLK calibration value: 3820403[0m
[0;32mI (236) cpu_start: Pro cpu start user code[0m
[0;32mI (236) cpu_start: cpu freq: 160000000 Hz[0m
[0;32mI (236) cpu_start: Application information:[0m
[0;32mI (239) cpu_start: Project name:     esp32_cam_sd_jpg[0m
[0;32mI (245) cpu_start: App version:      1b71676[0m
[0;32mI (250) cpu_start: Compile time:     Nov 30 2023 19:45:52[0m
[0;32mI (256) cpu_start: ELF file SHA256:  abb9a59b8...[0m
[0;32mI (261) cpu_start: ESP-IDF:          v5.3-dev-422-ga7fbf452fa-dirty[0m
[0;32mI (268) cpu_start: Min chip rev:     v0.0[0m
[0;32mI (273) cpu_start: Max chip rev:     v0.99 [0m
[0;32mI (278) cpu_start: Chip rev:         v0.1[0m
D (282) memory_layout: Checking 6 reserved memory ranges:[0m
D (288) memory_layout: Reserved memory range 0x3fc84000 - 0x3fc98400[0m
D (294) memory_layout: Reserved memory range 0x3fc98400 - 0x3fc9c5f0[0m
D (301) memory_layout: Reserved memory range 0x3fceee34 - 0x3fcf0000[0m
D (307) memory_layout: Reserved memory range 0x40374000 - 0x40388400[0m
D (313) memory_layout: Reserved memory range 0x600fe000 - 0x600fe010[0m
D (320) memory_layout: Reserved memory range 0x600fffe8 - 0x60100000[0m
D (326) memory_layout: Building list of available memory regions:[0m
D (332) memory_layout: Available memory region 0x3fc9c5f0 - 0x3fca0000[0m
D (339) memory_layout: Available memory region 0x3fca0000 - 0x3fcb0000[0m
D (346) memory_layout: Available memory region 0x3fcb0000 - 0x3fcc0000[0m
D (352) memory_layout: Available memory region 0x3fcc0000 - 0x3fcd0000[0m
D (359) memory_layout: Available memory region 0x3fcd0000 - 0x3fce0000[0m
D (365) memory_layout: Available memory region 0x3fce0000 - 0x3fce9710[0m
D (372) memory_layout: Available memory region 0x3fce9710 - 0x3fceee34[0m
D (379) memory_layout: Available memory region 0x3fcf0000 - 0x3fcf8000[0m
D (385) memory_layout: Available memory region 0x600fe010 - 0x600fffe8[0m
[0;32mI (392) heap_init: Initializing. RAM available for dynamic allocation:[0m
D (399) heap_init: New heap initialised at 0x3fc9c5f0[0m
[0;32mI (404) heap_init: At 3FC9C5F0 len 0004D120 (308 KiB): RAM[0m
[0;32mI (410) heap_init: At 3FCE9710 len 00005724 (21 KiB): RAM[0m
D (416) heap_init: New heap initialised at 0x3fcf0000[0m
[0;32mI (421) heap_init: At 3FCF0000 len 00008000 (32 KiB): DRAM[0m
D (428) heap_init: New heap initialised at 0x600fe010[0m
[0;32mI (433) heap_init: At 600FE010 len 00001FD8 (7 KiB): RTCRAM[0m
D (439) intr_alloc: Connected src 39 to int 2 (cpu 0)[0m
D (445) spi_flash: trying chip: issi[0m
D (448) spi_flash: trying chip: gd[0m
[0;32mI (451) spi_flash: detected chip: gd[0m
[0;32mI (456) spi_flash: flash io: dio[0m
[0;33mW (459) spi_flash: Detected size(8192k) larger than the size in the binary image header(2048k). Using the size in the binary image header.[0m
D (473) cpu_start: calling init function: 0x42029aa4[0m
D (478) cpu_start: calling init function: 0x42029564[0m
D (483) cpu_start: calling init function: 0x4202707c[0m
[0;33mW (488) i2c: This driver is an old driver, please migrate your application code to adapt `driver/i2c_master.h`[0m
D (498) cpu_start: calling init function: 0x4201ed70[0m
D (504) cpu_start: calling init function: 0x4037b6bc[0m
D (509) cpu_start: calling init function: 0x420031c8[0m
D (514) stack_chk: Intialize random stack guard[0m
D (518) cpu_start: calling init function: 0x42002978[0m
D (523) cpu_start: calling init function: 0x42009634 on core: 0[0m
D (529) intr_alloc: Connected src 59 to int 3 (cpu 0)[0m
D (534) cpu_start: calling init function: 0x420065dc on core: 0[0m
[0;32mI (540) sleep: Configure to isolate all GPIO pins in sleep state[0m
[0;32mI (547) sleep: Enable automatic switching of GPIO sleep configuration[0m
D (554) cpu_start: calling init function: 0x420042e4 on core: 0[0m
D (560) intr_alloc: Connected src 79 to int 9 (cpu 0)[0m
D (565) app_start: Starting scheduler on CPU0[0m
D (570) intr_alloc: Connected src 57 to int 12 (cpu 0)[0m
D (570) intr_alloc: Connected src 80 to int 2 (cpu 1)[0m
D (580) app_start: Starting scheduler on CPU1[0m
D (580) intr_alloc: Connected src 58 to int 3 (cpu 1)[0m
[0;32mI (570) main_task: Started on CPU0[0m
D (590) heap_init: New heap initialised at 0x3fce9710[0m
D (590) intr_alloc: Connected src 52 to int 13 (cpu 0)[0m
[0;32mI (600) main_task: Calling app_main()[0m
[0;32mI (600) SD_Karte_SPEICHERN: Mounting SD card...[0m
D (610) sdmmc_periph: peripheral version 5342270a, hardware config 03c44c83[0m
D (620) intr_alloc: Connected src 30 to int 17 (cpu 0)[0m
D (620) sdmmc_periph: using GPIO39 as clk pin[0m
[0;32mI (630) gpio: GPIO[39]| InputEn: 0| OutputEn: 0| OpenDrain: 0| Pullup: 1| Pulldown: 0| Intr:0 [0m
D (630) sdmmc_periph: using GPIO38 as cmd pin[0m
[0;32mI (640) gpio: GPIO[38]| InputEn: 0| OutputEn: 0| OpenDrain: 0| Pullup: 1| Pulldown: 0| Intr:0 [0m
D (650) sdmmc_periph: using GPIO40 as d0 pin[0m
[0;32mI (650) gpio: GPIO[40]| InputEn: 0| OutputEn: 0| OpenDrain: 0| Pullup: 1| Pulldown: 0| Intr:0 [0m
D (660) sdmmc_periph: slot=1 host_div=10 card_div=20 freq=400kHz (max 400kHz)[0m
D (670) sdmmc_periph: slot=1 width=1[0m
D (670) sdmmc_req: process_command_response: error 0x107  (status=00000100)[0m
D (700) sdmmc_sd: SDHC/SDXC card[0m
D (700) sdmmc_req: process_command_response: error 0x107  (status=00000100)[0m
D (700) sdmmc_io: sdmmc_init_io: io_send_op_cond (1) returned 0x107; not IO card[0m
D (710) sdmmc_common: host_ocr=0x40ff8000 card_ocr=0xc0ff8000[0m
D (710) sdmmc_common: sdmmc_card_init: host_ocr=40ff8000, card_ocr=c0ff8000[0m
D (720) sdmmc_init: sdmmc_card_init: card type is SD[0m
D (720) sdmmc_common: sdmmc_init_host_bus_width: using 1-bit bus[0m
D (730) sdmmc_periph: slot=1 host_div=8 card_div=0 freq=20000kHz (max 20000kHz)[0m
D (730) vfs_fat_sdmmc: using pdrv=0[0m
[0;32mI (740) SD_Karte_SPEICHERN: 


SD card mount successfully!



[0m
[0;32mI (740) SD_Karte_SPEICHERN: INit sdcard success
[0m
Guru Meditation Error: Core  0 panic'ed (LoadProhibited). Exception was unhandled.

Core  0 register dump:
PC      : 0x42015903  PS      : 0x00060930  A0      : 0x8200d9aa  A1      : 0x3fc9e960  
A2      : 0x3c0508fc  A3      : 0x3fc986d4  A4      : 0x00000008  A5      : 0x3c0456a8  
A6      : 0x0000001b  A7      : 0x3fca6574  A8      : 0x3c050954  A9      : 0x00000000  
A10     : 0x00000000  A11     : 0x0000005c  A12     : 0x00000008  A13     : 0x00000000  
A14     : 0x3fc9e890  A15     : 0x0000005c  SAR     : 0x0000001f  EXCCAUSE: 0x0000001c  
EXCVADDR: 0x00000000  LBEG    : 0x400570e8  LEND    : 0x400570f3  LCOUNT  : 0x00000000  


Backtrace: 0x42015900:0x3fc9e960 0x4200d9a7:0x3fc9e9b0 0x4200d183:0x3fc9e9f0 0x4200c1c3:0x3fc9ea30 0x4200c866:0x3fc9ea60 0x4203e4f7:0x3fca0310 0x4037dcfe:0x3fca0340




ELF file SHA256: abb9a59b8

Rebooting...
ESP-ROM:esp32s3-20210327
Build:Mar 27 2021
rst:0xc (RTC_SW_CPU_RST),boot:0x8 (SPI_FAST_FLASH_BOOT)
Saved PC:0x40375a30
SPIWP:0xee
mode:DIO, clock div:1
load:0x3fce3810,len:0x178c
load:0x403c9700,len:0x4
load:0x403c9704,len:0xcb8
load:0x403cc700,len:0x2d84
entry 0x403c9914
[0;32mI (31) boot: ESP-IDF v5.3-dev-422-ga7fbf452fa-dirty 2nd stage bootloader[0m
[0;32mI (31) boot: compile time Nov 30 2023 19:46:02[0m
[0;32mI (32) boot: Multicore bootloader[0m
[0;32mI (36) boot: chip revision: v0.1[0m
[0;32mI (40) boot.esp32s3: Boot SPI Speed : 80MHz[0m
[0;32mI (45) boot.esp32s3: SPI Mode       : DIO[0m
[0;32mI (50) boot.esp32s3: SPI Flash Size : 2MB[0m
[0;32mI (54) boot: Enabling RNG early entropy source...[0m
[0;32mI (60) boot: Partition Table:[0m
[0;32mI (63) boot: ## Label            Usage          Type ST Offset   Length[0m
[0;32mI (71) boot:  0 nvs              WiFi data        01 02 00009000 00006000[0m
[0;32mI (78) boot:  1 phy_init         RF data          01 01 0000f000 00001000[0m
[0;32mI (86) boot:  2 factory          factory app      00 00 00010000 00100000[0m
[0;32mI (93) boot: End of partition table[0m
[0;32mI (97) esp_image: segment 0: paddr=00010020 vaddr=3c040020 size=15824h ( 88100) map[0m
[0;32mI (122) esp_image: segment 1: paddr=0002584c vaddr=3fc98400 size=037f4h ( 14324) load[0m
[0;32mI (125) esp_image: segment 2: paddr=00029048 vaddr=40374000 size=06fd0h ( 28624) load[0m
[0;32mI (134) esp_image: segment 3: paddr=00030020 vaddr=42000020 size=3f10ch (258316) map[0m
[0;32mI (182) esp_image: segment 4: paddr=0006f134 vaddr=4037afd0 size=0d360h ( 54112) load[0m
[0;32mI (202) boot: Loaded app from partition at offset 0x10000[0m
[0;32mI (203) boot: Disabling RNG early entropy source...[0m
[0;32mI (214) cpu_start: Multicore app[0m
D (214) cpu_start: Pro cpu up[0m
D (214) cpu_start: Starting app cpu, entry point is 0x40375318[0m
D (192) cpu_start: App cpu up[0m
D (224) clk: RTC_SLOW_CLK calibration value: 3819968[0m
[0;32mI (236) cpu_start: Pro cpu start user code[0m
[0;32mI (236) cpu_start: cpu freq: 160000000 Hz[0m
[0;32mI (236) cpu_start: Application information:[0m
[0;32mI (239) cpu_start: Project name:     esp32_cam_sd_jpg[0m
[0;32mI (245) cpu_start: App version:      1b71676[0m
[0;32mI (250) cpu_start: Compile time:     Nov 30 2023 19:45:52[0m
[0;32mI (256) cpu_start: ELF file SHA256:  abb9a59b8...[0m
[0;32mI (261) cpu_start: ESP-IDF:          v5.3-dev-422-ga7fbf452fa-dirty[0m
[0;32mI (268) cpu_start: Min chip rev:     v0.0[0m
[0;32mI (273) cpu_start: Max chip rev:     v0.99 [0m
[0;32mI (278) cpu_start: Chip rev:         v0.1[0m
D (282) memory_layout: Checking 6 reserved memory ranges:[0m
D (288) memory_layout: Reserved memory range 0x3fc84000 - 0x3fc98400[0m
D (294) memory_layout: Reserved memory range 0x3fc98400 - 0x3fc9c5f0[0m
D (301) memory_layout: Reserved memory range 0x3fceee34 - 0x3fcf0000[0m
D (307) memory_layout: Reserved memory range 0x40374000 - 0x40388400[0m
D (313) memory_layout: Reserved memory range 0x600fe000 - 0x600fe010[0m
D (320) memory_layout: Reserved memory range 0x600fffe8 - 0x60100000[0m
D (326) memory_layout: Building list of available memory regions:[0m
D (332) memory_layout: Available memory region 0x3fc9c5f0 - 0x3fca0000[0m
D (339) memory_layout: Available memory region 0x3fca0000 - 0x3fcb0000[0m
D (346) memory_layout: Available memory region 0x3fcb0000 - 0x3fcc0000[0m
D (352) memory_layout: Available memory region 0x3fcc0000 - 0x3fcd0000[0m
D (359) memory_layout: Available memory region 0x3fcd0000 - 0x3fce0000[0m
D (365) memory_layout: Available memory region 0x3fce0000 - 0x3fce9710[0m
D (372) memory_layout: Available memory region 0x3fce9710 - 0x3fceee34[0m
D (379) memory_layout: Available memory region 0x3fcf0000 - 0x3fcf8000[0m
D (385) memory_layout: Available memory region 0x600fe010 - 0x600fffe8[0m
[0;32mI (392) heap_init: Initializing. RAM available for dynamic allocation:[0m
D (399) heap_init: New heap initialised at 0x3fc9c5f0[0m
[0;32mI (404) heap_init: At 3FC9C5F0 len 0004D120 (308 KiB): RAM[0m
[0;32mI (410) heap_init: At 3FCE9710 len 00005724 (21 KiB): RAM[0m
D (416) heap_init: New heap initialised at 0x3fcf0000[0m
[0;32mI (421) heap_init: At 3FCF0000 len 00008000 (32 KiB): DRAM[0m
D (428) heap_init: New heap initialised at 0x600fe010[0m
[0;32mI (433) heap_init: At 600FE010 len 00001FD8 (7 KiB): RTCRAM[0m
D (439) intr_alloc: Connected src 39 to int 2 (cpu 0)[0m
D (445) spi_flash: trying chip: issi[0m
D (448) spi_flash: trying chip: gd[0m
[0;32mI (451) spi_flash: detected chip: gd[0m
[0;32mI (456) spi_flash: flash io: dio[0m
[0;33mW (459) spi_flash: Detected size(8192k) larger than the size in the binary image header(2048k). Using the size in the binary image header.[0m
D (473) cpu_start: calling init function: 0x42029aa4[0m
D (478) cpu_start: calling init function: 0x42029564[0m
D (483) cpu_start: calling init function: 0x4202707c[0m
[0;33mW (488) i2c: This driver is an old driver, please migrate your application code to adapt `driver/i2c_master.h`[0m
D (498) cpu_start: calling init function: 0x4201ed70[0m
D (504) cpu_start: calling init function: 0x4037b6bc[0m
D (509) cpu_start: calling init function: 0x420031c8[0m
D (514) stack_chk: Intialize random stack guard[0m
D (518) cpu_start: calling init function: 0x42002978[0m
D (523) cpu_start: calling init function: 0x42009634 on core: 0[0m
D (529) intr_alloc: Connected src 59 to int 3 (cpu 0)[0m
D (534) cpu_start: calling init function: 0x420065dc on core: 0[0m
[0;32mI (540) sleep: Configure to isolate all GPIO pins in sleep state[0m
[0;32mI (547) sleep: Enable automatic switching of GPIO sleep configuration[0m
D (554) cpu_start: calling init function: 0x420042e4 on core: 0[0m
D (560) intr_alloc: Connected src 79 to int 9 (cpu 0)[0m
D (565) app_start: Starting scheduler on CPU0[0m
D (570) intr_alloc: Connected src 57 to int 12 (cpu 0)[0m
D (570) intr_alloc: Connected src 80 to int 2 (cpu 1)[0m
D (580) app_start: Starting scheduler on CPU1[0m
D (580) intr_alloc: Connected src 58 to int 3 (cpu 1)[0m
[0;32mI (570) main_task: Started on CPU0[0m
D (590) heap_init: New heap initialised at 0x3fce9710[0m
D (590) intr_alloc: Connected src 52 to int 13 (cpu 0)[0m
[0;32mI (600) main_task: Calling app_main()[0m
[0;32mI (600) SD_Karte_SPEICHERN: Mounting SD card...[0m
D (610) sdmmc_periph: peripheral version 5342270a, hardware config 03c44c83[0m
D (620) intr_alloc: Connected src 30 to int 17 (cpu 0)[0m
D (620) sdmmc_periph: using GPIO39 as clk pin[0m
[0;32mI (630) gpio: GPIO[39]| InputEn: 0| OutputEn: 0| OpenDrain: 0| Pullup: 1| Pulldown: 0| Intr:0 [0m
D (630) sdmmc_periph: using GPIO38 as cmd pin[0m
[0;32mI (640) gpio: GPIO[38]| InputEn: 0| OutputEn: 0| OpenDrain: 0| Pullup: 1| Pulldown: 0| Intr:0 [0m
D (650) sdmmc_periph: using GPIO40 as d0 pin[0m
[0;32mI (650) gpio: GPIO[40]| InputEn: 0| OutputEn: 0| OpenDrain: 0| Pullup: 1| Pulldown: 0| Intr:0 [0m
D (660) sdmmc_periph: slot=1 host_div=10 card_div=20 freq=400kHz (max 400kHz)[0m
D (670) sdmmc_periph: slot=1 width=1[0m
D (670) sdmmc_req: process_command_response: error 0x107  (status=00000100)[0m
D (700) sdmmc_sd: SDHC/SDXC card[0m
D (700) sdmmc_req: process_command_response: error 0x107  (status=00000100)[0m
D (700) sdmmc_io: sdmmc_init_io: io_send_op_cond (1) returned 0x107; not IO card[0m
D (710) sdmmc_common: host_ocr=0x40ff8000 card_ocr=0xc0ff8000[0m
D (710) sdmmc_common: sdmmc_card_init: host_ocr=40ff8000, card_ocr=c0ff8000[0m
D (720) sdmmc_init: sdmmc_card_init: card type is SD[0m
D (720) sdmmc_common: sdmmc_init_host_bus_width: using 1-bit bus[0m
D (730) sdmmc_periph: slot=1 host_div=8 card_div=0 freq=20000kHz (max 20000kHz)[0m
D (730) vfs_fat_sdmmc: using pdrv=0[0m
[0;32mI (740) SD_Karte_SPEICHERN: 


SD card mount successfully!



[0m
[0;32mI (740) SD_Karte_SPEICHERN: INit sdcard success
[0m
Guru Meditation Error: Core  0 panic'ed (LoadProhibited). Exception was unhandled.

Core  0 register dump:
PC      : 0x42015903  PS      : 0x00060930  A0      : 0x8200d9aa  A1      : 0x3fc9e960  
A2      : 0x3c0508fc  A3      : 0x3fc986d4  A4      : 0x00000008  A5      : 0x3c0456a8  
A6      : 0x0000001b  A7      : 0x3fca6574  A8      : 0x3c050954  A9      : 0x00000000  
A10     : 0x00000000  A11     : 0x0000005c  A12     : 0x00000008  A13     : 0x00000000  
A14     : 0x3fc9e890  A15     : 0x0000005c  SAR     : 0x0000001f  EXCCAUSE: 0x0000001c  
EXCVADDR: 0x00000000  LBEG    : 0x400570e8  LEND    : 0x400570f3  LCOUNT  : 0x00000000  


Backtrace: 0x42015900:0x3fc9e960 0x4200d9a7:0x3fc9e9b0 0x4200d183:0x3fc9e9f0 0x4200c1c3:0x3fc9ea30 0x4200c866:0x3fc9ea60 0x4203e4f7:0x3fca0310 0x4037dcfe:0x3fca0340




ELF file SHA256: abb9a59b8

Rebooting...
ESP-ROM:esp32s3-20210327
Build:Mar 27 2021
rst:0xc (RTC_SW_CPU_RST),boot:0x8 (SPI_FAST_FLASH_BOOT)
Saved PC:0x40375a30
SPIWP:0xee
mode:DIO, clock div:1
load:0x3fce3810,len:0x178c
load:0x403c9700,len:0x4
load:0x403c9704,len:0xcb8
load:0x403cc700,len:0x2d84
entry 0x403c9914
[0;32mI (31) boot: ESP-IDF v5.3-dev-422-ga7fbf452fa-dirty 2nd stage bootloader[0m
[0;32mI (31) boot: compile time Nov 30 2023 19:46:02[0m
[0;32mI (32) boot: Multicore bootloader[0m
[0;32mI (36) boot: chip revision: v0.1[0m
[0;32mI (40) boot.esp32s3: Boot SPI Speed : 80MHz[0m
[0;32mI (45) boot.esp32s3: SPI Mode       : DIO[0m
[0;32mI (50) boot.esp32s3: SPI Flash Size : 2MB[0m
[0;32mI (54) boot: Enabling RNG early entropy source...[0m
[0;32mI (60) boot: Partition Table:[0m
[0;32mI (63) boot: ## Label            Usage          Type ST Offset   Length[0m
[0;32mI (71) boot:  0 nvs              WiFi data        01 02 00009000 00006000[0m
[0;32mI (78) boot:  1 phy_init         RF data          01 01 0000f000 00001000[0m
[0;32mI (86) boot:  2 factory          factory app      00 00 00010000 00100000[0m
[0;32mI (93) boot: End of partition table[0m
[0;32mI (97) esp_image: segment 0: paddr=00010020 vaddr=3c040020 size=15824h ( 88100) map[0m
[0;32mI (122) esp_image: segment 1: paddr=0002584c vaddr=3fc98400 size=037f4h ( 14324) load[0m
[0;32mI (125) esp_image: segment 2: paddr=00029048 vaddr=40374000 size=06fd0h ( 28624) load[0m
