ï¿½) boot:ï¿½ESP-ROM:esp32s3-20210327
Build:Mar 27 2021
rst:0x1 (POWERON),boot:0x29 (SPI_FAST_FLASH_BOOT)
SPIWP:0xee
mode:DIO, clock div:1
load:0x3fce3810,len:0x178c
load:0x403c9700,len:0x4
load:0x403c9704,len:0xcb8
load:0x403cc700,len:0x2d84
entry 0x403c9914
[0;32mI (27) boot: ESP-IDF v5.3-dev-422-ga7fbf452fa-dirty 2nd stage bootloader[0m
[0;32mI (27) boot: compile time Dec  5 2023 08:31:41[0m
[0;32mI (28) boot: Multicore bootloader[0m
[0;32mI (32) boot: chip revision: v0.1[0m
[0;32mI (36) boot.esp32s3: Boot SPI Speed : 80MHz[0m
[0;32mI (41) boot.esp32s3: SPI Mode       : DIO[0m
[0;32mI (45) boot.esp32s3: SPI Flash Size : 8MB[0m
[0;32mI (50) boot: Enabling RNG early entropy source...[0m
[0;32mI (56) boot: Partition Table:[0m
[0;32mI (59) boot: ## Label            Usage          Type ST Offset   Length[0m
[0;32mI (66) boot:  0 nvs              WiFi data        01 02 00009000 00006000[0m
[0;32mI (74) boot:  1 phy_init         RF data          01 01 0000f000 00001000[0m
[0;32mI (81) boot:  2 factory          factory app      00 00 00010000 00100000[0m
[0;32mI (89) boot: End of partition table[0m
[0;32mI (93) esp_image: segment 0: paddr=00010020 vaddr=3c090020 size=2337ch (144252) map[0m
[0;32mI (127) esp_image: segment 1: paddr=000333a4 vaddr=3fc97d00 size=04634h ( 17972) load[0m
[0;32mI (131) esp_image: segment 2: paddr=000379e0 vaddr=40374000 size=08638h ( 34360) load[0m
[0;32mI (141) esp_image: segment 3: paddr=00040020 vaddr=42000020 size=83228h (537128) map[0m
[0;32mI (238) esp_image: segment 4: paddr=000c3250 vaddr=4037c638 size=0b60ch ( 46604) load[0m
[0;32mI (257) boot: Loaded app from partition at offset 0x10000[0m
[0;32mI (257) boot: Disabling RNG early entropy source...[0m
[0;32mI (268) cpu_start: Multicore app[0m
[0;32mI (278) cpu_start: Pro cpu start user code[0m
[0;32mI (278) cpu_start: cpu freq: 160000000 Hz[0m
[0;32mI (278) cpu_start: Application information:[0m
[0;32mI (281) cpu_start: Project name:     http_request[0m
[0;32mI (286) cpu_start: App version:      9437ad5-dirty[0m
[0;32mI (292) cpu_start: Compile time:     Dec  5 2023 08:31:31[0m
[0;32mI (298) cpu_start: ELF file SHA256:  b0c0dad27...[0m
[0;32mI (303) cpu_start: ESP-IDF:          v5.3-dev-422-ga7fbf452fa-dirty[0m
[0;32mI (310) cpu_start: Min chip rev:     v0.0[0m
[0;32mI (315) cpu_start: Max chip rev:     v0.99 [0m
[0;32mI (320) cpu_start: Chip rev:         v0.1[0m
[0;32mI (324) heap_init: Initializing. RAM available for dynamic allocation:[0m
[0;32mI (332) heap_init: At 3FCA02B8 len 00049458 (293 KiB): RAM[0m
[0;32mI (338) heap_init: At 3FCE9710 len 00005724 (21 KiB): RAM[0m
[0;32mI (344) heap_init: At 3FCF0000 len 00008000 (32 KiB): DRAM[0m
[0;32mI (350) heap_init: At 600FE010 len 00001FD8 (7 KiB): RTCRAM[0m
[0;32mI (357) spi_flash: detected chip: gd[0m
[0;32mI (360) spi_flash: flash io: dio[0m
[0;32mI (365) sleep: Configure to isolate all GPIO pins in sleep state[0m
[0;32mI (371) sleep: Enable automatic switching of GPIO sleep configuration[0m
[0;32mI (379) main_task: Started on CPU0[0m
[0;32mI (389) main_task: Calling app_main()[0m
[0;32mI (409) example_connect: Start example_connect.[0m
[0;32mI (409) pp: pp rom version: e7ae62f[0m
[0;32mI (419) net80211: net80211 rom version: e7ae62f[0m
I (429) wifi:wifi driver task: 3fcaa0d0, prio:23, stack:6656, core=0
I (429) wifi:wifi firmware version: 639ccf2
I (429) wifi:wifi certification version: v7.0
I (429) wifi:config NVS flash: enabled
I (439) wifi:config nano formating: disabled
I (439) wifi:Init data frame dynamic rx buffer num: 32
I (439) wifi:Init static rx mgmt buffer num: 5
I (449) wifi:Init management short buffer num: 32
I (449) wifi:Init dynamic tx buffer num: 32
I (459) wifi:Init static tx FG buffer num: 2
I (459) wifi:Init static rx buffer size: 1600
I (469) wifi:Init static rx buffer num: 10
I (469) wifi:Init dynamic rx buffer num: 32
[0;32mI (469) wifi_init: rx ba win: 6[0m
[0;32mI (479) wifi_init: tcpip mbox: 32[0m
[0;32mI (479) wifi_init: udp mbox: 6[0m
[0;32mI (479) wifi_init: tcp mbox: 6[0m
[0;32mI (489) wifi_init: tcp tx win: 5760[0m
[0;32mI (489) wifi_init: tcp rx win: 5760[0m
[0;32mI (499) wifi_init: tcp mss: 1440[0m
[0;32mI (499) wifi_init: WiFi IRAM OP enabled[0m
[0;32mI (499) wifi_init: WiFi RX IRAM OP enabled[0m
[0;32mI (509) phy_init: phy_version 620,ec7ec30,Sep  5 2023,13:49:13[0m
I (589) wifi:mode : sta (34:85:18:a6:72:3c)
I (589) wifi:enable tsf
[0;32mI (589) example_connect: Connecting to 513handsome_man...[0m
[0;32mI (599) example_connect: Waiting for IP(s)[0m
I (2999) wifi:new:<7,1>, old:<1,0>, ap:<255,255>, sta:<7,1>, prof:1
I (3509) wifi:state: init -> auth (b0)
I (3509) wifi:state: auth -> assoc (0)
I (3519) wifi:state: assoc -> run (10)
I (3519) wifi:<ba-add>idx:0 (ifx:0, 40:b0:76:c5:4d:48), tid:0, ssn:0, winSize:64
I (3539) wifi:connected with 513handsome_man, aid = 2, channel 7, 40U, bssid = 40:b0:76:c5:4d:48
I (3539) wifi:security: WPA2-PSK, phy: bgn, rssi: -33
I (3539) wifi:pm start, type: 1

I (3539) wifi:dp: 1, bi: 102400, li: 3, scale listen interval from 307200 us to 307200 us
I (3549) wifi:set rx beacon pti, rx_bcn_pti: 0, bcn_timeout: 25000, mt_pti: 0, mt_time: 10000
I (3609) wifi:AP's beacon interval = 102400 us, DTIM period = 3
[0;32mI (4559) esp_netif_handlers: example_netif_sta ip: 192.168.50.121, mask: 255.255.255.0, gw: 192.168.50.1[0m
[0;32mI (4559) example_connect: Got IPv4 event: Interface "example_netif_sta" address: 192.168.50.121[0m
[0;32mI (5409) example_connect: Got IPv6 event: Interface "example_netif_sta" address: fe80:0000:0000:0000:3685:18ff:fea6:723c, type: ESP_IP6_ADDR_IS_LINK_LOCAL[0m
[0;32mI (5409) example_common: Connected to example_netif_sta[0m
[0;32mI (5419) example_common: - IPv4 address: 192.168.50.121,[0m
[0;32mI (5419) example_common: - IPv6 address: fe80:0000:0000:0000:3685:18ff:fea6:723c, type: ESP_IP6_ADDR_IS_LINK_LOCAL[0m
[0;32mI (5429) example: DNS lookup succeeded. IP=192.168.50.120[0m
[0;32mI (5439) example: ... allocated socket[0m
[0;32mI (5449) main_task: Returned from app_main()[0m
[0;32mI (5459) example: ... connected[0m
[0;32mI (5459) example: ... socket send success[0m
[0;32mI (5459) example: ... set socket receiving timeout success[0m
HTTP/1.1 200 OK
Server: Werkzeug/3.0.1 Python/3.11.2
Date: Tue, 05 Dec 2023 00:39:44 GMT
Content-Type: application/json
Content-Length: 44
Connection: close

{
  "key": "healthcheck",
  "status": 200
}
[0;32mI (5499) example: ... done reading from socket. Last read return=0 errno=128.[0m
[0;32mI (5509) example: 10... [0m
[0;32mI (6509) example: 9... [0m
[0;32mI (7509) example: 8... [0m
[0;32mI (8509) example: 7... [0m
[0;32mI (9509) example: 6... [0m
[0;32mI (10509) example: 5... [0m
[0;32mI (11509) example: 4... [0m
[0;32mI (12509) example: 3... [0m
[0;32mI (13509) example: 2... [0m
[0;32mI (14509) example: 1... [0m
[0;32mI (15509) example: 0... [0m
[0;32mI (16509) example: Starting again![0m
[0;32mI (16509) example: DNS lookup succeeded. IP=192.168.50.120[0m
[0;32mI (16509) example: ... allocated socket[0m
[0;32mI (16509) example: ... connected[0m
[0;32mI (16509) example: ... socket send success[0m
[0;32mI (16519) example: ... set socket receiving timeout success[0m
HTTP/1.1 200 OK
Server: Werkzeug/3.0.1 Python/3.11.2
Date: Tue, 05 Dec 2023 00:39:55 GMT
Content-Type: application/json
Content-Length: 44
Connection: close

{
  "key": "healthcheck",
  "status": 200
}
[0;32mI (16539) example: ... done reading from socket. Last read return=0 errno=128.[0m
[0;32mI (16549) example: 10... [0m
[0;32mI (17549) example: 9... [0m
